Archive member included to satisfy reference by file (symbol)

d:/10 2021.10/bin/../lib/gcc/arm-none-eabi/10.3.1/../../../../arm-none-eabi/lib/thumb/v7-m/nofp\libc_nano.a(lib_a-atof.o)
                              build/l70.o (atof)
d:/10 2021.10/bin/../lib/gcc/arm-none-eabi/10.3.1/../../../../arm-none-eabi/lib/thumb/v7-m/nofp\libc_nano.a(lib_a-exit.o)
                              d:/10 2021.10/bin/../lib/gcc/arm-none-eabi/10.3.1/../../../../arm-none-eabi/lib/thumb/v7-m/nofp/crt0.o (exit)
d:/10 2021.10/bin/../lib/gcc/arm-none-eabi/10.3.1/../../../../arm-none-eabi/lib/thumb/v7-m/nofp\libc_nano.a(lib_a-impure.o)
                              d:/10 2021.10/bin/../lib/gcc/arm-none-eabi/10.3.1/../../../../arm-none-eabi/lib/thumb/v7-m/nofp\libc_nano.a(lib_a-exit.o) (_global_impure_ptr)
d:/10 2021.10/bin/../lib/gcc/arm-none-eabi/10.3.1/../../../../arm-none-eabi/lib/thumb/v7-m/nofp\libc_nano.a(lib_a-init.o)
                              d:/10 2021.10/bin/../lib/gcc/arm-none-eabi/10.3.1/../../../../arm-none-eabi/lib/thumb/v7-m/nofp/crt0.o (__libc_init_array)
d:/10 2021.10/bin/../lib/gcc/arm-none-eabi/10.3.1/../../../../arm-none-eabi/lib/thumb/v7-m/nofp\libc_nano.a(lib_a-memcpy-stub.o)
                              build/sim800c.o (memcpy)
d:/10 2021.10/bin/../lib/gcc/arm-none-eabi/10.3.1/../../../../arm-none-eabi/lib/thumb/v7-m/nofp\libc_nano.a(lib_a-memset.o)
                              d:/10 2021.10/bin/../lib/gcc/arm-none-eabi/10.3.1/../../../../arm-none-eabi/lib/thumb/v7-m/nofp/crt0.o (memset)
d:/10 2021.10/bin/../lib/gcc/arm-none-eabi/10.3.1/../../../../arm-none-eabi/lib/thumb/v7-m/nofp\libc_nano.a(lib_a-sprintf.o)
                              build/main.o (sprintf)
d:/10 2021.10/bin/../lib/gcc/arm-none-eabi/10.3.1/../../../../arm-none-eabi/lib/thumb/v7-m/nofp\libc_nano.a(lib_a-sscanf.o)
                              build/l70.o (sscanf)
d:/10 2021.10/bin/../lib/gcc/arm-none-eabi/10.3.1/../../../../arm-none-eabi/lib/thumb/v7-m/nofp\libc_nano.a(lib_a-stdio.o)
                              d:/10 2021.10/bin/../lib/gcc/arm-none-eabi/10.3.1/../../../../arm-none-eabi/lib/thumb/v7-m/nofp\libc_nano.a(lib_a-sscanf.o) (__seofread)
d:/10 2021.10/bin/../lib/gcc/arm-none-eabi/10.3.1/../../../../arm-none-eabi/lib/thumb/v7-m/nofp\libc_nano.a(lib_a-strchr.o)
                              build/sim800c.o (strchr)
d:/10 2021.10/bin/../lib/gcc/arm-none-eabi/10.3.1/../../../../arm-none-eabi/lib/thumb/v7-m/nofp\libc_nano.a(lib_a-strlen.o)
                              build/sim800c.o (strlen)
d:/10 2021.10/bin/../lib/gcc/arm-none-eabi/10.3.1/../../../../arm-none-eabi/lib/thumb/v7-m/nofp\libc_nano.a(lib_a-strstr.o)
                              build/sim800c.o (strstr)
d:/10 2021.10/bin/../lib/gcc/arm-none-eabi/10.3.1/../../../../arm-none-eabi/lib/thumb/v7-m/nofp\libc_nano.a(lib_a-strtod.o)
                              d:/10 2021.10/bin/../lib/gcc/arm-none-eabi/10.3.1/../../../../arm-none-eabi/lib/thumb/v7-m/nofp\libc_nano.a(lib_a-atof.o) (strtod)
d:/10 2021.10/bin/../lib/gcc/arm-none-eabi/10.3.1/../../../../arm-none-eabi/lib/thumb/v7-m/nofp\libc_nano.a(lib_a-writer.o)
                              d:/10 2021.10/bin/../lib/gcc/arm-none-eabi/10.3.1/../../../../arm-none-eabi/lib/thumb/v7-m/nofp\libc_nano.a(lib_a-stdio.o) (_write_r)
d:/10 2021.10/bin/../lib/gcc/arm-none-eabi/10.3.1/../../../../arm-none-eabi/lib/thumb/v7-m/nofp\libc_nano.a(lib_a-closer.o)
                              d:/10 2021.10/bin/../lib/gcc/arm-none-eabi/10.3.1/../../../../arm-none-eabi/lib/thumb/v7-m/nofp\libc_nano.a(lib_a-stdio.o) (_close_r)
d:/10 2021.10/bin/../lib/gcc/arm-none-eabi/10.3.1/../../../../arm-none-eabi/lib/thumb/v7-m/nofp\libc_nano.a(lib_a-gdtoa-gethex.o)
                              d:/10 2021.10/bin/../lib/gcc/arm-none-eabi/10.3.1/../../../../arm-none-eabi/lib/thumb/v7-m/nofp\libc_nano.a(lib_a-strtod.o) (__gethex)
d:/10 2021.10/bin/../lib/gcc/arm-none-eabi/10.3.1/../../../../arm-none-eabi/lib/thumb/v7-m/nofp\libc_nano.a(lib_a-gdtoa-hexnan.o)
                              d:/10 2021.10/bin/../lib/gcc/arm-none-eabi/10.3.1/../../../../arm-none-eabi/lib/thumb/v7-m/nofp\libc_nano.a(lib_a-strtod.o) (__match)
d:/10 2021.10/bin/../lib/gcc/arm-none-eabi/10.3.1/../../../../arm-none-eabi/lib/thumb/v7-m/nofp\libc_nano.a(lib_a-lnumeric.o)
                              d:/10 2021.10/bin/../lib/gcc/arm-none-eabi/10.3.1/../../../../arm-none-eabi/lib/thumb/v7-m/nofp\libc_nano.a(lib_a-strtod.o) (_C_numeric_locale)
d:/10 2021.10/bin/../lib/gcc/arm-none-eabi/10.3.1/../../../../arm-none-eabi/lib/thumb/v7-m/nofp\libc_nano.a(lib_a-locale.o)
                              d:/10 2021.10/bin/../lib/gcc/arm-none-eabi/10.3.1/../../../../arm-none-eabi/lib/thumb/v7-m/nofp\libc_nano.a(lib_a-strtod.o) (__global_locale)
d:/10 2021.10/bin/../lib/gcc/arm-none-eabi/10.3.1/../../../../arm-none-eabi/lib/thumb/v7-m/nofp\libc_nano.a(lib_a-lseekr.o)
[...]
Memory Configuration

Name             Origin             Length             Attributes
RAM              0x20000000         0x00005000         xrw
FLASH            0x08000000         0x00010000         xr
*default*        0x00000000         0xffffffff

Linker script and memory map

LOAD d:/10 2021.10/bin/../lib/gcc/arm-none-eabi/10.3.1/thumb/v7-m/nofp/crti.o
LOAD d:/10 2021.10/bin/../lib/gcc/arm-none-eabi/10.3.1/thumb/v7-m/nofp/crtbegin.o
LOAD d:/10 2021.10/bin/../lib/gcc/arm-none-eabi/10.3.1/../../../../arm-none-eabi/lib/thumb/v7-m/nofp/crt0.o
LOAD build/main.o
LOAD build/sim800c.o
LOAD build/l70.o
LOAD build/stm32f1xx_it.o
LOAD build/stm32f1xx_hal_msp.o
LOAD build/stm32f1xx_hal_gpio_ex.o
LOAD build/stm32f1xx_hal_adc.o
LOAD build/stm32f1xx_hal_adc_ex.o
LOAD build/stm32f1xx_hal.o
LOAD build/stm32f1xx_hal_rcc.o
LOAD build/stm32f1xx_hal_rcc_ex.o
LOAD build/stm32f1xx_hal_gpio.o
LOAD build/stm32f1xx_hal_dma.o
LOAD build/stm32f1xx_hal_cortex.o
LOAD build/stm32f1xx_hal_pwr.o
LOAD build/stm32f1xx_hal_flash.o
LOAD build/stm32f1xx_hal_flash_ex.o
LOAD build/stm32f1xx_hal_exti.o
LOAD build/stm32f1xx_hal_tim.o
LOAD build/stm32f1xx_hal_tim_ex.o
LOAD build/stm32f1xx_hal_uart.o
LOAD build/system_stm32f1xx.o
LOAD build/gpio.o
LOAD build/adc.o
LOAD build/tim.o
LOAD build/usart.o
LOAD build/startup_stm32f103xb.o
LOAD d:/10 2021.10/bin/../lib/gcc/arm-none-eabi/10.3.1/../../../../arm-none-eabi/lib/thumb/v7-m/nofp\libc_nano.a
LOAD d:/10 2021.10/bin/../lib/gcc/arm-none-eabi/10.3.1/../../../../arm-none-eabi/lib/thumb/v7-m/nofp\libm.a
LOAD d:/10 2021.10/bin/../lib/gcc/arm-none-eabi/10.3.1/../../../../arm-none-eabi/lib/thumb/v7-m/nofp\libnosys.a
START GROUP
LOAD d:/10 2021.10/bin/../lib/gcc/arm-none-eabi/10.3.1/thumb/v7-m/nofp\libgcc.a
LOAD d:/10 2021.10/bin/../lib/gcc/arm-none-eabi/10.3.1/../../../../arm-none-eabi/lib/thumb/v7-m/nofp\libc_nano.a
END GROUP
START GROUP
LOAD d:/10 2021.10/bin/../lib/gcc/arm-none-eabi/10.3.1/thumb/v7-m/nofp\libgcc.a
LOAD d:/10 2021.10/bin/../lib/gcc/arm-none-eabi/10.3.1/../../../../arm-none-eabi/lib/thumb/v7-m/nofp\libc_nano.a
END GROUP
LOAD d:/10 2021.10/bin/../lib/gcc/arm-none-eabi/10.3.1/thumb/v7-m/nofp/crtend.o
LOAD d:/10 2021.10/bin/../lib/gcc/arm-none-eabi/10.3.1/thumb/v7-m/nofp/crtn.o
                0x20005000                _estack = 0x20005000
                0x00000200                _Min_Heap_Size = 0x200
                0x00000400                _Min_Stack_Size = 0x400

.isr_vector     0x08000000      0x10c
                0x08000000                . = ALIGN (0x4)
 *(.isr_vector)
 .isr_vector    0x08000000      0x10c build/startup_stm32f103xb.o
                0x08000000                g_pfnVectors
                0x0800010c                . = ALIGN (0x4)

.text           0x08000110     0x81b4
                0x08000110                . = ALIGN (0x4)
 *(.text)
 .text          0x08000110       0x40 d:/10 2021.10/bin/../lib/gcc/arm-none-eabi/10.3.1/thumb/v7-m/nofp/crtbegin.o
 .text          0x08000150       0x10 d:/10 2021.10/bin/../lib/gcc/arm-none-eabi/10.3.1/../../../../arm-none-eabi/lib/thumb/v7-m/nofp\libc_nano.a(lib_a-strlen.o)
                0x08000150                strlen
 .text          0x08000160      0x378 d:/10 2021.10/bin/../lib/gcc/arm-none-eabi/10.3.1/thumb/v7-m/nofp\libgcc.a(_arm_addsubdf3.o)
                0x08000160                __aeabi_drsub
                0x08000168                __aeabi_dsub
                0x08000168                __subdf3
                0x0800016c                __aeabi_dadd
                0x0800016c                __adddf3
                0x080003e4                __floatunsidf
                0x080003e4                __aeabi_ui2d
                0x08000404                __floatsidf
                0x08000404                __aeabi_i2d
                0x08000428                __aeabi_f2d
                0x08000428                __extendsfdf2
                0x0800046c                __floatundidf
                0x0800046c                __aeabi_ul2d
                0x0800047c                __floatdidf
                0x0800047c                __aeabi_l2d
 .text          0x080004d8      0x424 d:/10 2021.10/bin/../lib/gcc/arm-none-eabi/10.3.1/thumb/v7-m/nofp\libgcc.a(_arm_muldivdf3.o)
                0x080004d8                __aeabi_dmul
                0x080004d8                __muldf3
                0x0800072c                __divdf3
                0x0800072c                __aeabi_ddiv
 .text          0x080008fc      0x110 d:/10 2021.10/bin/../lib/gcc/arm-none-eabi/10.3.1/thumb/v7-m/nofp\libgcc.a(_arm_cmpdf2.o)
                0x080008fc                __gtdf2
                0x080008fc                __gedf2
                0x08000904                __ltdf2
                0x08000904                __ledf2
                0x0800090c                __nedf2
                0x0800090c                __eqdf2
                0x0800090c                __cmpdf2
                0x08000988                __aeabi_cdrcmple
                0x08000998                __aeabi_cdcmpeq
                0x08000998                __aeabi_cdcmple
                0x080009a8                __aeabi_dcmpeq
                0x080009bc                __aeabi_dcmplt
                0x080009d0                __aeabi_dcmple
                0x080009e4                __aeabi_dcmpge
                0x080009f8                __aeabi_dcmpgt
 .text          0x08000a0c       0x2c d:/10 2021.10/bin/../lib/gcc/arm-none-eabi/10.3.1/thumb/v7-m/nofp\libgcc.a(_arm_unorddf2.o)
                0x08000a0c                __unorddf2
                0x08000a0c                __aeabi_dcmpun
 .text          0x08000a38       0x50 d:/10 2021.10/bin/../lib/gcc/arm-none-eabi/10.3.1/thumb/v7-m/nofp\libgcc.a(_arm_fixdfsi.o)
                0x08000a38                __aeabi_d2iz
                0x08000a38                __fixdfsi
 .text          0x08000a88       0x40 d:/10 2021.10/bin/../lib/gcc/arm-none-eabi/10.3.1/thumb/v7-m/nofp\libgcc.a(_arm_fixunsdfsi.o)
                0x08000a88                __aeabi_d2uiz
                0x08000a88                __fixunsdfsi
 .text          0x08000ac8       0xa0 d:/10 2021.10/bin/../lib/gcc/arm-none-eabi/10.3.1/thumb/v7-m/nofp\libgcc.a(_arm_truncdfsf2.o)
                0x08000ac8                __truncdfsf2
                0x08000ac8                __aeabi_d2f
 .text          0x08000b68      0x21c d:/10 2021.10/bin/../lib/gcc/arm-none-eabi/10.3.1/thumb/v7-m/nofp\libgcc.a(_arm_addsubsf3.o)
                0x08000b68                __aeabi_frsub
                0x08000b70                __subsf3
                0x08000b70                __aeabi_fsub
                0x08000b74                __aeabi_fadd
                0x08000b74                __addsf3
                0x08000cd4                __aeabi_ui2f
                0x08000cd4                __floatunsisf
                0x08000cdc                __aeabi_i2f
                0x08000cdc                __floatsisf
                0x08000cf8                __aeabi_ul2f
                0x08000cf8                __floatundisf
                0x08000d08                __aeabi_l2f
                0x08000d08                __floatdisf
 .text          0x08000d84       0x4c d:/10 2021.10/bin/../lib/gcc/arm-none-eabi/10.3.1/thumb/v7-m/nofp\libgcc.a(_arm_fixsfsi.o)
                0x08000d84                __aeabi_f2iz
                0x08000d84                __fixsfsi
 .text          0x08000dd0       0x34 d:/10 2021.10/bin/../lib/gcc/arm-none-eabi/10.3.1/thumb/v7-m/nofp\libgcc.a(_fixdfdi.o)
                0x08000dd0                __fixdfdi
                0x08000dd0                __aeabi_d2lz
 .text          0x08000e04       0x3c d:/10 2021.10/bin/../lib/gcc/arm-none-eabi/10.3.1/thumb/v7-m/nofp\libgcc.a(_fixunsdfdi.o)
                0x08000e04                __fixunsdfdi
                0x08000e04                __aeabi_d2ulz
 *(.text*)
 .text.HAL_UART_RxCpltCallback
                0x08000e40       0x38 build/main.o
                0x08000e40                HAL_UART_RxCpltCallback
 .text.HAL_TIM_PeriodElapsedCallback
                0x08000e78       0x68 build/main.o
                0x08000e78                HAL_TIM_PeriodElapsedCallback
 .text.Error_Handler
                0x08000ee0        0x4 build/main.o
                0x08000ee0                Error_Handler
 .text.SystemClock_Config
                0x08000ee4       0x84 build/main.o
                0x08000ee4                SystemClock_Config
 .text.HAL_GPIO_EXTI_Callback
                0x08000f68      0x154 build/main.o
                0x08000f68                HAL_GPIO_EXTI_Callback
 .text.main     0x080010bc       0xe4 build/main.o
                0x080010bc                main
 .text.sim800c_callback
                0x080011a0       0x68 build/sim800c.o
                0x080011a0                sim800c_callback
 .text.sim800c_timerCallback
                0x08001208       0x74 build/sim800c.o
                0x08001208                sim800c_timerCallback
 .text.sim800c_sleep
                0x0800127c       0x18 build/sim800c.o
                0x0800127c                sim800c_sleep
 .text.reverse  0x08001294       0x1c build/l70.o
                0x08001294                reverse
 .text.intToStr
                0x080012b0       0x54 build/l70.o
                0x080012b0                intToStr
 .text.ftoa     0x08001304       0x74 build/l70.o
                0x08001304                ftoa
 .text.l70_callback
                0x08001378       0x90 build/l70.o
                0x08001378                l70_callback
 .text.l70_receiveGPS
                0x08001408       0x40 build/l70.o
                0x08001408                l70_receiveGPS
 .text.l70_init
                0x08001448       0x18 build/l70.o
                0x08001448                l70_init
 .text.l70_handleGPS
                0x08001460      0x140 build/l70.o
                0x08001460                l70_handleGPS
 .text.NMI_Handler
                0x080015a0        0x2 build/stm32f1xx_it.o
                0x080015a0                NMI_Handler
 .text.HardFault_Handler
                0x080015a2        0x2 build/stm32f1xx_it.o
                0x080015a2                HardFault_Handler
 .text.MemManage_Handler
                0x080015a4        0x2 build/stm32f1xx_it.o
                0x080015a4                MemManage_Handler
 .text.BusFault_Handler
                0x080015a6        0x2 build/stm32f1xx_it.o
                0x080015a6                BusFault_Handler
 .text.UsageFault_Handler
                0x080015a8        0x2 build/stm32f1xx_it.o
                0x080015a8                UsageFault_Handler
 .text.SVC_Handler
                0x080015aa        0x2 build/stm32f1xx_it.o
                0x080015aa                SVC_Handler
 .text.DebugMon_Handler
                0x080015ac        0x2 build/stm32f1xx_it.o
                0x080015ac                DebugMon_Handler
 .text.PendSV_Handler
                0x080015ae        0x2 build/stm32f1xx_it.o
                0x080015ae                PendSV_Handler
 .text.SysTick_Handler
                0x080015b0        0x8 build/stm32f1xx_it.o
                0x080015b0                SysTick_Handler
 .text.EXTI1_IRQHandler
                0x080015b8        0xa build/stm32f1xx_it.o
                0x080015b8                EXTI1_IRQHandler
 .text.EXTI2_IRQHandler
                0x080015c2        0xa build/stm32f1xx_it.o
                0x080015c2                EXTI2_IRQHandler
 .text.TIM1_UP_IRQHandler
                0x080015cc       0x10 build/stm32f1xx_it.o
                0x080015cc                TIM1_UP_IRQHandler
 .text.TIM2_IRQHandler
                0x080015dc       0x10 build/stm32f1xx_it.o
                0x080015dc                TIM2_IRQHandler
 .text.TIM3_IRQHandler
                0x080015ec       0x10 build/stm32f1xx_it.o
                0x080015ec                TIM3_IRQHandler
 .text.USART2_IRQHandler
                0x080015fc       0x10 build/stm32f1xx_it.o
                0x080015fc                USART2_IRQHandler
 .text.USART3_IRQHandler
                0x0800160c       0x10 build/stm32f1xx_it.o
                0x0800160c                USART3_IRQHandler
 .text.HAL_MspInit
                0x0800161c       0x44 build/stm32f1xx_hal_msp.o
                0x0800161c                HAL_MspInit
 .text.HAL_ADC_GetValue
                0x08001660        0x6 build/stm32f1xx_hal_adc.o
                0x08001660                HAL_ADC_GetValue
 *fill*         0x08001666        0x2 
 .text.HAL_ADC_ConfigChannel
                0x08001668      0x144 build/stm32f1xx_hal_adc.o
                0x08001668                HAL_ADC_ConfigChannel
 .text.ADC_Enable
                0x080017ac       0x88 build/stm32f1xx_hal_adc.o
                0x080017ac                ADC_Enable
 .text.HAL_ADC_Start
                0x08001834       0xe8 build/stm32f1xx_hal_adc.o
                0x08001834                HAL_ADC_Start
 .text.ADC_ConversionStop_Disable
                0x0800191c       0x56 build/stm32f1xx_hal_adc.o
                0x0800191c                ADC_ConversionStop_Disable
 *fill*         0x08001972        0x2 
 .text.HAL_ADC_Init
                0x08001974      0x108 build/stm32f1xx_hal_adc.o
                0x08001974                HAL_ADC_Init
 .text.HAL_InitTick
                0x08001a7c       0x4c build/stm32f1xx_hal.o
                0x08001a7c                HAL_InitTick
 .text.HAL_Init
                0x08001ac8       0x24 build/stm32f1xx_hal.o
                0x08001ac8                HAL_Init
 .text.HAL_IncTick
                0x08001aec       0x18 build/stm32f1xx_hal.o
                0x08001aec                HAL_IncTick
 .text.HAL_GetTick
                0x08001b04        0xc build/stm32f1xx_hal.o
                0x08001b04                HAL_GetTick
 .text.HAL_Delay
                0x08001b10       0x28 build/stm32f1xx_hal.o
                0x08001b10                HAL_Delay
 .text.HAL_SuspendTick
                0x08001b38        0xe build/stm32f1xx_hal.o
                0x08001b38                HAL_SuspendTick
 .text.HAL_ResumeTick
                0x08001b46        0xe build/stm32f1xx_hal.o
                0x08001b46                HAL_ResumeTick
 .text.RCC_Delay
                0x08001b54       0x2c build/stm32f1xx_hal_rcc.o
 .text.HAL_RCC_OscConfig
                0x08001b80      0x410 build/stm32f1xx_hal_rcc.o
                0x08001b80                HAL_RCC_OscConfig
 .text.HAL_RCC_GetSysClockFreq
                0x08001f90       0x70 build/stm32f1xx_hal_rcc.o
                0x08001f90                HAL_RCC_GetSysClockFreq
 .text.HAL_RCC_ClockConfig
                0x08002000      0x16c build/stm32f1xx_hal_rcc.o
                0x08002000                HAL_RCC_ClockConfig
 .text.HAL_RCC_GetHCLKFreq
                0x0800216c        0xc build/stm32f1xx_hal_rcc.o
                0x0800216c                HAL_RCC_GetHCLKFreq
 .text.HAL_RCC_GetPCLK1Freq
                0x08002178       0x20 build/stm32f1xx_hal_rcc.o
                0x08002178                HAL_RCC_GetPCLK1Freq
 .text.HAL_RCC_GetPCLK2Freq
                0x08002198       0x20 build/stm32f1xx_hal_rcc.o
                0x08002198                HAL_RCC_GetPCLK2Freq
 .text.HAL_RCCEx_PeriphCLKConfig
                0x080021b8      0x118 build/stm32f1xx_hal_rcc_ex.o
                0x080021b8                HAL_RCCEx_PeriphCLKConfig
 .text.HAL_GPIO_Init
                0x080022d0      0x224 build/stm32f1xx_hal_gpio.o
                0x080022d0                HAL_GPIO_Init
 .text.HAL_GPIO_WritePin
                0x080024f4        0xc build/stm32f1xx_hal_gpio.o
                0x080024f4                HAL_GPIO_WritePin
 .text.HAL_GPIO_EXTI_IRQHandler
                0x08002500       0x1c build/stm32f1xx_hal_gpio.o
                0x08002500                HAL_GPIO_EXTI_IRQHandler
 .text.HAL_DMA_Abort
                0x0800251c       0x44 build/stm32f1xx_hal_dma.o
                0x0800251c                HAL_DMA_Abort
 .text.HAL_DMA_Abort_IT
                0x08002560       0x98 build/stm32f1xx_hal_dma.o
                0x08002560                HAL_DMA_Abort_IT
 .text.HAL_NVIC_SetPriorityGrouping
                0x080025f8       0x24 build/stm32f1xx_hal_cortex.o
                0x080025f8                HAL_NVIC_SetPriorityGrouping
 .text.HAL_NVIC_SetPriority
                0x0800261c       0x70 build/stm32f1xx_hal_cortex.o
                0x0800261c                HAL_NVIC_SetPriority
 .text.HAL_NVIC_EnableIRQ
                0x0800268c       0x1c build/stm32f1xx_hal_cortex.o
                0x0800268c                HAL_NVIC_EnableIRQ
 .text.HAL_SYSTICK_Config
                0x080026a8       0x28 build/stm32f1xx_hal_cortex.o
                0x080026a8                HAL_SYSTICK_Config
 .text.PWR_OverloadWfe
                0x080026d0        0x6 build/stm32f1xx_hal_pwr.o
 *fill*         0x080026d6        0x2 
 .text.HAL_PWR_EnterSTOPMode
                0x080026d8       0x48 build/stm32f1xx_hal_pwr.o
                0x080026d8                HAL_PWR_EnterSTOPMode
 .text.HAL_PWR_EnableSleepOnExit
                0x08002720       0x10 build/stm32f1xx_hal_pwr.o
                0x08002720                HAL_PWR_EnableSleepOnExit
 .text.HAL_PWR_DisableSleepOnExit
                0x08002730       0x10 build/stm32f1xx_hal_pwr.o
                0x08002730                HAL_PWR_DisableSleepOnExit
 .text.TIM_TI1_ConfigInputStage
                0x08002740       0x24 build/stm32f1xx_hal_tim.o
 .text.TIM_TI2_ConfigInputStage
                0x08002764       0x26 build/stm32f1xx_hal_tim.o
 .text.TIM_ITRx_SetConfig
                0x0800278a       0x10 build/stm32f1xx_hal_tim.o
 *fill*         0x0800279a        0x2 
 .text.HAL_TIM_Base_Start_IT
                0x0800279c       0x68 build/stm32f1xx_hal_tim.o
                0x0800279c                HAL_TIM_Base_Start_IT
 .text.HAL_TIM_Base_Stop_IT
                0x08002804       0x32 build/stm32f1xx_hal_tim.o
                0x08002804                HAL_TIM_Base_Stop_IT
 .text.HAL_TIM_OC_DelayElapsedCallback
                0x08002836        0x2 build/stm32f1xx_hal_tim.o
                0x08002836                HAL_TIM_OC_DelayElapsedCallback
 .text.HAL_TIM_IC_CaptureCallback
                0x08002838        0x2 build/stm32f1xx_hal_tim.o
                0x08002838                HAL_TIM_IC_CaptureCallback
 .text.HAL_TIM_PWM_PulseFinishedCallback
                0x0800283a        0x2 build/stm32f1xx_hal_tim.o
                0x0800283a                HAL_TIM_PWM_PulseFinishedCallback
 .text.HAL_TIM_TriggerCallback
                0x0800283c        0x2 build/stm32f1xx_hal_tim.o
                0x0800283c                HAL_TIM_TriggerCallback
 .text.HAL_TIM_IRQHandler
                0x0800283e      0x17a build/stm32f1xx_hal_tim.o
                0x0800283e                HAL_TIM_IRQHandler
 .text.TIM_Base_SetConfig
                0x080029b8       0x74 build/stm32f1xx_hal_tim.o
                0x080029b8                TIM_Base_SetConfig
 .text.HAL_TIM_Base_Init
                0x08002a2c       0x58 build/stm32f1xx_hal_tim.o
                0x08002a2c                HAL_TIM_Base_Init
 .text.TIM_ETR_SetConfig
                0x08002a84       0x18 build/stm32f1xx_hal_tim.o
                0x08002a84                TIM_ETR_SetConfig
 .text.HAL_TIM_ConfigClockSource
                0x08002a9c       0xda build/stm32f1xx_hal_tim.o
                0x08002a9c                HAL_TIM_ConfigClockSource
 *fill*         0x08002b76        0x2 
 .text.HAL_TIMEx_MasterConfigSynchronization
                0x08002b78       0x6c build/stm32f1xx_hal_tim_ex.o
                0x08002b78                HAL_TIMEx_MasterConfigSynchronization
 .text.HAL_TIMEx_CommutCallback
                0x08002be4        0x2 build/stm32f1xx_hal_tim_ex.o
                0x08002be4                HAL_TIMEx_CommutCallback
 .text.HAL_TIMEx_BreakCallback
                0x08002be6        0x2 build/stm32f1xx_hal_tim_ex.o
                0x08002be6                HAL_TIMEx_BreakCallback
 .text.UART_EndRxTransfer
                0x08002be8       0x32 build/stm32f1xx_hal_uart.o
 .text.UART_Transmit_IT
                0x08002c1a       0x60 build/stm32f1xx_hal_uart.o
 *fill*         0x08002c7a        0x2 
 .text.UART_SetConfig
                0x08002c7c       0x94 build/stm32f1xx_hal_uart.o
 .text.UART_WaitOnFlagUntilTimeout
                0x08002d10       0x6c build/stm32f1xx_hal_uart.o
 .text.HAL_UART_Init
                0x08002d7c       0x5e build/stm32f1xx_hal_uart.o
                0x08002d7c                HAL_UART_Init
 .text.HAL_UART_Transmit
                0x08002dda       0xd8 build/stm32f1xx_hal_uart.o
                0x08002dda                HAL_UART_Transmit
 .text.HAL_UART_Transmit_IT
                0x08002eb2       0x4e build/stm32f1xx_hal_uart.o
                0x08002eb2                HAL_UART_Transmit_IT
 .text.HAL_UART_TxCpltCallback
                0x08002f00        0x2 build/stm32f1xx_hal_uart.o
                0x08002f00                HAL_UART_TxCpltCallback
 .text.UART_EndTransmit_IT
                0x08002f02       0x1a build/stm32f1xx_hal_uart.o
 .text.HAL_UART_ErrorCallback
                0x08002f1c        0x2 build/stm32f1xx_hal_uart.o
                0x08002f1c                HAL_UART_ErrorCallback
 .text.UART_DMAAbortOnError
                0x08002f1e       0x10 build/stm32f1xx_hal_uart.o
 .text.HAL_UARTEx_RxEventCallback
                0x08002f2e        0x2 build/stm32f1xx_hal_uart.o
                0x08002f2e                HAL_UARTEx_RxEventCallback
 .text.UART_Receive_IT
                0x08002f30       0xd4 build/stm32f1xx_hal_uart.o
 .text.HAL_UART_IRQHandler
                0x08003004      0x204 build/stm32f1xx_hal_uart.o
                0x08003004                HAL_UART_IRQHandler
 .text.UART_Start_Receive_IT
                0x08003208       0x36 build/stm32f1xx_hal_uart.o
                0x08003208                UART_Start_Receive_IT
 .text.HAL_UART_Receive_IT
                0x0800323e       0x38 build/stm32f1xx_hal_uart.o
                0x0800323e                HAL_UART_Receive_IT
 .text.SystemInit
                0x08003276        0x2 build/system_stm32f1xx.o
                0x08003276                SystemInit
 .text.MX_GPIO_Init
                0x08003278       0xfc build/gpio.o
                0x08003278                MX_GPIO_Init
 .text.MX_ADC1_Init
                0x08003374       0x58 build/adc.o
                0x08003374                MX_ADC1_Init
 .text.HAL_ADC_MspInit
                0x080033cc       0x60 build/adc.o
                0x080033cc                HAL_ADC_MspInit
 .text.MX_TIM1_Init
                0x0800342c       0x74 build/tim.o
                0x0800342c                MX_TIM1_Init
 .text.MX_TIM2_Init
                0x080034a0       0x70 build/tim.o
                0x080034a0                MX_TIM2_Init
 .text.MX_TIM3_Init
                0x08003510       0x70 build/tim.o
                0x08003510                MX_TIM3_Init
 .text.HAL_TIM_Base_MspInit
                0x08003580       0xa0 build/tim.o
                0x08003580                HAL_TIM_Base_MspInit
 .text.MX_USART1_UART_Init
                0x08003620       0x34 build/usart.o
                0x08003620                MX_USART1_UART_Init
 .text.MX_USART2_UART_Init
                0x08003654       0x34 build/usart.o
                0x08003654                MX_USART2_UART_Init
 .text.MX_USART3_UART_Init
                0x08003688       0x34 build/usart.o
                0x08003688                MX_USART3_UART_Init
 .text.HAL_UART_MspInit
                0x080036bc      0x158 build/usart.o
                0x080036bc                HAL_UART_MspInit
 .text.Reset_Handler
                0x08003814       0x48 build/startup_stm32f103xb.o
                0x08003814                Reset_Handler
 .text.Default_Handler
                0x0800385c        0x2 build/startup_stm32f103xb.o
                0x0800385c                RTC_Alarm_IRQHandler
                0x0800385c                TIM1_CC_IRQHandler
                0x0800385c                PVD_IRQHandler
                0x0800385c                EXTI3_IRQHandler
                0x0800385c                EXTI0_IRQHandler
                0x0800385c                I2C2_EV_IRQHandler
                0x0800385c                ADC1_2_IRQHandler
                0x0800385c                SPI1_IRQHandler
                0x0800385c                TAMPER_IRQHandler
                0x0800385c                DMA1_Channel4_IRQHandler
                0x0800385c                RTC_IRQHandler
                0x0800385c                DMA1_Channel7_IRQHandler
                0x0800385c                CAN1_RX1_IRQHandler
                0x0800385c                TIM4_IRQHandler
                0x0800385c                I2C1_EV_IRQHandler
                0x0800385c                DMA1_Channel6_IRQHandler
                0x0800385c                RCC_IRQHandler
                0x0800385c                TIM1_TRG_COM_IRQHandler
                0x0800385c                DMA1_Channel1_IRQHandler
                0x0800385c                Default_Handler
                0x0800385c                EXTI15_10_IRQHandler
                0x0800385c                EXTI9_5_IRQHandler
                0x0800385c                SPI2_IRQHandler
                0x0800385c                DMA1_Channel5_IRQHandler
                0x0800385c                EXTI4_IRQHandler
                0x0800385c                USB_LP_CAN1_RX0_IRQHandler
                0x0800385c                USB_HP_CAN1_TX_IRQHandler
                0x0800385c                DMA1_Channel3_IRQHandler
                0x0800385c                WWDG_IRQHandler
                0x0800385c                TIM1_BRK_IRQHandler
                0x0800385c                I2C2_ER_IRQHandler
                0x0800385c                DMA1_Channel2_IRQHandler
                0x0800385c                CAN1_SCE_IRQHandler
                0x0800385c                FLASH_IRQHandler
                0x0800385c                USART1_IRQHandler
                0x0800385c                I2C1_ER_IRQHandler
                0x0800385c                USBWakeUp_IRQHandler
 .text.atof     0x0800385e        0x6 d:/10 2021.10/bin/../lib/gcc/arm-none-eabi/10.3.1/../../../../arm-none-eabi/lib/thumb/v7-m/nofp\libc_nano.a(lib_a-atof.o)
                0x0800385e                atof
 .text.__libc_init_array
                0x08003864       0x48 d:/10 2021.10/bin/../lib/gcc/arm-none-eabi/10.3.1/../../../../arm-none-eabi/lib/thumb/v7-m/nofp\libc_nano.a(lib_a-init.o)
                0x08003864                __libc_init_array
 .text.memcpy   0x080038ac       0x1c d:/10 2021.10/bin/../lib/gcc/arm-none-eabi/10.3.1/../../../../arm-none-eabi/lib/thumb/v7-m/nofp\libc_nano.a(lib_a-memcpy-stub.o)
                0x080038ac                memcpy
 .text.memset   0x080038c8       0x10 d:/10 2021.10/bin/../lib/gcc/arm-none-eabi/10.3.1/../../../../arm-none-eabi/lib/thumb/v7-m/nofp\libc_nano.a(lib_a-memset.o)
                0x080038c8                memset
 .text.sprintf  0x080038d8       0x40 d:/10 2021.10/bin/../lib/gcc/arm-none-eabi/10.3.1/../../../../arm-none-eabi/lib/thumb/v7-m/nofp\libc_nano.a(lib_a-sprintf.o)
                0x080038d8                siprintf
                0x080038d8                sprintf
 .text.sscanf   0x08003918       0x54 d:/10 2021.10/bin/../lib/gcc/arm-none-eabi/10.3.1/../../../../arm-none-eabi/lib/thumb/v7-m/nofp\libc_nano.a(lib_a-sscanf.o)
                0x08003918                siscanf
                0x08003918                sscanf
 .text.__sread  0x0800396c       0x22 d:/10 2021.10/bin/../lib/gcc/arm-none-eabi/10.3.1/../../../../arm-none-eabi/lib/thumb/v7-m/nofp\libc_nano.a(lib_a-stdio.o)
                0x0800396c                __sread
 .text.__seofread
                0x0800398e        0x4 d:/10 2021.10/bin/../lib/gcc/arm-none-eabi/10.3.1/../../../../arm-none-eabi/lib/thumb/v7-m/nofp\libc_nano.a(lib_a-stdio.o)
                0x0800398e                __seofread
 .text.__swrite
                0x08003992       0x38 d:/10 2021.10/bin/../lib/gcc/arm-none-eabi/10.3.1/../../../../arm-none-eabi/lib/thumb/v7-m/nofp\libc_nano.a(lib_a-stdio.o)
                0x08003992                __swrite
 .text.__sseek  0x080039ca       0x24 d:/10 2021.10/bin/../lib/gcc/arm-none-eabi/10.3.1/../../../../arm-none-eabi/lib/thumb/v7-m/nofp\libc_nano.a(lib_a-stdio.o)
                0x080039ca                __sseek
 .text.__sclose
                0x080039ee        0x8 d:/10 2021.10/bin/../lib/gcc/arm-none-eabi/10.3.1/../../../../arm-none-eabi/lib/thumb/v7-m/nofp\libc_nano.a(lib_a-stdio.o)
                0x080039ee                __sclose
 .text.strchr   0x080039f6       0x1a d:/10 2021.10/bin/../lib/gcc/arm-none-eabi/10.3.1/../../../../arm-none-eabi/lib/thumb/v7-m/nofp\libc_nano.a(lib_a-strchr.o)
                0x080039f6                strchr
 .text.strstr   0x08003a10       0x2c d:/10 2021.10/bin/../lib/gcc/arm-none-eabi/10.3.1/../../../../arm-none-eabi/lib/thumb/v7-m/nofp\libc_nano.a(lib_a-strstr.o)
                0x08003a10                strstr
 .text.sulp     0x08003a3c       0x42 d:/10 2021.10/bin/../lib/gcc/arm-none-eabi/10.3.1/../../../../arm-none-eabi/lib/thumb/v7-m/nofp\libc_nano.a(lib_a-strtod.o)
 *fill*         0x08003a7e        0x2 
 .text._strtod_l
                0x08003a80      0xbd0 d:/10 2021.10/bin/../lib/gcc/arm-none-eabi/10.3.1/../../../../arm-none-eabi/lib/thumb/v7-m/nofp\libc_nano.a(lib_a-strtod.o)
                0x08003a80                _strtod_l
 .text.strtod   0x08004650       0x18 d:/10 2021.10/bin/../lib/gcc/arm-none-eabi/10.3.1/../../../../arm-none-eabi/lib/thumb/v7-m/nofp\libc_nano.a(lib_a-strtod.o)
                0x08004650                strtod
 .text._write_r
                0x08004668       0x24 d:/10 2021.10/bin/../lib/gcc/arm-none-eabi/10.3.1/../../../../arm-none-eabi/lib/thumb/v7-m/nofp\libc_nano.a(lib_a-writer.o)
                0x08004668                _write_r
 .text._close_r
                0x0800468c       0x20 d:/10 2021.10/bin/../lib/gcc/arm-none-eabi/10.3.1/../../../../arm-none-eabi/lib/thumb/v7-m/nofp\libc_nano.a(lib_a-closer.o)
                0x0800468c                _close_r
 .text.rshift   0x080046ac       0xa6 d:/10 2021.10/bin/../lib/gcc/arm-none-eabi/10.3.1/../../../../arm-none-eabi/lib/thumb/v7-m/nofp\libc_nano.a(lib_a-gdtoa-gethex.o)
 .text.__hexdig_fun
                0x08004752       0x2a d:/10 2021.10/bin/../lib/gcc/arm-none-eabi/10.3.1/../../../../arm-none-eabi/lib/thumb/v7-m/nofp\libc_nano.a(lib_a-gdtoa-gethex.o)
                0x08004752                __hexdig_fun
 .text.__gethex
                0x0800477c      0x478 d:/10 2021.10/bin/../lib/gcc/arm-none-eabi/10.3.1/../../../../arm-none-eabi/lib/thumb/v7-m/nofp\libc_nano.a(lib_a-gdtoa-gethex.o)
                0x0800477c                __gethex
 .text.L_shift  0x08004bf4       0x24 d:/10 2021.10/bin/../lib/gcc/arm-none-eabi/10.3.1/../../../../arm-none-eabi/lib/thumb/v7-m/nofp\libc_nano.a(lib_a-gdtoa-hexnan.o)
 .text.__match  0x08004c18       0x28 d:/10 2021.10/bin/../lib/gcc/arm-none-eabi/10.3.1/../../../../arm-none-eabi/lib/thumb/v7-m/nofp\libc_nano.a(lib_a-gdtoa-hexnan.o)
                0x08004c18                __match
 .text.__hexnan
                0x08004c40      0x138 d:/10 2021.10/bin/../lib/gcc/arm-none-eabi/10.3.1/../../../../arm-none-eabi/lib/thumb/v7-m/nofp\libc_nano.a(lib_a-gdtoa-hexnan.o)
                0x08004c40                __hexnan
 .text._lseek_r
                0x08004d78       0x24 d:/10 2021.10/bin/../lib/gcc/arm-none-eabi/10.3.1/../../../../arm-none-eabi/lib/thumb/v7-m/nofp\libc_nano.a(lib_a-lseekr.o)
                0x08004d78                _lseek_r
 .text.__ascii_mbtowc
                0x08004d9c       0x24 d:/10 2021.10/bin/../lib/gcc/arm-none-eabi/10.3.1/../../../../arm-none-eabi/lib/thumb/v7-m/nofp\libc_nano.a(lib_a-mbtowc_r.o)
                0x08004d9c                __ascii_mbtowc
 .text._Balloc  0x08004dc0       0x80 d:/10 2021.10/bin/../lib/gcc/arm-none-eabi/10.3.1/../../../../arm-none-eabi/lib/thumb/v7-m/nofp\libc_nano.a(lib_a-mprec.o)
                0x08004dc0                _Balloc
 .text._Bfree   0x08004e40       0x44 d:/10 2021.10/bin/../lib/gcc/arm-none-eabi/10.3.1/../../../../arm-none-eabi/lib/thumb/v7-m/nofp\libc_nano.a(lib_a-mprec.o)
                0x08004e40                _Bfree
 .text.__multadd
                0x08004e84       0x8c d:/10 2021.10/bin/../lib/gcc/arm-none-eabi/10.3.1/../../../../arm-none-eabi/lib/thumb/v7-m/nofp\libc_nano.a(lib_a-mprec.o)
                0x08004e84                __multadd
 .text.__s2b    0x08004f10       0x94 d:/10 2021.10/bin/../lib/gcc/arm-none-eabi/10.3.1/../../../../arm-none-eabi/lib/thumb/v7-m/nofp\libc_nano.a(lib_a-mprec.o)
                0x08004f10                __s2b
 .text.__hi0bits
                0x08004fa4       0x40 d:/10 2021.10/bin/../lib/gcc/arm-none-eabi/10.3.1/../../../../arm-none-eabi/lib/thumb/v7-m/nofp\libc_nano.a(lib_a-mprec.o)
                0x08004fa4                __hi0bits
 .text.__lo0bits
                0x08004fe4       0x5a d:/10 2021.10/bin/../lib/gcc/arm-none-eabi/10.3.1/../../../../arm-none-eabi/lib/thumb/v7-m/nofp\libc_nano.a(lib_a-mprec.o)
                0x08004fe4                __lo0bits
 *fill*         0x0800503e        0x2 
 .text.__i2b    0x08005040       0x2c d:/10 2021.10/bin/../lib/gcc/arm-none-eabi/10.3.1/../../../../arm-none-eabi/lib/thumb/v7-m/nofp\libc_nano.a(lib_a-mprec.o)
                0x08005040                __i2b
 .text.__multiply
                0x0800506c      0x150 d:/10 2021.10/bin/../lib/gcc/arm-none-eabi/10.3.1/../../../../arm-none-eabi/lib/thumb/v7-m/nofp\libc_nano.a(lib_a-mprec.o)
                0x0800506c                __multiply
 .text.__pow5mult
                0x080051bc       0xb4 d:/10 2021.10/bin/../lib/gcc/arm-none-eabi/10.3.1/../../../../arm-none-eabi/lib/thumb/v7-m/nofp\libc_nano.a(lib_a-mprec.o)
                0x080051bc                __pow5mult
 .text.__lshift
                0x08005270       0xe0 d:/10 2021.10/bin/../lib/gcc/arm-none-eabi/10.3.1/../../../../arm-none-eabi/lib/thumb/v7-m/nofp\libc_nano.a(lib_a-mprec.o)
                0x08005270                __lshift
 .text.__mcmp   0x08005350       0x36 d:/10 2021.10/bin/../lib/gcc/arm-none-eabi/10.3.1/../../../../arm-none-eabi/lib/thumb/v7-m/nofp\libc_nano.a(lib_a-mprec.o)
                0x08005350                __mcmp
 *fill*         0x08005386        0x2 
 .text.__mdiff  0x08005388      0x118 d:/10 2021.10/bin/../lib/gcc/arm-none-eabi/10.3.1/../../../../arm-none-eabi/lib/thumb/v7-m/nofp\libc_nano.a(lib_a-mprec.o)
                0x08005388                __mdiff
 .text.__ulp    0x080054a0       0x4c d:/10 2021.10/bin/../lib/gcc/arm-none-eabi/10.3.1/../../../../arm-none-eabi/lib/thumb/v7-m/nofp\libc_nano.a(lib_a-mprec.o)
                0x080054a0                __ulp
 .text.__b2d    0x080054ec       0xa8 d:/10 2021.10/bin/../lib/gcc/arm-none-eabi/10.3.1/../../../../arm-none-eabi/lib/thumb/v7-m/nofp\libc_nano.a(lib_a-mprec.o)
                0x080054ec                __b2d
 .text.__d2b    0x08005594       0xb8 d:/10 2021.10/bin/../lib/gcc/arm-none-eabi/10.3.1/../../../../arm-none-eabi/lib/thumb/v7-m/nofp\libc_nano.a(lib_a-mprec.o)
                0x08005594                __d2b
 .text.__ratio  0x0800564c       0x5c d:/10 2021.10/bin/../lib/gcc/arm-none-eabi/10.3.1/../../../../arm-none-eabi/lib/thumb/v7-m/nofp\libc_nano.a(lib_a-mprec.o)
                0x0800564c                __ratio
 .text.__copybits
                0x080056a8       0x46 d:/10 2021.10/bin/../lib/gcc/arm-none-eabi/10.3.1/../../../../arm-none-eabi/lib/thumb/v7-m/nofp\libc_nano.a(lib_a-mprec.o)
                0x080056a8                __copybits
 .text.__any_on
                0x080056ee       0x42 d:/10 2021.10/bin/../lib/gcc/arm-none-eabi/10.3.1/../../../../arm-none-eabi/lib/thumb/v7-m/nofp\libc_nano.a(lib_a-mprec.o)
                0x080056ee                __any_on
 .text._calloc_r
                0x08005730       0x28 d:/10 2021.10/bin/../lib/gcc/arm-none-eabi/10.3.1/../../../../arm-none-eabi/lib/thumb/v7-m/nofp\libc_nano.a(lib_a-nano-callocr.o)
                0x08005730                _calloc_r
 .text.sbrk_aligned
                0x08005758       0x40 d:/10 2021.10/bin/../lib/gcc/arm-none-eabi/10.3.1/../../../../arm-none-eabi/lib/thumb/v7-m/nofp\libc_nano.a(lib_a-nano-mallocr.o)
 .text._malloc_r
                0x08005798       0xe8 d:/10 2021.10/bin/../lib/gcc/arm-none-eabi/10.3.1/../../../../arm-none-eabi/lib/thumb/v7-m/nofp\libc_nano.a(lib_a-nano-mallocr.o)
                0x08005798                _malloc_r
 .text.__ssputs_r
                0x08005880       0xb6 d:/10 2021.10/bin/../lib/gcc/arm-none-eabi/10.3.1/../../../../arm-none-eabi/lib/thumb/v7-m/nofp\libc_nano.a(lib_a-nano-svfprintf.o)
                0x08005880                __ssputs_r
 *fill*         0x08005936        0x2 
 .text._svfprintf_r
                0x08005938      0x200 d:/10 2021.10/bin/../lib/gcc/arm-none-eabi/10.3.1/../../../../arm-none-eabi/lib/thumb/v7-m/nofp\libc_nano.a(lib_a-nano-svfprintf.o)
                0x08005938                _svfiprintf_r
                0x08005938                _svfprintf_r
 .text._sungetc_r
                0x08005b38       0x7a d:/10 2021.10/bin/../lib/gcc/arm-none-eabi/10.3.1/../../../../arm-none-eabi/lib/thumb/v7-m/nofp\libc_nano.a(lib_a-nano-svfscanf.o)
                0x08005b38                _sungetc_r
 .text.__ssrefill_r
                0x08005bb2       0x3a d:/10 2021.10/bin/../lib/gcc/arm-none-eabi/10.3.1/../../../../arm-none-eabi/lib/thumb/v7-m/nofp\libc_nano.a(lib_a-nano-svfscanf.o)
                0x08005bb2                __ssrefill_r
 .text.__ssvfscanf_r
                0x08005bec      0x2f4 d:/10 2021.10/bin/../lib/gcc/arm-none-eabi/10.3.1/../../../../arm-none-eabi/lib/thumb/v7-m/nofp\libc_nano.a(lib_a-nano-svfscanf.o)
                0x08005bec                __ssvfiscanf_r
                0x08005bec                __ssvfscanf_r
 .text._printf_common
                0x08005ee0       0xde d:/10 2021.10/bin/../lib/gcc/arm-none-eabi/10.3.1/../../../../arm-none-eabi/lib/thumb/v7-m/nofp\libc_nano.a(lib_a-nano-vfprintf_i.o)
                0x08005ee0                _printf_common
 *fill*         0x08005fbe        0x2 
 .text._printf_i
                0x08005fc0      0x24c d:/10 2021.10/bin/../lib/gcc/arm-none-eabi/10.3.1/../../../../arm-none-eabi/lib/thumb/v7-m/nofp\libc_nano.a(lib_a-nano-vfprintf_i.o)
                0x08005fc0                _printf_i
 .text._scanf_chars
                0x0800620c       0xb4 d:/10 2021.10/bin/../lib/gcc/arm-none-eabi/10.3.1/../../../../arm-none-eabi/lib/thumb/v7-m/nofp\libc_nano.a(lib_a-nano-vfscanf_i.o)
                0x0800620c                _scanf_chars
 .text._scanf_i
                0x080062c0      0x1f0 d:/10 2021.10/bin/../lib/gcc/arm-none-eabi/10.3.1/../../../../arm-none-eabi/lib/thumb/v7-m/nofp\libc_nano.a(lib_a-nano-vfscanf_i.o)
                0x080062c0                _scanf_i
 .text._read_r  0x080064b0       0x24 d:/10 2021.10/bin/../lib/gcc/arm-none-eabi/10.3.1/../../../../arm-none-eabi/lib/thumb/v7-m/nofp\libc_nano.a(lib_a-readr.o)
                0x080064b0                _read_r
 .text.nan      0x080064d4        0xc d:/10 2021.10/bin/../lib/gcc/arm-none-eabi/10.3.1/../../../../arm-none-eabi/lib/thumb/v7-m/nofp\libc_nano.a(lib_a-s_nan.o)
                0x080064d4                nan
 .text._sbrk_r  0x080064e0       0x20 d:/10 2021.10/bin/../lib/gcc/arm-none-eabi/10.3.1/../../../../arm-none-eabi/lib/thumb/v7-m/nofp\libc_nano.a(lib_a-sbrkr.o)
                0x080064e0                _sbrk_r
 .text.__sccl   0x08006500       0x70 d:/10 2021.10/bin/../lib/gcc/arm-none-eabi/10.3.1/../../../../arm-none-eabi/lib/thumb/v7-m/nofp\libc_nano.a(lib_a-sccl.o)
                0x08006500                __sccl
 .text.strncmp  0x08006570       0x28 d:/10 2021.10/bin/../lib/gcc/arm-none-eabi/10.3.1/../../../../arm-none-eabi/lib/thumb/v7-m/nofp\libc_nano.a(lib_a-strncmp.o)
                0x08006570                strncmp
 .text._strtol_l.constprop.0
                0x08006598       0xf8 d:/10 2021.10/bin/../lib/gcc/arm-none-eabi/10.3.1/../../../../arm-none-eabi/lib/thumb/v7-m/nofp\libc_nano.a(lib_a-strtol.o)
 .text._strtol_r
                0x08006690        0x4 d:/10 2021.10/bin/../lib/gcc/arm-none-eabi/10.3.1/../../../../arm-none-eabi/lib/thumb/v7-m/nofp\libc_nano.a(lib_a-strtol.o)
                0x08006690                _strtol_r
 .text._strtoul_l.constprop.0
                0x08006694       0xe4 d:/10 2021.10/bin/../lib/gcc/arm-none-eabi/10.3.1/../../../../arm-none-eabi/lib/thumb/v7-m/nofp\libc_nano.a(lib_a-strtoul.o)
 .text._strtoul_r
                0x08006778        0x4 d:/10 2021.10/bin/../lib/gcc/arm-none-eabi/10.3.1/../../../../arm-none-eabi/lib/thumb/v7-m/nofp\libc_nano.a(lib_a-strtoul.o)
                0x08006778                _strtoul_r
 .text.__submore
                0x0800677c       0x70 d:/10 2021.10/bin/../lib/gcc/arm-none-eabi/10.3.1/../../../../arm-none-eabi/lib/thumb/v7-m/nofp\libc_nano.a(lib_a-ungetc.o)
                0x0800677c                __submore
 .text.__ascii_wctomb
                0x080067ec       0x1a d:/10 2021.10/bin/../lib/gcc/arm-none-eabi/10.3.1/../../../../arm-none-eabi/lib/thumb/v7-m/nofp\libc_nano.a(lib_a-wctomb_r.o)
                0x080067ec                __ascii_wctomb
 *fill*         0x08006806        0x2 
 .text.__assert_func
                0x08006808       0x3c d:/10 2021.10/bin/../lib/gcc/arm-none-eabi/10.3.1/../../../../arm-none-eabi/lib/thumb/v7-m/nofp\libc_nano.a(lib_a-assert.o)
                0x08006808                __assert_func
 .text.__errno  0x08006844        0xc d:/10 2021.10/bin/../lib/gcc/arm-none-eabi/10.3.1/../../../../arm-none-eabi/lib/thumb/v7-m/nofp\libc_nano.a(lib_a-errno.o)
                0x08006844                __errno
 .text.__sflush_r
                0x08006850      0x104 d:/10 2021.10/bin/../lib/gcc/arm-none-eabi/10.3.1/../../../../arm-none-eabi/lib/thumb/v7-m/nofp\libc_nano.a(lib_a-fflush.o)
                0x08006850                __sflush_r
 .text._fflush_r
                0x08006954       0x78 d:/10 2021.10/bin/../lib/gcc/arm-none-eabi/10.3.1/../../../../arm-none-eabi/lib/thumb/v7-m/nofp\libc_nano.a(lib_a-fflush.o)
                0x08006954                _fflush_r
 .text.std      0x080069cc       0x48 d:/10 2021.10/bin/../lib/gcc/arm-none-eabi/10.3.1/../../../../arm-none-eabi/lib/thumb/v7-m/nofp\libc_nano.a(lib_a-findfp.o)
 .text._cleanup_r
                0x08006a14        0xc d:/10 2021.10/bin/../lib/gcc/arm-none-eabi/10.3.1/../../../../arm-none-eabi/lib/thumb/v7-m/nofp\libc_nano.a(lib_a-findfp.o)
                0x08006a14                _cleanup_r
 .text.__sfmoreglue
                0x08006a20       0x2c d:/10 2021.10/bin/../lib/gcc/arm-none-eabi/10.3.1/../../../../arm-none-eabi/lib/thumb/v7-m/nofp\libc_nano.a(lib_a-findfp.o)
                0x08006a20                __sfmoreglue
 .text.__sfp_lock_acquire
                0x08006a4c        0xc d:/10 2021.10/bin/../lib/gcc/arm-none-eabi/10.3.1/../../../../arm-none-eabi/lib/thumb/v7-m/nofp\libc_nano.a(lib_a-findfp.o)
                0x08006a4c                __sfp_lock_acquire
 .text.__sfp_lock_release
                0x08006a58        0xc d:/10 2021.10/bin/../lib/gcc/arm-none-eabi/10.3.1/../../../../arm-none-eabi/lib/thumb/v7-m/nofp\libc_nano.a(lib_a-findfp.o)
                0x08006a58                __sfp_lock_release
 .text.__sinit_lock_acquire
                0x08006a64        0xc d:/10 2021.10/bin/../lib/gcc/arm-none-eabi/10.3.1/../../../../arm-none-eabi/lib/thumb/v7-m/nofp\libc_nano.a(lib_a-findfp.o)
                0x08006a64                __sinit_lock_acquire
 .text.__sinit_lock_release
                0x08006a70        0xc d:/10 2021.10/bin/../lib/gcc/arm-none-eabi/10.3.1/../../../../arm-none-eabi/lib/thumb/v7-m/nofp\libc_nano.a(lib_a-findfp.o)
                0x08006a70                __sinit_lock_release
 .text.__sinit  0x08006a7c       0x70 d:/10 2021.10/bin/../lib/gcc/arm-none-eabi/10.3.1/../../../../arm-none-eabi/lib/thumb/v7-m/nofp\libc_nano.a(lib_a-findfp.o)
                0x08006a7c                __sinit
 .text.__sfp    0x08006aec       0x8c d:/10 2021.10/bin/../lib/gcc/arm-none-eabi/10.3.1/../../../../arm-none-eabi/lib/thumb/v7-m/nofp\libc_nano.a(lib_a-findfp.o)
                0x08006aec                __sfp
 .text.fprintf  0x08006b78       0x24 d:/10 2021.10/bin/../lib/gcc/arm-none-eabi/10.3.1/../../../../arm-none-eabi/lib/thumb/v7-m/nofp\libc_nano.a(lib_a-fprintf.o)
                0x08006b78                fiprintf
                0x08006b78                fprintf
 .text._fwalk_reent
                0x08006b9c       0x3e d:/10 2021.10/bin/../lib/gcc/arm-none-eabi/10.3.1/../../../../arm-none-eabi/lib/thumb/v7-m/nofp\libc_nano.a(lib_a-fwalk.o)
                0x08006b9c                _fwalk_reent
 .text.__retarget_lock_init_recursive
                0x08006bda        0x2 d:/10 2021.10/bin/../lib/gcc/arm-none-eabi/10.3.1/../../../../arm-none-eabi/lib/thumb/v7-m/nofp\libc_nano.a(lib_a-lock.o)
                0x08006bda                __retarget_lock_init_recursive
 .text.__retarget_lock_acquire_recursive
                0x08006bdc        0x2 d:/10 2021.10/bin/../lib/gcc/arm-none-eabi/10.3.1/../../../../arm-none-eabi/lib/thumb/v7-m/nofp\libc_nano.a(lib_a-lock.o)
                0x08006bdc                __retarget_lock_acquire_recursive
 .text.__retarget_lock_release_recursive
                0x08006bde        0x2 d:/10 2021.10/bin/../lib/gcc/arm-none-eabi/10.3.1/../../../../arm-none-eabi/lib/thumb/v7-m/nofp\libc_nano.a(lib_a-lock.o)
                0x08006bde                __retarget_lock_release_recursive
 .text.malloc   0x08006be0       0x10 d:/10 2021.10/bin/../lib/gcc/arm-none-eabi/10.3.1/../../../../arm-none-eabi/lib/thumb/v7-m/nofp\libc_nano.a(lib_a-malloc.o)
                0x08006be0                malloc
 .text.memchr   0x08006bf0       0x1c d:/10 2021.10/bin/../lib/gcc/arm-none-eabi/10.3.1/../../../../arm-none-eabi/lib/thumb/v7-m/nofp\libc_nano.a(lib_a-memchr-stub.o)
                0x08006bf0                memchr
 .text.memmove  0x08006c0c       0x34 d:/10 2021.10/bin/../lib/gcc/arm-none-eabi/10.3.1/../../../../arm-none-eabi/lib/thumb/v7-m/nofp\libc_nano.a(lib_a-memmove.o)
                0x08006c0c                memmove
 .text.__malloc_lock
                0x08006c40        0xc d:/10 2021.10/bin/../lib/gcc/arm-none-eabi/10.3.1/../../../../arm-none-eabi/lib/thumb/v7-m/nofp\libc_nano.a(lib_a-mlock.o)
                0x08006c40                __malloc_lock
 .text.__malloc_unlock
                0x08006c4c        0xc d:/10 2021.10/bin/../lib/gcc/arm-none-eabi/10.3.1/../../../../arm-none-eabi/lib/thumb/v7-m/nofp\libc_nano.a(lib_a-mlock.o)
                0x08006c4c                __malloc_unlock
 .text._free_r  0x08006c58       0x90 d:/10 2021.10/bin/../lib/gcc/arm-none-eabi/10.3.1/../../../../arm-none-eabi/lib/thumb/v7-m/nofp\libc_nano.a(lib_a-nano-freer.o)
                0x08006c58                _free_r
 .text._realloc_r
                0x08006ce8       0x5e d:/10 2021.10/bin/../lib/gcc/arm-none-eabi/10.3.1/../../../../arm-none-eabi/lib/thumb/v7-m/nofp\libc_nano.a(lib_a-nano-reallocr.o)
                0x08006ce8                _realloc_r
 .text.__sfputc_r
                0x08006d46       0x2a d:/10 2021.10/bin/../lib/gcc/arm-none-eabi/10.3.1/../../../../arm-none-eabi/lib/thumb/v7-m/nofp\libc_nano.a(lib_a-nano-vfprintf.o)
 .text.__sfputs_r
                0x08006d70       0x24 d:/10 2021.10/bin/../lib/gcc/arm-none-eabi/10.3.1/../../../../arm-none-eabi/lib/thumb/v7-m/nofp\libc_nano.a(lib_a-nano-vfprintf.o)
                0x08006d70                __sfputs_r
 .text._vfprintf_r
                0x08006d94      0x260 d:/10 2021.10/bin/../lib/gcc/arm-none-eabi/10.3.1/../../../../arm-none-eabi/lib/thumb/v7-m/nofp\libc_nano.a(lib_a-nano-vfprintf.o)
                0x08006d94                _vfprintf_r
                0x08006d94                _vfiprintf_r
 .text.__swbuf_r
                0x08006ff4       0xa4 d:/10 2021.10/bin/../lib/gcc/arm-none-eabi/10.3.1/../../../../arm-none-eabi/lib/thumb/v7-m/nofp\libc_nano.a(lib_a-wbuf.o)
                0x08006ff4                __swbuf_r
 .text.__swsetup_r
                0x08007098       0xdc d:/10 2021.10/bin/../lib/gcc/arm-none-eabi/10.3.1/../../../../arm-none-eabi/lib/thumb/v7-m/nofp\libc_nano.a(lib_a-wsetup.o)
                0x08007098                __swsetup_r
 .text.abort    0x08007174        0xe d:/10 2021.10/bin/../lib/gcc/arm-none-eabi/10.3.1/../../../../arm-none-eabi/lib/thumb/v7-m/nofp\libc_nano.a(lib_a-abort.o)
                0x08007174                abort
 .text.__swhatbuf_r
                0x08007182       0x4a d:/10 2021.10/bin/../lib/gcc/arm-none-eabi/10.3.1/../../../../arm-none-eabi/lib/thumb/v7-m/nofp\libc_nano.a(lib_a-makebuf.o)
                0x08007182                __swhatbuf_r
 .text.__smakebuf_r
                0x080071cc       0x80 d:/10 2021.10/bin/../lib/gcc/arm-none-eabi/10.3.1/../../../../arm-none-eabi/lib/thumb/v7-m/nofp\libc_nano.a(lib_a-makebuf.o)
                0x080071cc                __smakebuf_r
 .text._malloc_usable_size_r
                0x0800724c       0x10 d:/10 2021.10/bin/../lib/gcc/arm-none-eabi/10.3.1/../../../../arm-none-eabi/lib/thumb/v7-m/nofp\libc_nano.a(lib_a-nano-msizer.o)
                0x0800724c                _malloc_usable_size_r
 .text._raise_r
                0x0800725c       0x50 d:/10 2021.10/bin/../lib/gcc/arm-none-eabi/10.3.1/../../../../arm-none-eabi/lib/thumb/v7-m/nofp\libc_nano.a(lib_a-signal.o)
                0x0800725c                _raise_r
 .text.raise    0x080072ac       0x10 d:/10 2021.10/bin/../lib/gcc/arm-none-eabi/10.3.1/../../../../arm-none-eabi/lib/thumb/v7-m/nofp\libc_nano.a(lib_a-signal.o)
                0x080072ac                raise
 .text._kill_r  0x080072bc       0x24 d:/10 2021.10/bin/../lib/gcc/arm-none-eabi/10.3.1/../../../../arm-none-eabi/lib/thumb/v7-m/nofp\libc_nano.a(lib_a-signalr.o)
                0x080072bc                _kill_r
 .text._getpid_r
                0x080072e0        0x4 d:/10 2021.10/bin/../lib/gcc/arm-none-eabi/10.3.1/../../../../arm-none-eabi/lib/thumb/v7-m/nofp\libc_nano.a(lib_a-signalr.o)
                0x080072e0                _getpid_r
 .text._fstat_r
                0x080072e4       0x24 d:/10 2021.10/bin/../lib/gcc/arm-none-eabi/10.3.1/../../../../arm-none-eabi/lib/thumb/v7-m/nofp\libc_nano.a(lib_a-fstatr.o)
                0x080072e4                _fstat_r
 .text._isatty_r
                0x08007308       0x20 d:/10 2021.10/bin/../lib/gcc/arm-none-eabi/10.3.1/../../../../arm-none-eabi/lib/thumb/v7-m/nofp\libc_nano.a(lib_a-isattyr.o)
                0x08007308                _isatty_r
 .text.pow      0x08007328       0xdc d:/10 2021.10/bin/../lib/gcc/arm-none-eabi/10.3.1/../../../../arm-none-eabi/lib/thumb/v7-m/nofp\libm.a(lib_a-w_pow.o)
                0x08007328                pow
 *fill*         0x08007404        0x4 
 .text.__ieee754_pow
                0x08007408      0xb08 d:/10 2021.10/bin/../lib/gcc/arm-none-eabi/10.3.1/../../../../arm-none-eabi/lib/thumb/v7-m/nofp\libm.a(lib_a-e_pow.o)
                0x08007408                __ieee754_pow
 .text.__ieee754_sqrt
                0x08007f10      0x18c d:/10 2021.10/bin/../lib/gcc/arm-none-eabi/10.3.1/../../../../arm-none-eabi/lib/thumb/v7-m/nofp\libm.a(lib_a-e_sqrt.o)
                0x08007f10                __ieee754_sqrt
 .text.with_errno
                0x0800809c       0x18 d:/10 2021.10/bin/../lib/gcc/arm-none-eabi/10.3.1/../../../../arm-none-eabi/lib/thumb/v7-m/nofp\libm.a(lib_a-math_err.o)
 .text.xflow    0x080080b4       0x30 d:/10 2021.10/bin/../lib/gcc/arm-none-eabi/10.3.1/../../../../arm-none-eabi/lib/thumb/v7-m/nofp\libm.a(lib_a-math_err.o)
 .text.__math_uflow
                0x080080e4        0xc d:/10 2021.10/bin/../lib/gcc/arm-none-eabi/10.3.1/../../../../arm-none-eabi/lib/thumb/v7-m/nofp\libm.a(lib_a-math_err.o)
                0x080080e4                __math_uflow
 .text.__math_oflow
                0x080080f0        0xc d:/10 2021.10/bin/../lib/gcc/arm-none-eabi/10.3.1/../../../../arm-none-eabi/lib/thumb/v7-m/nofp\libm.a(lib_a-math_err.o)
                0x080080f0                __math_oflow
 .text.fabs     0x080080fc        0x8 d:/10 2021.10/bin/../lib/gcc/arm-none-eabi/10.3.1/../../../../arm-none-eabi/lib/thumb/v7-m/nofp\libm.a(lib_a-s_fabs.o)
                0x080080fc                fabs
 .text.finite   0x08008104        0xc d:/10 2021.10/bin/../lib/gcc/arm-none-eabi/10.3.1/../../../../arm-none-eabi/lib/thumb/v7-m/nofp\libm.a(lib_a-s_finite.o)
                0x08008104                finite
 .text.scalbn   0x08008110       0xfc d:/10 2021.10/bin/../lib/gcc/arm-none-eabi/10.3.1/../../../../arm-none-eabi/lib/thumb/v7-m/nofp\libm.a(lib_a-s_scalbn.o)
                0x08008110                scalbn
 .text._close   0x0800820c       0x10 d:/10 2021.10/bin/../lib/gcc/arm-none-eabi/10.3.1/../../../../arm-none-eabi/lib/thumb/v7-m/nofp\libnosys.a(close.o)
                0x0800820c                _close
 .text._fstat   0x0800821c       0x10 d:/10 2021.10/bin/../lib/gcc/arm-none-eabi/10.3.1/../../../../arm-none-eabi/lib/thumb/v7-m/nofp\libnosys.a(fstat.o)
                0x0800821c                _fstat
 .text._getpid  0x0800822c       0x10 d:/10 2021.10/bin/../lib/gcc/arm-none-eabi/10.3.1/../../../../arm-none-eabi/lib/thumb/v7-m/nofp\libnosys.a(getpid.o)
                0x0800822c                _getpid
 .text._isatty  0x0800823c       0x10 d:/10 2021.10/bin/../lib/gcc/arm-none-eabi/10.3.1/../../../../arm-none-eabi/lib/thumb/v7-m/nofp\libnosys.a(isatty.o)
                0x0800823c                _isatty
 .text._kill    0x0800824c       0x10 d:/10 2021.10/bin/../lib/gcc/arm-none-eabi/10.3.1/../../../../arm-none-eabi/lib/thumb/v7-m/nofp\libnosys.a(kill.o)
                0x0800824c                _kill
 .text._lseek   0x0800825c       0x10 d:/10 2021.10/bin/../lib/gcc/arm-none-eabi/10.3.1/../../../../arm-none-eabi/lib/thumb/v7-m/nofp\libnosys.a(lseek.o)
                0x0800825c                _lseek
 .text._read    0x0800826c       0x10 d:/10 2021.10/bin/../lib/gcc/arm-none-eabi/10.3.1/../../../../arm-none-eabi/lib/thumb/v7-m/nofp\libnosys.a(read.o)
                0x0800826c                _read
 .text._sbrk    0x0800827c       0x1c d:/10 2021.10/bin/../lib/gcc/arm-none-eabi/10.3.1/../../../../arm-none-eabi/lib/thumb/v7-m/nofp\libnosys.a(sbrk.o)
                0x0800827c                _sbrk
 .text._write   0x08008298       0x10 d:/10 2021.10/bin/../lib/gcc/arm-none-eabi/10.3.1/../../../../arm-none-eabi/lib/thumb/v7-m/nofp\libnosys.a(write.o)
                0x08008298                _write
 .text._exit    0x080082a8        0x4 d:/10 2021.10/bin/../lib/gcc/arm-none-eabi/10.3.1/../../../../arm-none-eabi/lib/thumb/v7-m/nofp\libnosys.a(_exit.o)
                0x080082a8                _exit
 *(.glue_7)
 .glue_7        0x080082ac        0x0 linker stubs
 *(.glue_7t)
 .glue_7t       0x080082ac        0x0 linker stubs
 *(.eh_frame)
 .eh_frame      0x080082ac        0x0 d:/10 2021.10/bin/../lib/gcc/arm-none-eabi/10.3.1/thumb/v7-m/nofp/crtbegin.o
 *(.init)
 .init          0x080082ac        0x4 d:/10 2021.10/bin/../lib/gcc/arm-none-eabi/10.3.1/thumb/v7-m/nofp/crti.o
                0x080082ac                _init
 .init          0x080082b0        0x8 d:/10 2021.10/bin/../lib/gcc/arm-none-eabi/10.3.1/thumb/v7-m/nofp/crtn.o
 *(.fini)
 .fini          0x080082b8        0x4 d:/10 2021.10/bin/../lib/gcc/arm-none-eabi/10.3.1/thumb/v7-m/nofp/crti.o
                0x080082b8                _fini
 .fini          0x080082bc        0x8 d:/10 2021.10/bin/../lib/gcc/arm-none-eabi/10.3.1/thumb/v7-m/nofp/crtn.o
                0x080082c4                . = ALIGN (0x4)
                0x080082c4                _etext = .

.vfp11_veneer   0x080082c4        0x0
 .vfp11_veneer  0x080082c4        0x0 linker stubs

.v4_bx          0x080082c4        0x0
 .v4_bx         0x080082c4        0x0 linker stubs

.iplt           0x080082c4        0x0
 .iplt          0x080082c4        0x0 d:/10 2021.10/bin/../lib/gcc/arm-none-eabi/10.3.1/thumb/v7-m/nofp/crtbegin.o

.rodata         0x080082c8      0x588
                0x080082c8                . = ALIGN (0x4)
 *(.rodata)
 .rodata        0x080082c8        0xc d:/10 2021.10/bin/../lib/gcc/arm-none-eabi/10.3.1/../../../../arm-none-eabi/lib/thumb/v7-m/nofp\libc_nano.a(lib_a-nano-vfscanf_i.o)
 *(.rodata*)
 .rodata.main.str1.4
                0x080082d4       0x37 build/main.o
 *fill*         0x0800830b        0x1 
 .rodata.sim800c_callback.str1.4
                0x0800830c        0x3 build/sim800c.o
 *fill*         0x0800830f        0x1 
 .rodata.sim800c_sleep.str1.4
                0x08008310        0xd build/sim800c.o
 *fill*         0x0800831d        0x3 
 .rodata.l70_init.str1.4
                0x08008320       0x34 build/l70.o
 .rodata.l70_handleGPS.str1.4
                0x08008354       0x39 build/l70.o
 *fill*         0x0800838d        0x3 
 .rodata.HAL_RCC_GetSysClockFreq.str1.4
                0x08008390       0x11 build/stm32f1xx_hal_rcc.o
 *fill*         0x080083a1        0x3 
 .rodata.AHBPrescTable
                0x080083a4       0x10 build/system_stm32f1xx.o
                0x080083a4                AHBPrescTable
 .rodata.APBPrescTable
                0x080083b4        0x8 build/system_stm32f1xx.o
                0x080083b4                APBPrescTable
 .rodata._global_impure_ptr
                0x080083bc        0x4 d:/10 2021.10/bin/../lib/gcc/arm-none-eabi/10.3.1/../../../../arm-none-eabi/lib/thumb/v7-m/nofp\libc_nano.a(lib_a-impure.o)
                0x080083bc                _global_impure_ptr
 .rodata._strtod_l.str1.1
                0x080083c0        0xc d:/10 2021.10/bin/../lib/gcc/arm-none-eabi/10.3.1/../../../../arm-none-eabi/lib/thumb/v7-m/nofp\libc_nano.a(lib_a-strtod.o)
                                  0xd (size before relaxing)
 .rodata.fpi.1  0x080083cc       0x14 d:/10 2021.10/bin/../lib/gcc/arm-none-eabi/10.3.1/../../../../arm-none-eabi/lib/thumb/v7-m/nofp\libc_nano.a(lib_a-strtod.o)
 .rodata.fpinan.0
                0x080083e0       0x14 d:/10 2021.10/bin/../lib/gcc/arm-none-eabi/10.3.1/../../../../arm-none-eabi/lib/thumb/v7-m/nofp\libc_nano.a(lib_a-strtod.o)
 *fill*         0x080083f4        0x4 
 .rodata.tinytens
                0x080083f8       0x28 d:/10 2021.10/bin/../lib/gcc/arm-none-eabi/10.3.1/../../../../arm-none-eabi/lib/thumb/v7-m/nofp\libc_nano.a(lib_a-strtod.o)
 .rodata.__gethex.str1.1
                0x08008420       0x97 d:/10 2021.10/bin/../lib/gcc/arm-none-eabi/10.3.1/../../../../arm-none-eabi/lib/thumb/v7-m/nofp\libc_nano.a(lib_a-gdtoa-gethex.o)
 .rodata.str1.1
                0x080084b7        0x2 d:/10 2021.10/bin/../lib/gcc/arm-none-eabi/10.3.1/../../../../arm-none-eabi/lib/thumb/v7-m/nofp\libc_nano.a(lib_a-lnumeric.o)
                                  0x3 (size before relaxing)
 *fill*         0x080084b9        0x3 
 .rodata._C_numeric_locale
                0x080084bc        0xc d:/10 2021.10/bin/../lib/gcc/arm-none-eabi/10.3.1/../../../../arm-none-eabi/lib/thumb/v7-m/nofp\libc_nano.a(lib_a-lnumeric.o)
                0x080084bc                _C_numeric_locale
 .rodata._setlocale_r.str1.1
                0x080084c8        0x8 d:/10 2021.10/bin/../lib/gcc/arm-none-eabi/10.3.1/../../../../arm-none-eabi/lib/thumb/v7-m/nofp\libc_nano.a(lib_a-locale.o)
                                  0x9 (size before relaxing)
 .rodata.str1.1
                0x080084d0        0x2 d:/10 2021.10/bin/../lib/gcc/arm-none-eabi/10.3.1/../../../../arm-none-eabi/lib/thumb/v7-m/nofp\libc_nano.a(lib_a-locale.o)
 .rodata._Balloc.str1.1
                0x080084d0       0x96 d:/10 2021.10/bin/../lib/gcc/arm-none-eabi/10.3.1/../../../../arm-none-eabi/lib/thumb/v7-m/nofp\libc_nano.a(lib_a-mprec.o)
 .rodata.__multadd.str1.1
                0x08008566       0x11 d:/10 2021.10/bin/../lib/gcc/arm-none-eabi/10.3.1/../../../../arm-none-eabi/lib/thumb/v7-m/nofp\libc_nano.a(lib_a-mprec.o)
 *fill*         0x08008566        0x2 
 .rodata.__mprec_bigtens
                0x08008568       0x28 d:/10 2021.10/bin/../lib/gcc/arm-none-eabi/10.3.1/../../../../arm-none-eabi/lib/thumb/v7-m/nofp\libc_nano.a(lib_a-mprec.o)
                0x08008568                __mprec_bigtens
 .rodata.__mprec_tens
                0x08008590       0xc8 d:/10 2021.10/bin/../lib/gcc/arm-none-eabi/10.3.1/../../../../arm-none-eabi/lib/thumb/v7-m/nofp\libc_nano.a(lib_a-mprec.o)
                0x08008590                __mprec_tens
 .rodata.p05.0  0x08008658        0xc d:/10 2021.10/bin/../lib/gcc/arm-none-eabi/10.3.1/../../../../arm-none-eabi/lib/thumb/v7-m/nofp\libc_nano.a(lib_a-mprec.o)
 .rodata._svfprintf_r.str1.1
                0x08008664       0x11 d:/10 2021.10/bin/../lib/gcc/arm-none-eabi/10.3.1/../../../../arm-none-eabi/lib/thumb/v7-m/nofp\libc_nano.a(lib_a-nano-svfprintf.o)
 .rodata.__ssvfscanf_r.str1.1
                0x08008675        0x4 d:/10 2021.10/bin/../lib/gcc/arm-none-eabi/10.3.1/../../../../arm-none-eabi/lib/thumb/v7-m/nofp\libc_nano.a(lib_a-nano-svfscanf.o)
 .rodata._printf_i.str1.1
                0x08008675       0x22 d:/10 2021.10/bin/../lib/gcc/arm-none-eabi/10.3.1/../../../../arm-none-eabi/lib/thumb/v7-m/nofp\libc_nano.a(lib_a-nano-vfprintf_i.o)
 .rodata.str1.1
                0x08008697        0x9 d:/10 2021.10/bin/../lib/gcc/arm-none-eabi/10.3.1/../../../../arm-none-eabi/lib/thumb/v7-m/nofp\libc_nano.a(lib_a-nano-vfscanf_i.o)
 .rodata._scanf_i.str1.1
                0x080086a0       0x12 d:/10 2021.10/bin/../lib/gcc/arm-none-eabi/10.3.1/../../../../arm-none-eabi/lib/thumb/v7-m/nofp\libc_nano.a(lib_a-nano-vfscanf_i.o)
 .rodata.__assert_func.str1.1
                0x080086b2       0x3c d:/10 2021.10/bin/../lib/gcc/arm-none-eabi/10.3.1/../../../../arm-none-eabi/lib/thumb/v7-m/nofp\libc_nano.a(lib_a-assert.o)
                                 0x3d (size before relaxing)
 .rodata._ctype_
                0x080086ee      0x101 d:/10 2021.10/bin/../lib/gcc/arm-none-eabi/10.3.1/../../../../arm-none-eabi/lib/thumb/v7-m/nofp\libc_nano.a(lib_a-ctype_.o)
                0x080086ee                _ctype_
 *fill*         0x080087ef        0x1 
 .rodata.__sf_fake_stderr
                0x080087f0       0x20 d:/10 2021.10/bin/../lib/gcc/arm-none-eabi/10.3.1/../../../../arm-none-eabi/lib/thumb/v7-m/nofp\libc_nano.a(lib_a-findfp.o)
                0x080087f0                __sf_fake_stderr
 .rodata.__sf_fake_stdin
                0x08008810       0x20 d:/10 2021.10/bin/../lib/gcc/arm-none-eabi/10.3.1/../../../../arm-none-eabi/lib/thumb/v7-m/nofp\libc_nano.a(lib_a-findfp.o)
                0x08008810                __sf_fake_stdin
 .rodata.__sf_fake_stdout
                0x08008830       0x20 d:/10 2021.10/bin/../lib/gcc/arm-none-eabi/10.3.1/../../../../arm-none-eabi/lib/thumb/v7-m/nofp\libc_nano.a(lib_a-findfp.o)
                0x08008830                __sf_fake_stdout
 .rodata._vfprintf_r.str1.1
                0x08008850       0x11 d:/10 2021.10/bin/../lib/gcc/arm-none-eabi/10.3.1/../../../../arm-none-eabi/lib/thumb/v7-m/nofp\libc_nano.a(lib_a-nano-vfprintf.o)
                0x08008864                . = ALIGN (0x4)

.rel.dyn        0x08008850        0x0
 .rel.iplt      0x08008850        0x0 d:/10 2021.10/bin/../lib/gcc/arm-none-eabi/10.3.1/thumb/v7-m/nofp/crtbegin.o

.ARM.extab
 *(.ARM.extab* .gnu.linkonce.armextab.*)

.ARM            0x08008850        0x0
                0x08008850                __exidx_start = .
 *(.ARM.exidx*)
                0x08008850                __exidx_end = .

.preinit_array  0x08008850        0x0
                0x08008850                PROVIDE (__preinit_array_start = .)
 *(.preinit_array*)
                0x08008850                PROVIDE (__preinit_array_end = .)

.init_array     0x08008850        0x4
                0x08008850                PROVIDE (__init_array_start = .)
 *(SORT_BY_NAME(.init_array.*))
 *(.init_array*)
 .init_array    0x08008850        0x4 d:/10 2021.10/bin/../lib/gcc/arm-none-eabi/10.3.1/thumb/v7-m/nofp/crtbegin.o
                0x08008854                PROVIDE (__init_array_end = .)

.fini_array     0x08008854        0x4
                [!provide]                PROVIDE (__fini_array_start = .)
 *(SORT_BY_NAME(.fini_array.*))
 *(.fini_array*)
 .fini_array    0x08008854        0x4 d:/10 2021.10/bin/../lib/gcc/arm-none-eabi/10.3.1/thumb/v7-m/nofp/crtbegin.o
                [!provide]                PROVIDE (__fini_array_end = .)
                0x08008858                _sidata = LOADADDR (.data)

.data           0x20000000      0x1e0 load address 0x08008858
                0x20000000                . = ALIGN (0x4)
                0x20000000                _sdata = .
 *(.data)
 *(.data*)
 .data.uwTickFreq
                0x20000000        0x1 build/stm32f1xx_hal.o
                0x20000000                uwTickFreq
 *fill*         0x20000001        0x3 
 .data.uwTickPrio
                0x20000004        0x4 build/stm32f1xx_hal.o
                0x20000004                uwTickPrio
 .data.SystemCoreClock
                0x20000008        0x4 build/system_stm32f1xx.o
                0x20000008                SystemCoreClock
 .data._impure_ptr
                0x2000000c        0x4 d:/10 2021.10/bin/../lib/gcc/arm-none-eabi/10.3.1/../../../../arm-none-eabi/lib/thumb/v7-m/nofp\libc_nano.a(lib_a-impure.o)
                0x2000000c                _impure_ptr
 .data.impure_data
                0x20000010       0x60 d:/10 2021.10/bin/../lib/gcc/arm-none-eabi/10.3.1/../../../../arm-none-eabi/lib/thumb/v7-m/nofp\libc_nano.a(lib_a-impure.o)
 .data.numempty
                0x20000070        0x2 d:/10 2021.10/bin/../lib/gcc/arm-none-eabi/10.3.1/../../../../arm-none-eabi/lib/thumb/v7-m/nofp\libc_nano.a(lib_a-lnumeric.o)
 *fill*         0x20000072        0x2 
 .data.__global_locale
                0x20000074      0x16c d:/10 2021.10/bin/../lib/gcc/arm-none-eabi/10.3.1/../../../../arm-none-eabi/lib/thumb/v7-m/nofp\libc_nano.a(lib_a-locale.o)
                0x20000074                __global_locale
                0x200001e0                . = ALIGN (0x4)
                0x200001e0                _edata = .

.igot.plt       0x200001e0        0x0 load address 0x08008a38
 .igot.plt      0x200001e0        0x0 d:/10 2021.10/bin/../lib/gcc/arm-none-eabi/10.3.1/thumb/v7-m/nofp/crtbegin.o
                0x200001e0                . = ALIGN (0x4)

.bss            0x200001e0      0x474 load address 0x08008a38
                0x200001e0                _sbss = .
                0x200001e0                __bss_start__ = _sbss
 *(.bss)
 .bss           0x200001e0       0x1c d:/10 2021.10/bin/../lib/gcc/arm-none-eabi/10.3.1/thumb/v7-m/nofp/crtbegin.o
 *(.bss*)
 .bss.ADC_value
                0x200001fc        0x2 build/main.o
                0x200001fc                ADC_value
 *fill*         0x200001fe        0x2 
 .bss.GPSResponse
                0x20000200        0x4 build/main.o
                0x20000200                GPSResponse
 .bss.SOSFlag   0x20000204        0x1 build/main.o
                0x20000204                SOSFlag
 *fill*         0x20000205        0x3 
 .bss.Timesleepcurrent
                0x20000208        0x4 build/main.o
                0x20000208                Timesleepcurrent
 .bss.Timesleepstart
                0x2000020c        0x4 build/main.o
                0x2000020c                Timesleepstart
 .bss.flagsleep
                0x20000210        0x1 build/main.o
                0x20000210                flagsleep
 *fill*         0x20000211        0x3 
 .bss.latData   0x20000214        0xf build/main.o
                0x20000214                latData
 *fill*         0x20000223        0x1 
 .bss.longData  0x20000224        0xf build/main.o
                0x20000224                longData
 *fill*         0x20000233        0x1 
 .bss.simMessage
                0x20000234       0xc8 build/main.o
                0x20000234                simMessage
 .bss.simRxBuf  0x200002fc       0x64 build/sim800c.o
                0x200002fc                simRxBuf
 .bss.simRxCplt
                0x20000360        0x1 build/sim800c.o
                0x20000360                simRxCplt
 .bss.simRxData
                0x20000361        0x1 build/sim800c.o
                0x20000361                simRxData
 *fill*         0x20000362        0x2 
 .bss.simRxIndex
                0x20000364        0x4 build/sim800c.o
                0x20000364                simRxIndex
 .bss.simRxResponse
                0x20000368       0x64 build/sim800c.o
                0x20000368                simRxResponse
 .bss.k         0x200003cc        0x4 build/l70.o
                0x200003cc                k
 .bss.l70Data   0x200003d0        0x1 build/l70.o
                0x200003d0                l70Data
 *fill*         0x200003d1        0x3 
 .bss.l70GPGGA  0x200003d4       0x29 build/l70.o
                0x200003d4                l70GPGGA
 *fill*         0x200003fd        0x3 
 .bss.l70RxData
                0x20000400       0x64 build/l70.o
                0x20000400                l70RxData
 .bss.l70RxState
                0x20000464        0x1 build/l70.o
                0x20000464                l70RxState
 *fill*         0x20000465        0x3 
 .bss.uwTick    0x20000468        0x4 build/stm32f1xx_hal.o
                0x20000468                uwTick
 .bss.hadc1     0x2000046c       0x30 build/adc.o
                0x2000046c                hadc1
 .bss.htim1     0x2000049c       0x48 build/tim.o
                0x2000049c                htim1
 .bss.htim2     0x200004e4       0x48 build/tim.o
                0x200004e4                htim2
 .bss.htim3     0x2000052c       0x48 build/tim.o
                0x2000052c                htim3
 .bss.huart1    0x20000574       0x44 build/usart.o
                0x20000574                huart1
 .bss.huart2    0x200005b8       0x44 build/usart.o
                0x200005b8                huart2
 .bss.huart3    0x200005fc       0x44 build/usart.o
                0x200005fc                huart3
 .bss.__malloc_free_list
                0x20000640        0x4 d:/10 2021.10/bin/../lib/gcc/arm-none-eabi/10.3.1/../../../../arm-none-eabi/lib/thumb/v7-m/nofp\libc_nano.a(lib_a-nano-mallocr.o)
                0x20000640                __malloc_free_list
 .bss.__malloc_sbrk_start
                0x20000644        0x4 d:/10 2021.10/bin/../lib/gcc/arm-none-eabi/10.3.1/../../../../arm-none-eabi/lib/thumb/v7-m/nofp\libc_nano.a(lib_a-nano-mallocr.o)
                0x20000644                __malloc_sbrk_start
 .bss.errno     0x20000648        0x4 d:/10 2021.10/bin/../lib/gcc/arm-none-eabi/10.3.1/../../../../arm-none-eabi/lib/thumb/v7-m/nofp\libc_nano.a(lib_a-reent.o)
                0x20000648                errno
 .bss.__lock___malloc_recursive_mutex
                0x2000064c        0x1 d:/10 2021.10/bin/../lib/gcc/arm-none-eabi/10.3.1/../../../../arm-none-eabi/lib/thumb/v7-m/nofp\libc_nano.a(lib_a-lock.o)
                0x2000064c                __lock___malloc_recursive_mutex
 .bss.__lock___sfp_recursive_mutex
                0x2000064d        0x1 d:/10 2021.10/bin/../lib/gcc/arm-none-eabi/10.3.1/../../../../arm-none-eabi/lib/thumb/v7-m/nofp\libc_nano.a(lib_a-lock.o)
                0x2000064d                __lock___sfp_recursive_mutex
 .bss.__lock___sinit_recursive_mutex
                0x2000064e        0x1 d:/10 2021.10/bin/../lib/gcc/arm-none-eabi/10.3.1/../../../../arm-none-eabi/lib/thumb/v7-m/nofp\libc_nano.a(lib_a-lock.o)
                0x2000064e                __lock___sinit_recursive_mutex
 *fill*         0x2000064f        0x1 
 .bss.heap_end.0
                0x20000650        0x4 d:/10 2021.10/bin/../lib/gcc/arm-none-eabi/10.3.1/../../../../arm-none-eabi/lib/thumb/v7-m/nofp\libnosys.a(sbrk.o)
 *(COMMON)
                0x20000654                . = ALIGN (0x4)
                0x20000654                _ebss = .
                0x20000654                __bss_end__ = _ebss

._user_heap_stack
                0x20000654      0x604 load address 0x08008a38
                0x20000658                . = ALIGN (0x8)
 *fill*         0x20000654        0x4 
                0x20000658                PROVIDE (end = .)
                [!provide]                PROVIDE (_end = .)
                0x20000858                . = (. + _Min_Heap_Size)
 *fill*         0x20000658      0x200 
                0x20000c58                . = (. + _Min_Stack_Size)
 *fill*         0x20000858      0x400 
                0x20000c58                . = ALIGN (0x8)

/DISCARD/
 libc.a(*)
 libm.a(*)
 libgcc.a(*)

.ARM.attributes
                0x00000000       0x29
 *(.ARM.attributes)
 .ARM.attributes
                0x00000000       0x1d d:/10 2021.10/bin/../lib/gcc/arm-none-eabi/10.3.1/thumb/v7-m/nofp/crti.o
 .ARM.attributes
                0x0000001d       0x2d d:/10 2021.10/bin/../lib/gcc/arm-none-eabi/10.3.1/thumb/v7-m/nofp/crtbegin.o
 .ARM.attributes
                0x0000004a       0x2d build/main.o
 .ARM.attributes
                0x00000077       0x2d build/sim800c.o
 .ARM.attributes
                0x000000a4       0x2d build/l70.o
 .ARM.attributes
                0x000000d1       0x2d build/stm32f1xx_it.o
 .ARM.attributes
                0x000000fe       0x2d build/stm32f1xx_hal_msp.o
 .ARM.attributes
                0x0000012b       0x2d build/stm32f1xx_hal_adc.o
 .ARM.attributes
                0x00000158       0x2d build/stm32f1xx_hal.o
 .ARM.attributes
                0x00000185       0x2d build/stm32f1xx_hal_rcc.o
 .ARM.attributes
                0x000001b2       0x2d build/stm32f1xx_hal_rcc_ex.o
 .ARM.attributes
                0x000001df       0x2d build/stm32f1xx_hal_gpio.o
 .ARM.attributes
                0x0000020c       0x2d build/stm32f1xx_hal_dma.o
 .ARM.attributes
                0x00000239       0x2d build/stm32f1xx_hal_cortex.o
 .ARM.attributes
                0x00000266       0x2d build/stm32f1xx_hal_pwr.o
 .ARM.attributes
                0x00000293       0x2d build/stm32f1xx_hal_tim.o
 .ARM.attributes
                0x000002c0       0x2d build/stm32f1xx_hal_tim_ex.o
 .ARM.attributes
                0x000002ed       0x2d build/stm32f1xx_hal_uart.o
 .ARM.attributes
                0x0000031a       0x2d build/system_stm32f1xx.o
 .ARM.attributes
                0x00000347       0x2d build/gpio.o
 .ARM.attributes
                0x00000374       0x2d build/adc.o
 .ARM.attributes
                0x000003a1       0x2d build/tim.o
 .ARM.attributes
                0x000003ce       0x2d build/usart.o
 .ARM.attributes
                0x000003fb       0x21 build/startup_stm32f103xb.o
 .ARM.attributes
                0x0000041c       0x2d d:/10 2021.10/bin/../lib/gcc/arm-none-eabi/10.3.1/../../../../arm-none-eabi/lib/thumb/v7-m/nofp\libc_nano.a(lib_a-atof.o)
 .ARM.attributes
                0x00000449       0x2d d:/10 2021.10/bin/../lib/gcc/arm-none-eabi/10.3.1/../../../../arm-none-eabi/lib/thumb/v7-m/nofp\libc_nano.a(lib_a-impure.o)
 .ARM.attributes
                0x00000476       0x2d d:/10 2021.10/bin/../lib/gcc/arm-none-eabi/10.3.1/../../../../arm-none-eabi/lib/thumb/v7-m/nofp\libc_nano.a(lib_a-init.o)
 .ARM.attributes
                0x000004a3       0x2d d:/10 2021.10/bin/../lib/gcc/arm-none-eabi/10.3.1/../../../../arm-none-eabi/lib/thumb/v7-m/nofp\libc_nano.a(lib_a-memcpy-stub.o)
 .ARM.attributes
                0x000004d0       0x2d d:/10 2021.10/bin/../lib/gcc/arm-none-eabi/10.3.1/../../../../arm-none-eabi/lib/thumb/v7-m/nofp\libc_nano.a(lib_a-memset.o)
 .ARM.attributes
                0x000004fd       0x2d d:/10 2021.10/bin/../lib/gcc/arm-none-eabi/10.3.1/../../../../arm-none-eabi/lib/thumb/v7-m/nofp\libc_nano.a(lib_a-sprintf.o)
 .ARM.attributes
                0x0000052a       0x2d d:/10 2021.10/bin/../lib/gcc/arm-none-eabi/10.3.1/../../../../arm-none-eabi/lib/thumb/v7-m/nofp\libc_nano.a(lib_a-sscanf.o)
 .ARM.attributes
                0x00000557       0x2d d:/10 2021.10/bin/../lib/gcc/arm-none-eabi/10.3.1/../../../../arm-none-eabi/lib/thumb/v7-m/nofp\libc_nano.a(lib_a-stdio.o)
 .ARM.attributes
                0x00000584       0x2d d:/10 2021.10/bin/../lib/gcc/arm-none-eabi/10.3.1/../../../../arm-none-eabi/lib/thumb/v7-m/nofp\libc_nano.a(lib_a-strchr.o)
 .ARM.attributes
                0x000005b1       0x17 d:/10 2021.10/bin/../lib/gcc/arm-none-eabi/10.3.1/../../../../arm-none-eabi/lib/thumb/v7-m/nofp\libc_nano.a(lib_a-strlen.o)
 .ARM.attributes
                0x000005c8       0x2d d:/10 2021.10/bin/../lib/gcc/arm-none-eabi/10.3.1/../../../../arm-none-eabi/lib/thumb/v7-m/nofp\libc_nano.a(lib_a-strstr.o)
 .ARM.attributes
                0x000005f5       0x2d d:/10 2021.10/bin/../lib/gcc/arm-none-eabi/10.3.1/../../../../arm-none-eabi/lib/thumb/v7-m/nofp\libc_nano.a(lib_a-strtod.o)
 .ARM.attributes
                0x00000622       0x2d d:/10 2021.10/bin/../lib/gcc/arm-none-eabi/10.3.1/../../../../arm-none-eabi/lib/thumb/v7-m/nofp\libc_nano.a(lib_a-writer.o)
 .ARM.attributes
                0x0000064f       0x2d d:/10 2021.10/bin/../lib/gcc/arm-none-eabi/10.3.1/../../../../arm-none-eabi/lib/thumb/v7-m/nofp\libc_nano.a(lib_a-closer.o)
 .ARM.attributes
                0x0000067c       0x2d d:/10 2021.10/bin/../lib/gcc/arm-none-eabi/10.3.1/../../../../arm-none-eabi/lib/thumb/v7-m/nofp\libc_nano.a(lib_a-gdtoa-gethex.o)
 .ARM.attributes
                0x000006a9       0x2d d:/10 2021.10/bin/../lib/gcc/arm-none-eabi/10.3.1/../../../../arm-none-eabi/lib/thumb/v7-m/nofp\libc_nano.a(lib_a-gdtoa-hexnan.o)
 .ARM.attributes
                0x000006d6       0x2d d:/10 2021.10/bin/../lib/gcc/arm-none-eabi/10.3.1/../../../../arm-none-eabi/lib/thumb/v7-m/nofp\libc_nano.a(lib_a-lnumeric.o)
 .ARM.attributes
                0x00000703       0x2d d:/10 2021.10/bin/../lib/gcc/arm-none-eabi/10.3.1/../../../../arm-none-eabi/lib/thumb/v7-m/nofp\libc_nano.a(lib_a-locale.o)
 .ARM.attributes
                0x00000730       0x2d d:/10 2021.10/bin/../lib/gcc/arm-none-eabi/10.3.1/../../../../arm-none-eabi/lib/thumb/v7-m/nofp\libc_nano.a(lib_a-lseekr.o)
 .ARM.attributes
                0x0000075d       0x2d d:/10 2021.10/bin/../lib/gcc/arm-none-eabi/10.3.1/../../../../arm-none-eabi/lib/thumb/v7-m/nofp\libc_nano.a(lib_a-mbtowc_r.o)
 .ARM.attributes
                0x0000078a       0x2d d:/10 2021.10/bin/../lib/gcc/arm-none-eabi/10.3.1/../../../../arm-none-eabi/lib/thumb/v7-m/nofp\libc_nano.a(lib_a-mprec.o)
 .ARM.attributes
                0x000007b7       0x2d d:/10 2021.10/bin/../lib/gcc/arm-none-eabi/10.3.1/../../../../arm-none-eabi/lib/thumb/v7-m/nofp\libc_nano.a(lib_a-nano-callocr.o)
 .ARM.attributes
                0x000007e4       0x2d d:/10 2021.10/bin/../lib/gcc/arm-none-eabi/10.3.1/../../../../arm-none-eabi/lib/thumb/v7-m/nofp\libc_nano.a(lib_a-nano-mallocr.o)
 .ARM.attributes
                0x00000811       0x2d d:/10 2021.10/bin/../lib/gcc/arm-none-eabi/10.3.1/../../../../arm-none-eabi/lib/thumb/v7-m/nofp\libc_nano.a(lib_a-nano-svfprintf.o)
 .ARM.attributes
                0x0000083e       0x2d d:/10 2021.10/bin/../lib/gcc/arm-none-eabi/10.3.1/../../../../arm-none-eabi/lib/thumb/v7-m/nofp\libc_nano.a(lib_a-nano-svfscanf.o)
 .ARM.attributes
                0x0000086b       0x2d d:/10 2021.10/bin/../lib/gcc/arm-none-eabi/10.3.1/../../../../arm-none-eabi/lib/thumb/v7-m/nofp\libc_nano.a(lib_a-nano-vfprintf_i.o)
 .ARM.attributes
                0x00000898       0x2d d:/10 2021.10/bin/../lib/gcc/arm-none-eabi/10.3.1/../../../../arm-none-eabi/lib/thumb/v7-m/nofp\libc_nano.a(lib_a-nano-vfscanf_i.o)
 .ARM.attributes
                0x000008c5       0x2d d:/10 2021.10/bin/../lib/gcc/arm-none-eabi/10.3.1/../../../../arm-none-eabi/lib/thumb/v7-m/nofp\libc_nano.a(lib_a-readr.o)
 .ARM.attributes
                0x000008f2       0x2d d:/10 2021.10/bin/../lib/gcc/arm-none-eabi/10.3.1/../../../../arm-none-eabi/lib/thumb/v7-m/nofp\libc_nano.a(lib_a-reent.o)
 .ARM.attributes
                0x0000091f       0x2d d:/10 2021.10/bin/../lib/gcc/arm-none-eabi/10.3.1/../../../../arm-none-eabi/lib/thumb/v7-m/nofp\libc_nano.a(lib_a-s_nan.o)
 .ARM.attributes
                0x0000094c       0x2d d:/10 2021.10/bin/../lib/gcc/arm-none-eabi/10.3.1/../../../../arm-none-eabi/lib/thumb/v7-m/nofp\libc_nano.a(lib_a-sbrkr.o)
 .ARM.attributes
                0x00000979       0x2d d:/10 2021.10/bin/../lib/gcc/arm-none-eabi/10.3.1/../../../../arm-none-eabi/lib/thumb/v7-m/nofp\libc_nano.a(lib_a-sccl.o)
 .ARM.attributes
                0x000009a6       0x2d d:/10 2021.10/bin/../lib/gcc/arm-none-eabi/10.3.1/../../../../arm-none-eabi/lib/thumb/v7-m/nofp\libc_nano.a(lib_a-strncmp.o)
 .ARM.attributes
                0x000009d3       0x2d d:/10 2021.10/bin/../lib/gcc/arm-none-eabi/10.3.1/../../../../arm-none-eabi/lib/thumb/v7-m/nofp\libc_nano.a(lib_a-strtol.o)
 .ARM.attributes
                0x00000a00       0x2d d:/10 2021.10/bin/../lib/gcc/arm-none-eabi/10.3.1/../../../../arm-none-eabi/lib/thumb/v7-m/nofp\libc_nano.a(lib_a-strtoul.o)
 .ARM.attributes
                0x00000a2d       0x2d d:/10 2021.10/bin/../lib/gcc/arm-none-eabi/10.3.1/../../../../arm-none-eabi/lib/thumb/v7-m/nofp\libc_nano.a(lib_a-ungetc.o)
 .ARM.attributes
                0x00000a5a       0x2d d:/10 2021.10/bin/../lib/gcc/arm-none-eabi/10.3.1/../../../../arm-none-eabi/lib/thumb/v7-m/nofp\libc_nano.a(lib_a-wctomb_r.o)
 .ARM.attributes
                0x00000a87       0x2d d:/10 2021.10/bin/../lib/gcc/arm-none-eabi/10.3.1/../../../../arm-none-eabi/lib/thumb/v7-m/nofp\libc_nano.a(lib_a-assert.o)
 .ARM.attributes
                0x00000ab4       0x2d d:/10 2021.10/bin/../lib/gcc/arm-none-eabi/10.3.1/../../../../arm-none-eabi/lib/thumb/v7-m/nofp\libc_nano.a(lib_a-ctype_.o)
 .ARM.attributes
                0x00000ae1       0x2d d:/10 2021.10/bin/../lib/gcc/arm-none-eabi/10.3.1/../../../../arm-none-eabi/lib/thumb/v7-m/nofp\libc_nano.a(lib_a-errno.o)
 .ARM.attributes
                0x00000b0e       0x2d d:/10 2021.10/bin/../lib/gcc/arm-none-eabi/10.3.1/../../../../arm-none-eabi/lib/thumb/v7-m/nofp\libc_nano.a(lib_a-fflush.o)
 .ARM.attributes
                0x00000b3b       0x2d d:/10 2021.10/bin/../lib/gcc/arm-none-eabi/10.3.1/../../../../arm-none-eabi/lib/thumb/v7-m/nofp\libc_nano.a(lib_a-findfp.o)
 .ARM.attributes
                0x00000b68       0x2d d:/10 2021.10/bin/../lib/gcc/arm-none-eabi/10.3.1/../../../../arm-none-eabi/lib/thumb/v7-m/nofp\libc_nano.a(lib_a-fprintf.o)
 .ARM.attributes
                0x00000b95       0x2d d:/10 2021.10/bin/../lib/gcc/arm-none-eabi/10.3.1/../../../../arm-none-eabi/lib/thumb/v7-m/nofp\libc_nano.a(lib_a-fwalk.o)
 .ARM.attributes
                0x00000bc2       0x2d d:/10 2021.10/bin/../lib/gcc/arm-none-eabi/10.3.1/../../../../arm-none-eabi/lib/thumb/v7-m/nofp\libc_nano.a(lib_a-lock.o)
 .ARM.attributes
                0x00000bef       0x2d d:/10 2021.10/bin/../lib/gcc/arm-none-eabi/10.3.1/../../../../arm-none-eabi/lib/thumb/v7-m/nofp\libc_nano.a(lib_a-malloc.o)
 .ARM.attributes
                0x00000c1c       0x2d d:/10 2021.10/bin/../lib/gcc/arm-none-eabi/10.3.1/../../../../arm-none-eabi/lib/thumb/v7-m/nofp\libc_nano.a(lib_a-memchr-stub.o)
 .ARM.attributes
                0x00000c49       0x2d d:/10 2021.10/bin/../lib/gcc/arm-none-eabi/10.3.1/../../../../arm-none-eabi/lib/thumb/v7-m/nofp\libc_nano.a(lib_a-memmove.o)
 .ARM.attributes
                0x00000c76       0x2d d:/10 2021.10/bin/../lib/gcc/arm-none-eabi/10.3.1/../../../../arm-none-eabi/lib/thumb/v7-m/nofp\libc_nano.a(lib_a-mlock.o)
 .ARM.attributes
                0x00000ca3       0x2d d:/10 2021.10/bin/../lib/gcc/arm-none-eabi/10.3.1/../../../../arm-none-eabi/lib/thumb/v7-m/nofp\libc_nano.a(lib_a-nano-freer.o)
 .ARM.attributes
                0x00000cd0       0x2d d:/10 2021.10/bin/../lib/gcc/arm-none-eabi/10.3.1/../../../../arm-none-eabi/lib/thumb/v7-m/nofp\libc_nano.a(lib_a-nano-reallocr.o)
 .ARM.attributes
                0x00000cfd       0x2d d:/10 2021.10/bin/../lib/gcc/arm-none-eabi/10.3.1/../../../../arm-none-eabi/lib/thumb/v7-m/nofp\libc_nano.a(lib_a-nano-vfprintf.o)
 .ARM.attributes
                0x00000d2a       0x2d d:/10 2021.10/bin/../lib/gcc/arm-none-eabi/10.3.1/../../../../arm-none-eabi/lib/thumb/v7-m/nofp\libc_nano.a(lib_a-wbuf.o)
 .ARM.attributes
                0x00000d57       0x2d d:/10 2021.10/bin/../lib/gcc/arm-none-eabi/10.3.1/../../../../arm-none-eabi/lib/thumb/v7-m/nofp\libc_nano.a(lib_a-wsetup.o)
 .ARM.attributes
                0x00000d84       0x2d d:/10 2021.10/bin/../lib/gcc/arm-none-eabi/10.3.1/../../../../arm-none-eabi/lib/thumb/v7-m/nofp\libc_nano.a(lib_a-abort.o)
 .ARM.attributes
                0x00000db1       0x2d d:/10 2021.10/bin/../lib/gcc/arm-none-eabi/10.3.1/../../../../arm-none-eabi/lib/thumb/v7-m/nofp\libc_nano.a(lib_a-makebuf.o)
 .ARM.attributes
                0x00000dde       0x2d d:/10 2021.10/bin/../lib/gcc/arm-none-eabi/10.3.1/../../../../arm-none-eabi/lib/thumb/v7-m/nofp\libc_nano.a(lib_a-nano-msizer.o)
 .ARM.attributes
                0x00000e0b       0x2d d:/10 2021.10/bin/../lib/gcc/arm-none-eabi/10.3.1/../../../../arm-none-eabi/lib/thumb/v7-m/nofp\libc_nano.a(lib_a-signal.o)
 .ARM.attributes
                0x00000e38       0x2d d:/10 2021.10/bin/../lib/gcc/arm-none-eabi/10.3.1/../../../../arm-none-eabi/lib/thumb/v7-m/nofp\libc_nano.a(lib_a-signalr.o)
 .ARM.attributes
                0x00000e65       0x2d d:/10 2021.10/bin/../lib/gcc/arm-none-eabi/10.3.1/../../../../arm-none-eabi/lib/thumb/v7-m/nofp\libc_nano.a(lib_a-fstatr.o)
 .ARM.attributes
                0x00000e92       0x2d d:/10 2021.10/bin/../lib/gcc/arm-none-eabi/10.3.1/../../../../arm-none-eabi/lib/thumb/v7-m/nofp\libc_nano.a(lib_a-isattyr.o)
 .ARM.attributes
                0x00000ebf       0x2d d:/10 2021.10/bin/../lib/gcc/arm-none-eabi/10.3.1/../../../../arm-none-eabi/lib/thumb/v7-m/nofp\libm.a(lib_a-w_pow.o)
 .ARM.attributes
                0x00000eec       0x2d d:/10 2021.10/bin/../lib/gcc/arm-none-eabi/10.3.1/../../../../arm-none-eabi/lib/thumb/v7-m/nofp\libm.a(lib_a-e_pow.o)
 .ARM.attributes
                0x00000f19       0x2d d:/10 2021.10/bin/../lib/gcc/arm-none-eabi/10.3.1/../../../../arm-none-eabi/lib/thumb/v7-m/nofp\libm.a(lib_a-e_sqrt.o)
 .ARM.attributes
                0x00000f46       0x2d d:/10 2021.10/bin/../lib/gcc/arm-none-eabi/10.3.1/../../../../arm-none-eabi/lib/thumb/v7-m/nofp\libm.a(lib_a-math_err.o)
 .ARM.attributes
                0x00000f73       0x2d d:/10 2021.10/bin/../lib/gcc/arm-none-eabi/10.3.1/../../../../arm-none-eabi/lib/thumb/v7-m/nofp\libm.a(lib_a-s_fabs.o)
 .ARM.attributes
                0x00000fa0       0x2d d:/10 2021.10/bin/../lib/gcc/arm-none-eabi/10.3.1/../../../../arm-none-eabi/lib/thumb/v7-m/nofp\libm.a(lib_a-s_finite.o)
 .ARM.attributes
                0x00000fcd       0x2d d:/10 2021.10/bin/../lib/gcc/arm-none-eabi/10.3.1/../../../../arm-none-eabi/lib/thumb/v7-m/nofp\libm.a(lib_a-s_scalbn.o)
 .ARM.attributes
                0x00000ffa       0x2d d:/10 2021.10/bin/../lib/gcc/arm-none-eabi/10.3.1/../../../../arm-none-eabi/lib/thumb/v7-m/nofp\libnosys.a(close.o)
 .ARM.attributes
                0x00001027       0x2d d:/10 2021.10/bin/../lib/gcc/arm-none-eabi/10.3.1/../../../../arm-none-eabi/lib/thumb/v7-m/nofp\libnosys.a(fstat.o)
 .ARM.attributes
                0x00001054       0x2d d:/10 2021.10/bin/../lib/gcc/arm-none-eabi/10.3.1/../../../../arm-none-eabi/lib/thumb/v7-m/nofp\libnosys.a(getpid.o)
 .ARM.attributes
                0x00001081       0x2d d:/10 2021.10/bin/../lib/gcc/arm-none-eabi/10.3.1/../../../../arm-none-eabi/lib/thumb/v7-m/nofp\libnosys.a(isatty.o)
 .ARM.attributes
                0x000010ae       0x2d d:/10 2021.10/bin/../lib/gcc/arm-none-eabi/10.3.1/../../../../arm-none-eabi/lib/thumb/v7-m/nofp\libnosys.a(kill.o)
 .ARM.attributes
                0x000010db       0x2d d:/10 2021.10/bin/../lib/gcc/arm-none-eabi/10.3.1/../../../../arm-none-eabi/lib/thumb/v7-m/nofp\libnosys.a(lseek.o)
 .ARM.attributes
                0x00001108       0x2d d:/10 2021.10/bin/../lib/gcc/arm-none-eabi/10.3.1/../../../../arm-none-eabi/lib/thumb/v7-m/nofp\libnosys.a(read.o)
 .ARM.attributes
                0x00001135       0x2d d:/10 2021.10/bin/../lib/gcc/arm-none-eabi/10.3.1/../../../../arm-none-eabi/lib/thumb/v7-m/nofp\libnosys.a(sbrk.o)
 .ARM.attributes
                0x00001162       0x2d d:/10 2021.10/bin/../lib/gcc/arm-none-eabi/10.3.1/../../../../arm-none-eabi/lib/thumb/v7-m/nofp\libnosys.a(write.o)
 .ARM.attributes
                0x0000118f       0x2d d:/10 2021.10/bin/../lib/gcc/arm-none-eabi/10.3.1/../../../../arm-none-eabi/lib/thumb/v7-m/nofp\libnosys.a(_exit.o)
 .ARM.attributes
                0x000011bc       0x1d d:/10 2021.10/bin/../lib/gcc/arm-none-eabi/10.3.1/thumb/v7-m/nofp\libgcc.a(_arm_addsubdf3.o)
 .ARM.attributes
                0x000011d9       0x1d d:/10 2021.10/bin/../lib/gcc/arm-none-eabi/10.3.1/thumb/v7-m/nofp\libgcc.a(_arm_muldivdf3.o)
 .ARM.attributes
                0x000011f6       0x1d d:/10 2021.10/bin/../lib/gcc/arm-none-eabi/10.3.1/thumb/v7-m/nofp\libgcc.a(_arm_cmpdf2.o)
 .ARM.attributes
                0x00001213       0x1d d:/10 2021.10/bin/../lib/gcc/arm-none-eabi/10.3.1/thumb/v7-m/nofp\libgcc.a(_arm_unorddf2.o)
 .ARM.attributes
                0x00001230       0x1d d:/10 2021.10/bin/../lib/gcc/arm-none-eabi/10.3.1/thumb/v7-m/nofp\libgcc.a(_arm_fixdfsi.o)
 .ARM.attributes
                0x0000124d       0x1d d:/10 2021.10/bin/../lib/gcc/arm-none-eabi/10.3.1/thumb/v7-m/nofp\libgcc.a(_arm_fixunsdfsi.o)
 .ARM.attributes
                0x0000126a       0x1d d:/10 2021.10/bin/../lib/gcc/arm-none-eabi/10.3.1/thumb/v7-m/nofp\libgcc.a(_arm_truncdfsf2.o)
 .ARM.attributes
                0x00001287       0x1d d:/10 2021.10/bin/../lib/gcc/arm-none-eabi/10.3.1/thumb/v7-m/nofp\libgcc.a(_arm_addsubsf3.o)
 .ARM.attributes
                0x000012a4       0x1d d:/10 2021.10/bin/../lib/gcc/arm-none-eabi/10.3.1/thumb/v7-m/nofp\libgcc.a(_arm_fixsfsi.o)
 .ARM.attributes
                0x000012c1       0x2d d:/10 2021.10/bin/../lib/gcc/arm-none-eabi/10.3.1/thumb/v7-m/nofp\libgcc.a(_fixdfdi.o)
 .ARM.attributes
                0x000012ee       0x2d d:/10 2021.10/bin/../lib/gcc/arm-none-eabi/10.3.1/thumb/v7-m/nofp\libgcc.a(_fixunsdfdi.o)
 .ARM.attributes
                0x0000131b       0x1d d:/10 2021.10/bin/../lib/gcc/arm-none-eabi/10.3.1/thumb/v7-m/nofp/crtn.o
OUTPUT(build/Mandevices_GPS_GSM.elf elf32-littlearm)
LOAD linker stubs
LOAD d:/10 2021.10/bin/../lib/gcc/arm-none-eabi/10.3.1/../../../../arm-none-eabi/lib/thumb/v7-m/nofp\libc.a
LOAD d:/10 2021.10/bin/../lib/gcc/arm-none-eabi/10.3.1/../../../../arm-none-eabi/lib/thumb/v7-m/nofp\libm.a
LOAD d:/10 2021.10/bin/../lib/gcc/arm-none-eabi/10.3.1/thumb/v7-m/nofp\libgcc.a

.debug_info     0x00000000    0x1336a
 .debug_info    0x00000000     0x17bd build/main.o
 .debug_info    0x000017bd     0x1125 build/sim800c.o
 .debug_info    0x000028e2      0xd3b build/l70.o
 .debug_info    0x0000361d      0xb8d build/stm32f1xx_it.o
 .debug_info    0x000041aa      0x238 build/stm32f1xx_hal_msp.o
 .debug_info    0x000043e2     0x1025 build/stm32f1xx_hal_adc.o
 .debug_info    0x00005407      0x855 build/stm32f1xx_hal.o
 .debug_info    0x00005c5c      0xaec build/stm32f1xx_hal_rcc.o
 .debug_info    0x00006748      0x479 build/stm32f1xx_hal_rcc_ex.o
 .debug_info    0x00006bc1      0x6d7 build/stm32f1xx_hal_gpio.o
 .debug_info    0x00007298      0x8bb build/stm32f1xx_hal_dma.o
 .debug_info    0x00007b53      0xe2d build/stm32f1xx_hal_cortex.o
 .debug_info    0x00008980      0x748 build/stm32f1xx_hal_pwr.o
 .debug_info    0x000090c8     0x3df8 build/stm32f1xx_hal_tim.o
 .debug_info    0x0000cec0     0x1b67 build/stm32f1xx_hal_tim_ex.o
 .debug_info    0x0000ea27     0x1e12 build/stm32f1xx_hal_uart.o
 .debug_info    0x00010839      0x26e build/system_stm32f1xx.o
 .debug_info    0x00010aa7      0x584 build/gpio.o
 .debug_info    0x0001102b      0x91f build/adc.o
 .debug_info    0x0001194a      0xd59 build/tim.o
 .debug_info    0x000126a3      0xca5 build/usart.o
 .debug_info    0x00013348       0x22 build/startup_stm32f103xb.o

.debug_abbrev   0x00000000     0x2c58
 .debug_abbrev  0x00000000      0x2b3 build/main.o
 .debug_abbrev  0x000002b3      0x229 build/sim800c.o
 .debug_abbrev  0x000004dc      0x27c build/l70.o
 .debug_abbrev  0x00000758      0x1c3 build/stm32f1xx_it.o
 .debug_abbrev  0x0000091b       0xe7 build/stm32f1xx_hal_msp.o
 .debug_abbrev  0x00000a02      0x239 build/stm32f1xx_hal_adc.o
 .debug_abbrev  0x00000c3b      0x1f7 build/stm32f1xx_hal.o
 .debug_abbrev  0x00000e32      0x29a build/stm32f1xx_hal_rcc.o
 .debug_abbrev  0x000010cc      0x1d5 build/stm32f1xx_hal_rcc_ex.o
 .debug_abbrev  0x000012a1      0x222 build/stm32f1xx_hal_gpio.o
 .debug_abbrev  0x000014c3      0x244 build/stm32f1xx_hal_dma.o
 .debug_abbrev  0x00001707      0x359 build/stm32f1xx_hal_cortex.o
 .debug_abbrev  0x00001a60      0x1fc build/stm32f1xx_hal_pwr.o
 .debug_abbrev  0x00001c5c      0x296 build/stm32f1xx_hal_tim.o
 .debug_abbrev  0x00001ef2      0x298 build/stm32f1xx_hal_tim_ex.o
 .debug_abbrev  0x0000218a      0x2ab build/stm32f1xx_hal_uart.o
 .debug_abbrev  0x00002435      0x140 build/system_stm32f1xx.o
 .debug_abbrev  0x00002575      0x15c build/gpio.o
 .debug_abbrev  0x000026d1      0x1c5 build/adc.o
 .debug_abbrev  0x00002896      0x1e2 build/tim.o
 .debug_abbrev  0x00002a78      0x1ce build/usart.o
 .debug_abbrev  0x00002c46       0x12 build/startup_stm32f103xb.o

.debug_loc      0x00000000     0xde22
 .debug_loc     0x00000000      0x1b6 build/main.o
 .debug_loc     0x000001b6      0x2f0 build/sim800c.o
 .debug_loc     0x000004a6      0x5d8 build/l70.o
 .debug_loc     0x00000a7e      0x100 build/stm32f1xx_it.o
 .debug_loc     0x00000b7e       0x41 build/stm32f1xx_hal_msp.o
 .debug_loc     0x00000bbf      0xdf1 build/stm32f1xx_hal_adc.o
 .debug_loc     0x000019b0      0x1e1 build/stm32f1xx_hal.o
 .debug_loc     0x00001b91      0x7ee build/stm32f1xx_hal_rcc.o
 .debug_loc     0x0000237f      0x444 build/stm32f1xx_hal_rcc_ex.o
 .debug_loc     0x000027c3      0x551 build/stm32f1xx_hal_gpio.o
 .debug_loc     0x00002d14      0x901 build/stm32f1xx_hal_dma.o
 .debug_loc     0x00003615      0x77f build/stm32f1xx_hal_cortex.o
 .debug_loc     0x00003d94      0x182 build/stm32f1xx_hal_pwr.o
 .debug_loc     0x00003f16     0x530c build/stm32f1xx_hal_tim.o
 .debug_loc     0x00009222     0x1f3e build/stm32f1xx_hal_tim_ex.o
 .debug_loc     0x0000b160     0x267b build/stm32f1xx_hal_uart.o
 .debug_loc     0x0000d7db       0xff build/system_stm32f1xx.o
 .debug_loc     0x0000d8da       0x38 build/gpio.o
 .debug_loc     0x0000d912      0x12c build/adc.o
 .debug_loc     0x0000da3e      0x228 build/tim.o
 .debug_loc     0x0000dc66      0x1bc build/usart.o

.debug_aranges  0x00000000      0xeb0
 .debug_aranges
                0x00000000       0x48 build/main.o
 .debug_aranges
                0x00000048       0x60 build/sim800c.o