Archive member included to satisfy reference by file (symbol)

c:/program files (x86)/gcc-arm-none-eabi-10.3-2021.10-win32/gcc-arm-none-eabi-10.3-2021.10/bin/../lib/gcc/arm-none-eabi/10.3.1/../../../../arm-none-eabi/lib/thumb/v7-m/nofp\libc_nano.a(lib_a-exit.o)
                              c:/program files (x86)/gcc-arm-none-eabi-10.3-2021.10-win32/gcc-arm-none-eabi-10.3-2021.10/bin/../lib/gcc/arm-none-eabi/10.3.1/../../../../arm-none-eabi/lib/thumb/v7-m/nofp/crt0.o (exit)
c:/program files (x86)/gcc-arm-none-eabi-10.3-2021.10-win32/gcc-arm-none-eabi-10.3-2021.10/bin/../lib/gcc/arm-none-eabi/10.3.1/../../../../arm-none-eabi/lib/thumb/v7-m/nofp\libc_nano.a(lib_a-impure.o)
                              c:/program files (x86)/gcc-arm-none-eabi-10.3-2021.10-win32/gcc-arm-none-eabi-10.3-2021.10/bin/../lib/gcc/arm-none-eabi/10.3.1/../../../../arm-none-eabi/lib/thumb/v7-m/nofp\libc_nano.a(lib_a-exit.o) (_global_impure_ptr)
c:/program files (x86)/gcc-arm-none-eabi-10.3-2021.10-win32/gcc-arm-none-eabi-10.3-2021.10/bin/../lib/gcc/arm-none-eabi/10.3.1/../../../../arm-none-eabi/lib/thumb/v7-m/nofp\libc_nano.a(lib_a-init.o)
                              c:/program files (x86)/gcc-arm-none-eabi-10.3-2021.10-win32/gcc-arm-none-eabi-10.3-2021.10/bin/../lib/gcc/arm-none-eabi/10.3.1/../../../../arm-none-eabi/lib/thumb/v7-m/nofp/crt0.o (__libc_init_array)
c:/program files (x86)/gcc-arm-none-eabi-10.3-2021.10-win32/gcc-arm-none-eabi-10.3-2021.10/bin/../lib/gcc/arm-none-eabi/10.3.1/../../../../arm-none-eabi/lib/thumb/v7-m/nofp\libc_nano.a(lib_a-memcpy-stub.o)
                              build/sim800c.o (memcpy)
c:/program files (x86)/gcc-arm-none-eabi-10.3-2021.10-win32/gcc-arm-none-eabi-10.3-2021.10/bin/../lib/gcc/arm-none-eabi/10.3.1/../../../../arm-none-eabi/lib/thumb/v7-m/nofp\libc_nano.a(lib_a-memset.o)
                              c:/program files (x86)/gcc-arm-none-eabi-10.3-2021.10-win32/gcc-arm-none-eabi-10.3-2021.10/bin/../lib/gcc/arm-none-eabi/10.3.1/../../../../arm-none-eabi/lib/thumb/v7-m/nofp/crt0.o (memset)
c:/program files (x86)/gcc-arm-none-eabi-10.3-2021.10-win32/gcc-arm-none-eabi-10.3-2021.10/bin/../lib/gcc/arm-none-eabi/10.3.1/../../../../arm-none-eabi/lib/thumb/v7-m/nofp\libc_nano.a(lib_a-sprintf.o)
                              build/main.o (sprintf)
c:/program files (x86)/gcc-arm-none-eabi-10.3-2021.10-win32/gcc-arm-none-eabi-10.3-2021.10/bin/../lib/gcc/arm-none-eabi/10.3.1/../../../../arm-none-eabi/lib/thumb/v7-m/nofp\libc_nano.a(lib_a-sscanf.o)
                              build/sim800c.o (sscanf)
c:/program files (x86)/gcc-arm-none-eabi-10.3-2021.10-win32/gcc-arm-none-eabi-10.3-2021.10/bin/../lib/gcc/arm-none-eabi/10.3.1/../../../../arm-none-eabi/lib/thumb/v7-m/nofp\libc_nano.a(lib_a-stdio.o)
                              c:/program files (x86)/gcc-arm-none-eabi-10.3-2021.10-win32/gcc-arm-none-eabi-10.3-2021.10/bin/../lib/gcc/arm-none-eabi/10.3.1/../../../../arm-none-eabi/lib/thumb/v7-m/nofp\libc_nano.a(lib_a-sscanf.o) (__seofread)
c:/program files (x86)/gcc-arm-none-eabi-10.3-2021.10-win32/gcc-arm-none-eabi-10.3-2021.10/bin/../lib/gcc/arm-none-eabi/10.3.1/../../../../arm-none-eabi/lib/thumb/v7-m/nofp\libc_nano.a(lib_a-strchr.o)
                              build/sim800c.o (strchr)
c:/program files (x86)/gcc-arm-none-eabi-10.3-2021.10-win32/gcc-arm-none-eabi-10.3-2021.10/bin/../lib/gcc/arm-none-eabi/10.3.1/../../../../arm-none-eabi/lib/thumb/v7-m/nofp\libc_nano.a(lib_a-strlen.o)
                              build/sim800c.o (strlen)
c:/program files (x86)/gcc-arm-none-eabi-10.3-2021.10-win32/gcc-arm-none-eabi-10.3-2021.10/bin/../lib/gcc/arm-none-eabi/10.3.1/../../../../arm-none-eabi/lib/thumb/v7-m/nofp\libc_nano.a(lib_a-strstr.o)
                              build/sim800c.o (strstr)
c:/program files (x86)/gcc-arm-none-eabi-10.3-2021.10-win32/gcc-arm-none-eabi-10.3-2021.10/bin/../lib/gcc/arm-none-eabi/10.3.1/../../../../arm-none-eabi/lib/thumb/v7-m/nofp\libc_nano.a(lib_a-writer.o)
                              c:/program files (x86)/gcc-arm-none-eabi-10.3-2021.10-win32/gcc-arm-none-eabi-10.3-2021.10/bin/../lib/gcc/arm-none-eabi/10.3.1/../../../../arm-none-eabi/lib/thumb/v7-m/nofp\libc_nano.a(lib_a-stdio.o) (_write_r)
c:/program files (x86)/gcc-arm-none-eabi-10.3-2021.10-win32/gcc-arm-none-eabi-10.3-2021.10/bin/../lib/gcc/arm-none-eabi/10.3.1/../../../../arm-none-eabi/lib/thumb/v7-m/nofp\libc_nano.a(lib_a-closer.o)
                              c:/program files (x86)/gcc-arm-none-eabi-10.3-2021.10-win32/gcc-arm-none-eabi-10.3-2021.10/bin/../lib/gcc/arm-none-eabi/10.3.1/../../../../arm-none-eabi/lib/thumb/v7-m/nofp\libc_nano.a(lib_a-stdio.o) (_close_r)
c:/program files (x86)/gcc-arm-none-eabi-10.3-2021.10-win32/gcc-arm-none-eabi-10.3-2021.10/bin/../lib/gcc/arm-none-eabi/10.3.1/../../../../arm-none-eabi/lib/thumb/v7-m/nofp\libc_nano.a(lib_a-lseekr.o)
[...]
Memory Configuration

Name             Origin             Length             Attributes
RAM              0x20000000         0x00005000         xrw
FLASH            0x08000000         0x00010000         xr
*default*        0x00000000         0xffffffff

Linker script and memory map

LOAD c:/program files (x86)/gcc-arm-none-eabi-10.3-2021.10-win32/gcc-arm-none-eabi-10.3-2021.10/bin/../lib/gcc/arm-none-eabi/10.3.1/thumb/v7-m/nofp/crti.o
LOAD c:/program files (x86)/gcc-arm-none-eabi-10.3-2021.10-win32/gcc-arm-none-eabi-10.3-2021.10/bin/../lib/gcc/arm-none-eabi/10.3.1/thumb/v7-m/nofp/crtbegin.o
LOAD c:/program files (x86)/gcc-arm-none-eabi-10.3-2021.10-win32/gcc-arm-none-eabi-10.3-2021.10/bin/../lib/gcc/arm-none-eabi/10.3.1/../../../../arm-none-eabi/lib/thumb/v7-m/nofp/crt0.o
LOAD build/main.o
LOAD build/gpio.o
LOAD build/tim.o
LOAD build/sim800c.o
LOAD build/boot_loader.o
LOAD build/usart.o
LOAD build/stm32f1xx_it.o
LOAD build/stm32f1xx_hal_msp.o
LOAD build/stm32f1xx_hal_gpio_ex.o
LOAD build/stm32f1xx_hal_tim.o
LOAD build/stm32f1xx_hal_tim_ex.o
LOAD build/stm32f1xx_hal.o
LOAD build/stm32f1xx_hal_rcc.o
LOAD build/stm32f1xx_hal_rcc_ex.o
LOAD build/stm32f1xx_hal_gpio.o
LOAD build/stm32f1xx_hal_dma.o
LOAD build/stm32f1xx_hal_cortex.o
LOAD build/stm32f1xx_hal_pwr.o
LOAD build/stm32f1xx_hal_flash.o
LOAD build/stm32f1xx_hal_flash_ex.o
LOAD build/stm32f1xx_hal_exti.o
LOAD build/stm32f1xx_hal_uart.o
LOAD build/system_stm32f1xx.o
LOAD build/startup_stm32f103xb.o
LOAD c:/program files (x86)/gcc-arm-none-eabi-10.3-2021.10-win32/gcc-arm-none-eabi-10.3-2021.10/bin/../lib/gcc/arm-none-eabi/10.3.1/../../../../arm-none-eabi/lib/thumb/v7-m/nofp\libc_nano.a
LOAD c:/program files (x86)/gcc-arm-none-eabi-10.3-2021.10-win32/gcc-arm-none-eabi-10.3-2021.10/bin/../lib/gcc/arm-none-eabi/10.3.1/../../../../arm-none-eabi/lib/thumb/v7-m/nofp\libm.a
LOAD c:/program files (x86)/gcc-arm-none-eabi-10.3-2021.10-win32/gcc-arm-none-eabi-10.3-2021.10/bin/../lib/gcc/arm-none-eabi/10.3.1/../../../../arm-none-eabi/lib/thumb/v7-m/nofp\libnosys.a
START GROUP
LOAD c:/program files (x86)/gcc-arm-none-eabi-10.3-2021.10-win32/gcc-arm-none-eabi-10.3-2021.10/bin/../lib/gcc/arm-none-eabi/10.3.1/thumb/v7-m/nofp\libgcc.a
LOAD c:/program files (x86)/gcc-arm-none-eabi-10.3-2021.10-win32/gcc-arm-none-eabi-10.3-2021.10/bin/../lib/gcc/arm-none-eabi/10.3.1/../../../../arm-none-eabi/lib/thumb/v7-m/nofp\libc_nano.a
END GROUP
START GROUP
LOAD c:/program files (x86)/gcc-arm-none-eabi-10.3-2021.10-win32/gcc-arm-none-eabi-10.3-2021.10/bin/../lib/gcc/arm-none-eabi/10.3.1/thumb/v7-m/nofp\libgcc.a
LOAD c:/program files (x86)/gcc-arm-none-eabi-10.3-2021.10-win32/gcc-arm-none-eabi-10.3-2021.10/bin/../lib/gcc/arm-none-eabi/10.3.1/../../../../arm-none-eabi/lib/thumb/v7-m/nofp\libc_nano.a
END GROUP
LOAD c:/program files (x86)/gcc-arm-none-eabi-10.3-2021.10-win32/gcc-arm-none-eabi-10.3-2021.10/bin/../lib/gcc/arm-none-eabi/10.3.1/thumb/v7-m/nofp/crtend.o
LOAD c:/program files (x86)/gcc-arm-none-eabi-10.3-2021.10-win32/gcc-arm-none-eabi-10.3-2021.10/bin/../lib/gcc/arm-none-eabi/10.3.1/thumb/v7-m/nofp/crtn.o
                0x20005000                _estack = 0x20005000
                0x00000200                _Min_Heap_Size = 0x200
                0x00000400                _Min_Stack_Size = 0x400

.isr_vector     0x08000000      0x10c
                0x08000000                . = ALIGN (0x4)
 *(.isr_vector)
 .isr_vector    0x08000000      0x10c build/startup_stm32f103xb.o
                0x08000000                g_pfnVectors
                0x0800010c                . = ALIGN (0x4)

.text           0x0800010c     0x3354
                0x0800010c                . = ALIGN (0x4)
 *(.text)
 .text          0x0800010c       0x40 c:/program files (x86)/gcc-arm-none-eabi-10.3-2021.10-win32/gcc-arm-none-eabi-10.3-2021.10/bin/../lib/gcc/arm-none-eabi/10.3.1/thumb/v7-m/nofp/crtbegin.o
 .text          0x0800014c       0x10 c:/program files (x86)/gcc-arm-none-eabi-10.3-2021.10-win32/gcc-arm-none-eabi-10.3-2021.10/bin/../lib/gcc/arm-none-eabi/10.3.1/../../../../arm-none-eabi/lib/thumb/v7-m/nofp\libc_nano.a(lib_a-strlen.o)
                0x0800014c                strlen
 *(.text*)
 .text.HAL_UART_RxCpltCallback
                0x0800015c       0x14 build/main.o
                0x0800015c                HAL_UART_RxCpltCallback
 .text.HAL_TIM_PeriodElapsedCallback
                0x08000170       0x24 build/main.o
                0x08000170                HAL_TIM_PeriodElapsedCallback
 .text.Error_Handler
                0x08000194        0x4 build/main.o
                0x08000194                Error_Handler
 .text.SystemClock_Config
                0x08000198       0x64 build/main.o
                0x08000198                SystemClock_Config
 .text.main     0x080001fc       0xa4 build/main.o
                0x080001fc                main
 .text.MX_GPIO_Init
                0x080002a0       0xb0 build/gpio.o
                0x080002a0                MX_GPIO_Init
 .text.MX_TIM2_Init
                0x08000350       0x70 build/tim.o
                0x08000350                MX_TIM2_Init
 .text.MX_TIM3_Init
                0x080003c0       0x70 build/tim.o
                0x080003c0                MX_TIM3_Init
 .text.HAL_TIM_Base_MspInit
                0x08000430       0x70 build/tim.o
                0x08000430                HAL_TIM_Base_MspInit
 .text.sim800c_debug
                0x080004a0       0x14 build/sim800c.o
                0x080004a0                sim800c_debug
 .text.sim800c_sendCommand
                0x080004b4       0xac build/sim800c.o
                0x080004b4                sim800c_sendCommand
 .text.sim800c_callback
                0x08000560       0xc4 build/sim800c.o
                0x08000560                sim800c_callback
 .text.sim800c_timer2Callback
                0x08000624       0x74 build/sim800c.o
                0x08000624                sim800c_timer2Callback
 .text.sim800c_timer1Callback
                0x08000698       0x2c build/sim800c.o
                0x08000698                sim800c_timer1Callback
 .text.sim800c_errorHandle
                0x080006c4       0x14 build/sim800c.o
                0x080006c4                sim800c_errorHandle
 .text.sim800c_initHTTP
                0x080006d8       0x18 build/sim800c.o
                0x080006d8                sim800c_initHTTP
 .text.sim800c_connectServer
                0x080006f0       0x44 build/sim800c.o
                0x080006f0                sim800c_connectServer
 .text.sim800c_startOTA
                0x08000734       0xe8 build/sim800c.o
                0x08000734                sim800c_startOTA
 .text.sim800c_GSM_GPRS
                0x0800081c       0x64 build/sim800c.o
                0x0800081c                sim800c_GSM_GPRS
 .text.sim800c_init
                0x08000880       0x38 build/sim800c.o
                0x08000880                sim800c_init
 .text.MX_USART1_UART_Init
                0x080008b8       0x34 build/usart.o
                0x080008b8                MX_USART1_UART_Init
 .text.MX_USART2_UART_Init
                0x080008ec       0x34 build/usart.o
                0x080008ec                MX_USART2_UART_Init
 .text.HAL_UART_MspInit
                0x08000920       0xe4 build/usart.o
                0x08000920                HAL_UART_MspInit
 .text.NMI_Handler
                0x08000a04        0x2 build/stm32f1xx_it.o
                0x08000a04                NMI_Handler
 .text.HardFault_Handler
                0x08000a06        0x2 build/stm32f1xx_it.o
                0x08000a06                HardFault_Handler
 .text.MemManage_Handler
                0x08000a08        0x2 build/stm32f1xx_it.o
                0x08000a08                MemManage_Handler
 .text.BusFault_Handler
                0x08000a0a        0x2 build/stm32f1xx_it.o
                0x08000a0a                BusFault_Handler
 .text.UsageFault_Handler
                0x08000a0c        0x2 build/stm32f1xx_it.o
                0x08000a0c                UsageFault_Handler
 .text.SVC_Handler
                0x08000a0e        0x2 build/stm32f1xx_it.o
                0x08000a0e                SVC_Handler
 .text.DebugMon_Handler
                0x08000a10        0x2 build/stm32f1xx_it.o
                0x08000a10                DebugMon_Handler
 .text.PendSV_Handler
                0x08000a12        0x2 build/stm32f1xx_it.o
                0x08000a12                PendSV_Handler
 .text.SysTick_Handler
                0x08000a14        0x8 build/stm32f1xx_it.o
                0x08000a14                SysTick_Handler
 .text.TIM2_IRQHandler
                0x08000a1c       0x10 build/stm32f1xx_it.o
                0x08000a1c                TIM2_IRQHandler
 .text.TIM3_IRQHandler
                0x08000a2c       0x10 build/stm32f1xx_it.o
                0x08000a2c                TIM3_IRQHandler
 .text.USART2_IRQHandler
                0x08000a3c       0x10 build/stm32f1xx_it.o
                0x08000a3c                USART2_IRQHandler
 .text.HAL_MspInit
                0x08000a4c       0x44 build/stm32f1xx_hal_msp.o
                0x08000a4c                HAL_MspInit
 .text.TIM_TI1_ConfigInputStage
                0x08000a90       0x24 build/stm32f1xx_hal_tim.o
 .text.TIM_TI2_ConfigInputStage
                0x08000ab4       0x26 build/stm32f1xx_hal_tim.o
 .text.TIM_ITRx_SetConfig
                0x08000ada       0x10 build/stm32f1xx_hal_tim.o
 *fill*         0x08000aea        0x2 
 .text.HAL_TIM_Base_Start_IT
                0x08000aec       0x68 build/stm32f1xx_hal_tim.o
                0x08000aec                HAL_TIM_Base_Start_IT
 .text.HAL_TIM_Base_Stop_IT
                0x08000b54       0x32 build/stm32f1xx_hal_tim.o
                0x08000b54                HAL_TIM_Base_Stop_IT
 .text.HAL_TIM_OC_DelayElapsedCallback
                0x08000b86        0x2 build/stm32f1xx_hal_tim.o
                0x08000b86                HAL_TIM_OC_DelayElapsedCallback
 .text.HAL_TIM_IC_CaptureCallback
                0x08000b88        0x2 build/stm32f1xx_hal_tim.o
                0x08000b88                HAL_TIM_IC_CaptureCallback
 .text.HAL_TIM_PWM_PulseFinishedCallback
                0x08000b8a        0x2 build/stm32f1xx_hal_tim.o
                0x08000b8a                HAL_TIM_PWM_PulseFinishedCallback
 .text.HAL_TIM_TriggerCallback
                0x08000b8c        0x2 build/stm32f1xx_hal_tim.o
                0x08000b8c                HAL_TIM_TriggerCallback
 .text.HAL_TIM_IRQHandler
                0x08000b8e      0x17a build/stm32f1xx_hal_tim.o
                0x08000b8e                HAL_TIM_IRQHandler
 .text.TIM_Base_SetConfig
                0x08000d08       0x74 build/stm32f1xx_hal_tim.o
                0x08000d08                TIM_Base_SetConfig
 .text.HAL_TIM_Base_Init
                0x08000d7c       0x58 build/stm32f1xx_hal_tim.o
                0x08000d7c                HAL_TIM_Base_Init
 .text.TIM_ETR_SetConfig
                0x08000dd4       0x18 build/stm32f1xx_hal_tim.o
                0x08000dd4                TIM_ETR_SetConfig
 .text.HAL_TIM_ConfigClockSource
                0x08000dec       0xda build/stm32f1xx_hal_tim.o
                0x08000dec                HAL_TIM_ConfigClockSource
 *fill*         0x08000ec6        0x2 
 .text.HAL_TIMEx_MasterConfigSynchronization
                0x08000ec8       0x6c build/stm32f1xx_hal_tim_ex.o
                0x08000ec8                HAL_TIMEx_MasterConfigSynchronization
 .text.HAL_TIMEx_CommutCallback
                0x08000f34        0x2 build/stm32f1xx_hal_tim_ex.o
                0x08000f34                HAL_TIMEx_CommutCallback
 .text.HAL_TIMEx_BreakCallback
                0x08000f36        0x2 build/stm32f1xx_hal_tim_ex.o
                0x08000f36                HAL_TIMEx_BreakCallback
 .text.HAL_InitTick
                0x08000f38       0x4c build/stm32f1xx_hal.o
                0x08000f38                HAL_InitTick
 .text.HAL_Init
                0x08000f84       0x24 build/stm32f1xx_hal.o
                0x08000f84                HAL_Init
 .text.HAL_IncTick
                0x08000fa8       0x18 build/stm32f1xx_hal.o
                0x08000fa8                HAL_IncTick
 .text.HAL_GetTick
                0x08000fc0        0xc build/stm32f1xx_hal.o
                0x08000fc0                HAL_GetTick
 .text.HAL_Delay
                0x08000fcc       0x28 build/stm32f1xx_hal.o
                0x08000fcc                HAL_Delay
 .text.RCC_Delay
                0x08000ff4       0x2c build/stm32f1xx_hal_rcc.o
 .text.HAL_RCC_OscConfig
                0x08001020      0x410 build/stm32f1xx_hal_rcc.o
                0x08001020                HAL_RCC_OscConfig
 .text.HAL_RCC_GetSysClockFreq
                0x08001430       0x70 build/stm32f1xx_hal_rcc.o
                0x08001430                HAL_RCC_GetSysClockFreq
 .text.HAL_RCC_ClockConfig
                0x080014a0      0x16c build/stm32f1xx_hal_rcc.o
                0x080014a0                HAL_RCC_ClockConfig
 .text.HAL_RCC_GetHCLKFreq
                0x0800160c        0xc build/stm32f1xx_hal_rcc.o
                0x0800160c                HAL_RCC_GetHCLKFreq
 .text.HAL_RCC_GetPCLK1Freq
                0x08001618       0x20 build/stm32f1xx_hal_rcc.o
                0x08001618                HAL_RCC_GetPCLK1Freq
 .text.HAL_RCC_GetPCLK2Freq
                0x08001638       0x20 build/stm32f1xx_hal_rcc.o
                0x08001638                HAL_RCC_GetPCLK2Freq
 .text.HAL_GPIO_Init
                0x08001658      0x224 build/stm32f1xx_hal_gpio.o
                0x08001658                HAL_GPIO_Init
 .text.HAL_GPIO_ReadPin
                0x0800187c        0xe build/stm32f1xx_hal_gpio.o
                0x0800187c                HAL_GPIO_ReadPin
 .text.HAL_GPIO_WritePin
                0x0800188a        0xc build/stm32f1xx_hal_gpio.o
                0x0800188a                HAL_GPIO_WritePin
 .text.HAL_DMA_Abort
                0x08001896       0x44 build/stm32f1xx_hal_dma.o
                0x08001896                HAL_DMA_Abort
 *fill*         0x080018da        0x2 
 .text.HAL_DMA_Abort_IT
                0x080018dc       0x98 build/stm32f1xx_hal_dma.o
                0x080018dc                HAL_DMA_Abort_IT
 .text.HAL_NVIC_SetPriorityGrouping
                0x08001974       0x24 build/stm32f1xx_hal_cortex.o
                0x08001974                HAL_NVIC_SetPriorityGrouping
 .text.HAL_NVIC_SetPriority
                0x08001998       0x70 build/stm32f1xx_hal_cortex.o
                0x08001998                HAL_NVIC_SetPriority
 .text.HAL_NVIC_EnableIRQ
                0x08001a08       0x1c build/stm32f1xx_hal_cortex.o
                0x08001a08                HAL_NVIC_EnableIRQ
 .text.HAL_SYSTICK_Config
                0x08001a24       0x28 build/stm32f1xx_hal_cortex.o
                0x08001a24                HAL_SYSTICK_Config
 .text.UART_EndRxTransfer
                0x08001a4c       0x32 build/stm32f1xx_hal_uart.o
 .text.UART_Transmit_IT
                0x08001a7e       0x60 build/stm32f1xx_hal_uart.o
 *fill*         0x08001ade        0x2 
 .text.UART_SetConfig
                0x08001ae0       0x94 build/stm32f1xx_hal_uart.o
 .text.UART_WaitOnFlagUntilTimeout
                0x08001b74       0x6c build/stm32f1xx_hal_uart.o
 .text.HAL_UART_Init
                0x08001be0       0x5e build/stm32f1xx_hal_uart.o
                0x08001be0                HAL_UART_Init
 .text.HAL_UART_Transmit
                0x08001c3e       0xd8 build/stm32f1xx_hal_uart.o
                0x08001c3e                HAL_UART_Transmit
 .text.HAL_UART_Transmit_IT
                0x08001d16       0x4e build/stm32f1xx_hal_uart.o
                0x08001d16                HAL_UART_Transmit_IT
 .text.HAL_UART_TxCpltCallback
                0x08001d64        0x2 build/stm32f1xx_hal_uart.o
                0x08001d64                HAL_UART_TxCpltCallback
 .text.UART_EndTransmit_IT
                0x08001d66       0x1a build/stm32f1xx_hal_uart.o
 .text.HAL_UART_ErrorCallback
                0x08001d80        0x2 build/stm32f1xx_hal_uart.o
                0x08001d80                HAL_UART_ErrorCallback
 .text.UART_DMAAbortOnError
                0x08001d82       0x10 build/stm32f1xx_hal_uart.o
 .text.HAL_UARTEx_RxEventCallback
                0x08001d92        0x2 build/stm32f1xx_hal_uart.o
                0x08001d92                HAL_UARTEx_RxEventCallback
 .text.UART_Receive_IT
                0x08001d94       0xd4 build/stm32f1xx_hal_uart.o
 .text.HAL_UART_IRQHandler
                0x08001e68      0x204 build/stm32f1xx_hal_uart.o
                0x08001e68                HAL_UART_IRQHandler
 .text.UART_Start_Receive_IT
                0x0800206c       0x36 build/stm32f1xx_hal_uart.o
                0x0800206c                UART_Start_Receive_IT
 .text.HAL_UART_Receive_IT
                0x080020a2       0x38 build/stm32f1xx_hal_uart.o
                0x080020a2                HAL_UART_Receive_IT
 .text.SystemInit
                0x080020da        0x2 build/system_stm32f1xx.o
                0x080020da                SystemInit
 .text.Reset_Handler
                0x080020dc       0x48 build/startup_stm32f103xb.o
                0x080020dc                Reset_Handler
 .text.Default_Handler
                0x08002124        0x2 build/startup_stm32f103xb.o
                0x08002124                RTC_Alarm_IRQHandler
                0x08002124                EXTI2_IRQHandler
                0x08002124                TIM1_CC_IRQHandler
                0x08002124                PVD_IRQHandler
                0x08002124                EXTI3_IRQHandler
                0x08002124                EXTI0_IRQHandler
                0x08002124                I2C2_EV_IRQHandler
                0x08002124                ADC1_2_IRQHandler
                0x08002124                SPI1_IRQHandler
                0x08002124                TAMPER_IRQHandler
                0x08002124                DMA1_Channel4_IRQHandler
                0x08002124                USART3_IRQHandler
                0x08002124                RTC_IRQHandler
                0x08002124                DMA1_Channel7_IRQHandler
                0x08002124                CAN1_RX1_IRQHandler
                0x08002124                TIM4_IRQHandler
                0x08002124                I2C1_EV_IRQHandler
                0x08002124                DMA1_Channel6_IRQHandler
                0x08002124                RCC_IRQHandler
                0x08002124                TIM1_TRG_COM_IRQHandler
                0x08002124                DMA1_Channel1_IRQHandler
                0x08002124                Default_Handler
                0x08002124                EXTI15_10_IRQHandler
                0x08002124                EXTI9_5_IRQHandler
                0x08002124                SPI2_IRQHandler
                0x08002124                DMA1_Channel5_IRQHandler
                0x08002124                EXTI4_IRQHandler
                0x08002124                USB_LP_CAN1_RX0_IRQHandler
                0x08002124                USB_HP_CAN1_TX_IRQHandler
                0x08002124                DMA1_Channel3_IRQHandler
                0x08002124                TIM1_UP_IRQHandler
                0x08002124                WWDG_IRQHandler
                0x08002124                TIM1_BRK_IRQHandler
                0x08002124                EXTI1_IRQHandler
                0x08002124                I2C2_ER_IRQHandler
                0x08002124                DMA1_Channel2_IRQHandler
                0x08002124                CAN1_SCE_IRQHandler
                0x08002124                FLASH_IRQHandler
                0x08002124                USART1_IRQHandler
                0x08002124                I2C1_ER_IRQHandler
                0x08002124                USBWakeUp_IRQHandler
 *fill*         0x08002126        0x2 
 .text.__libc_init_array
                0x08002128       0x48 c:/program files (x86)/gcc-arm-none-eabi-10.3-2021.10-win32/gcc-arm-none-eabi-10.3-2021.10/bin/../lib/gcc/arm-none-eabi/10.3.1/../../../../arm-none-eabi/lib/thumb/v7-m/nofp\libc_nano.a(lib_a-init.o)
                0x08002128                __libc_init_array
 .text.memcpy   0x08002170       0x1c c:/program files (x86)/gcc-arm-none-eabi-10.3-2021.10-win32/gcc-arm-none-eabi-10.3-2021.10/bin/../lib/gcc/arm-none-eabi/10.3.1/../../../../arm-none-eabi/lib/thumb/v7-m/nofp\libc_nano.a(lib_a-memcpy-stub.o)
                0x08002170                memcpy
 .text.memset   0x0800218c       0x10 c:/program files (x86)/gcc-arm-none-eabi-10.3-2021.10-win32/gcc-arm-none-eabi-10.3-2021.10/bin/../lib/gcc/arm-none-eabi/10.3.1/../../../../arm-none-eabi/lib/thumb/v7-m/nofp\libc_nano.a(lib_a-memset.o)
                0x0800218c                memset
 .text.sprintf  0x0800219c       0x40 c:/program files (x86)/gcc-arm-none-eabi-10.3-2021.10-win32/gcc-arm-none-eabi-10.3-2021.10/bin/../lib/gcc/arm-none-eabi/10.3.1/../../../../arm-none-eabi/lib/thumb/v7-m/nofp\libc_nano.a(lib_a-sprintf.o)
                0x0800219c                siprintf
                0x0800219c                sprintf
 .text.sscanf   0x080021dc       0x54 c:/program files (x86)/gcc-arm-none-eabi-10.3-2021.10-win32/gcc-arm-none-eabi-10.3-2021.10/bin/../lib/gcc/arm-none-eabi/10.3.1/../../../../arm-none-eabi/lib/thumb/v7-m/nofp\libc_nano.a(lib_a-sscanf.o)
                0x080021dc                siscanf
                0x080021dc                sscanf
 .text.__seofread
                0x08002230        0x4 c:/program files (x86)/gcc-arm-none-eabi-10.3-2021.10-win32/gcc-arm-none-eabi-10.3-2021.10/bin/../lib/gcc/arm-none-eabi/10.3.1/../../../../arm-none-eabi/lib/thumb/v7-m/nofp\libc_nano.a(lib_a-stdio.o)
                0x08002230                __seofread
 .text.strchr   0x08002234       0x1a c:/program files (x86)/gcc-arm-none-eabi-10.3-2021.10-win32/gcc-arm-none-eabi-10.3-2021.10/bin/../lib/gcc/arm-none-eabi/10.3.1/../../../../arm-none-eabi/lib/thumb/v7-m/nofp\libc_nano.a(lib_a-strchr.o)
                0x08002234                strchr
 .text.strstr   0x0800224e       0x2c c:/program files (x86)/gcc-arm-none-eabi-10.3-2021.10-win32/gcc-arm-none-eabi-10.3-2021.10/bin/../lib/gcc/arm-none-eabi/10.3.1/../../../../arm-none-eabi/lib/thumb/v7-m/nofp\libc_nano.a(lib_a-strstr.o)
                0x0800224e                strstr
 .text.__ssputs_r
                0x0800227a       0xb6 c:/program files (x86)/gcc-arm-none-eabi-10.3-2021.10-win32/gcc-arm-none-eabi-10.3-2021.10/bin/../lib/gcc/arm-none-eabi/10.3.1/../../../../arm-none-eabi/lib/thumb/v7-m/nofp\libc_nano.a(lib_a-nano-svfprintf.o)
                0x0800227a                __ssputs_r
 .text._svfprintf_r
                0x08002330      0x200 c:/program files (x86)/gcc-arm-none-eabi-10.3-2021.10-win32/gcc-arm-none-eabi-10.3-2021.10/bin/../lib/gcc/arm-none-eabi/10.3.1/../../../../arm-none-eabi/lib/thumb/v7-m/nofp\libc_nano.a(lib_a-nano-svfprintf.o)
                0x08002330                _svfiprintf_r
                0x08002330                _svfprintf_r
 .text._sungetc_r
                0x08002530       0x7a c:/program files (x86)/gcc-arm-none-eabi-10.3-2021.10-win32/gcc-arm-none-eabi-10.3-2021.10/bin/../lib/gcc/arm-none-eabi/10.3.1/../../../../arm-none-eabi/lib/thumb/v7-m/nofp\libc_nano.a(lib_a-nano-svfscanf.o)
                0x08002530                _sungetc_r
 .text.__ssrefill_r
                0x080025aa       0x3a c:/program files (x86)/gcc-arm-none-eabi-10.3-2021.10-win32/gcc-arm-none-eabi-10.3-2021.10/bin/../lib/gcc/arm-none-eabi/10.3.1/../../../../arm-none-eabi/lib/thumb/v7-m/nofp\libc_nano.a(lib_a-nano-svfscanf.o)
                0x080025aa                __ssrefill_r
 .text.__ssvfscanf_r
                0x080025e4      0x2f4 c:/program files (x86)/gcc-arm-none-eabi-10.3-2021.10-win32/gcc-arm-none-eabi-10.3-2021.10/bin/../lib/gcc/arm-none-eabi/10.3.1/../../../../arm-none-eabi/lib/thumb/v7-m/nofp\libc_nano.a(lib_a-nano-svfscanf.o)
                0x080025e4                __ssvfiscanf_r
                0x080025e4                __ssvfscanf_r
 .text._printf_common
                0x080028d8       0xde c:/program files (x86)/gcc-arm-none-eabi-10.3-2021.10-win32/gcc-arm-none-eabi-10.3-2021.10/bin/../lib/gcc/arm-none-eabi/10.3.1/../../../../arm-none-eabi/lib/thumb/v7-m/nofp\libc_nano.a(lib_a-nano-vfprintf_i.o)
                0x080028d8                _printf_common
 *fill*         0x080029b6        0x2 
 .text._printf_i
                0x080029b8      0x24c c:/program files (x86)/gcc-arm-none-eabi-10.3-2021.10-win32/gcc-arm-none-eabi-10.3-2021.10/bin/../lib/gcc/arm-none-eabi/10.3.1/../../../../arm-none-eabi/lib/thumb/v7-m/nofp\libc_nano.a(lib_a-nano-vfprintf_i.o)
                0x080029b8                _printf_i
 .text._scanf_chars
                0x08002c04       0xb4 c:/program files (x86)/gcc-arm-none-eabi-10.3-2021.10-win32/gcc-arm-none-eabi-10.3-2021.10/bin/../lib/gcc/arm-none-eabi/10.3.1/../../../../arm-none-eabi/lib/thumb/v7-m/nofp\libc_nano.a(lib_a-nano-vfscanf_i.o)
                0x08002c04                _scanf_chars
 .text._scanf_i
                0x08002cb8      0x1f0 c:/program files (x86)/gcc-arm-none-eabi-10.3-2021.10-win32/gcc-arm-none-eabi-10.3-2021.10/bin/../lib/gcc/arm-none-eabi/10.3.1/../../../../arm-none-eabi/lib/thumb/v7-m/nofp\libc_nano.a(lib_a-nano-vfscanf_i.o)
                0x08002cb8                _scanf_i
 .text.__sccl   0x08002ea8       0x70 c:/program files (x86)/gcc-arm-none-eabi-10.3-2021.10-win32/gcc-arm-none-eabi-10.3-2021.10/bin/../lib/gcc/arm-none-eabi/10.3.1/../../../../arm-none-eabi/lib/thumb/v7-m/nofp\libc_nano.a(lib_a-sccl.o)
                0x08002ea8                __sccl
 .text._strtol_l.constprop.0
                0x08002f18       0xf8 c:/program files (x86)/gcc-arm-none-eabi-10.3-2021.10-win32/gcc-arm-none-eabi-10.3-2021.10/bin/../lib/gcc/arm-none-eabi/10.3.1/../../../../arm-none-eabi/lib/thumb/v7-m/nofp\libc_nano.a(lib_a-strtol.o)
 .text._strtol_r
                0x08003010        0x4 c:/program files (x86)/gcc-arm-none-eabi-10.3-2021.10-win32/gcc-arm-none-eabi-10.3-2021.10/bin/../lib/gcc/arm-none-eabi/10.3.1/../../../../arm-none-eabi/lib/thumb/v7-m/nofp\libc_nano.a(lib_a-strtol.o)
                0x08003010                _strtol_r
 .text._strtoul_l.constprop.0
                0x08003014       0xe4 c:/program files (x86)/gcc-arm-none-eabi-10.3-2021.10-win32/gcc-arm-none-eabi-10.3-2021.10/bin/../lib/gcc/arm-none-eabi/10.3.1/../../../../arm-none-eabi/lib/thumb/v7-m/nofp\libc_nano.a(lib_a-strtoul.o)
 .text._strtoul_r
                0x080030f8        0x4 c:/program files (x86)/gcc-arm-none-eabi-10.3-2021.10-win32/gcc-arm-none-eabi-10.3-2021.10/bin/../lib/gcc/arm-none-eabi/10.3.1/../../../../arm-none-eabi/lib/thumb/v7-m/nofp\libc_nano.a(lib_a-strtoul.o)
                0x080030f8                _strtoul_r
 .text.__submore
                0x080030fc       0x70 c:/program files (x86)/gcc-arm-none-eabi-10.3-2021.10-win32/gcc-arm-none-eabi-10.3-2021.10/bin/../lib/gcc/arm-none-eabi/10.3.1/../../../../arm-none-eabi/lib/thumb/v7-m/nofp\libc_nano.a(lib_a-ungetc.o)
                0x080030fc                __submore
 .text.__errno  0x0800316c        0xc c:/program files (x86)/gcc-arm-none-eabi-10.3-2021.10-win32/gcc-arm-none-eabi-10.3-2021.10/bin/../lib/gcc/arm-none-eabi/10.3.1/../../../../arm-none-eabi/lib/thumb/v7-m/nofp\libc_nano.a(lib_a-errno.o)
                0x0800316c                __errno
 .text.__retarget_lock_acquire_recursive
                0x08003178        0x2 c:/program files (x86)/gcc-arm-none-eabi-10.3-2021.10-win32/gcc-arm-none-eabi-10.3-2021.10/bin/../lib/gcc/arm-none-eabi/10.3.1/../../../../arm-none-eabi/lib/thumb/v7-m/nofp\libc_nano.a(lib_a-lock.o)
                0x08003178                __retarget_lock_acquire_recursive
 .text.__retarget_lock_release_recursive
                0x0800317a        0x2 c:/program files (x86)/gcc-arm-none-eabi-10.3-2021.10-win32/gcc-arm-none-eabi-10.3-2021.10/bin/../lib/gcc/arm-none-eabi/10.3.1/../../../../arm-none-eabi/lib/thumb/v7-m/nofp\libc_nano.a(lib_a-lock.o)
                0x0800317a                __retarget_lock_release_recursive
 .text.memchr   0x0800317c       0x1c c:/program files (x86)/gcc-arm-none-eabi-10.3-2021.10-win32/gcc-arm-none-eabi-10.3-2021.10/bin/../lib/gcc/arm-none-eabi/10.3.1/../../../../arm-none-eabi/lib/thumb/v7-m/nofp\libc_nano.a(lib_a-memchr-stub.o)
                0x0800317c                memchr
 .text.memmove  0x08003198       0x34 c:/program files (x86)/gcc-arm-none-eabi-10.3-2021.10-win32/gcc-arm-none-eabi-10.3-2021.10/bin/../lib/gcc/arm-none-eabi/10.3.1/../../../../arm-none-eabi/lib/thumb/v7-m/nofp\libc_nano.a(lib_a-memmove.o)
                0x08003198                memmove
 .text._free_r  0x080031cc       0x90 c:/program files (x86)/gcc-arm-none-eabi-10.3-2021.10-win32/gcc-arm-none-eabi-10.3-2021.10/bin/../lib/gcc/arm-none-eabi/10.3.1/../../../../arm-none-eabi/lib/thumb/v7-m/nofp\libc_nano.a(lib_a-nano-freer.o)
                0x080031cc                _free_r
 .text.sbrk_aligned
                0x0800325c       0x40 c:/program files (x86)/gcc-arm-none-eabi-10.3-2021.10-win32/gcc-arm-none-eabi-10.3-2021.10/bin/../lib/gcc/arm-none-eabi/10.3.1/../../../../arm-none-eabi/lib/thumb/v7-m/nofp\libc_nano.a(lib_a-nano-mallocr.o)
 .text._malloc_r
                0x0800329c       0xe8 c:/program files (x86)/gcc-arm-none-eabi-10.3-2021.10-win32/gcc-arm-none-eabi-10.3-2021.10/bin/../lib/gcc/arm-none-eabi/10.3.1/../../../../arm-none-eabi/lib/thumb/v7-m/nofp\libc_nano.a(lib_a-nano-mallocr.o)
                0x0800329c                _malloc_r
 .text._realloc_r
                0x08003384       0x5e c:/program files (x86)/gcc-arm-none-eabi-10.3-2021.10-win32/gcc-arm-none-eabi-10.3-2021.10/bin/../lib/gcc/arm-none-eabi/10.3.1/../../../../arm-none-eabi/lib/thumb/v7-m/nofp\libc_nano.a(lib_a-nano-reallocr.o)
                0x08003384                _realloc_r
 *fill*         0x080033e2        0x2 
 .text._sbrk_r  0x080033e4       0x20 c:/program files (x86)/gcc-arm-none-eabi-10.3-2021.10-win32/gcc-arm-none-eabi-10.3-2021.10/bin/../lib/gcc/arm-none-eabi/10.3.1/../../../../arm-none-eabi/lib/thumb/v7-m/nofp\libc_nano.a(lib_a-sbrkr.o)
                0x080033e4                _sbrk_r
 .text.__malloc_lock
                0x08003404        0xc c:/program files (x86)/gcc-arm-none-eabi-10.3-2021.10-win32/gcc-arm-none-eabi-10.3-2021.10/bin/../lib/gcc/arm-none-eabi/10.3.1/../../../../arm-none-eabi/lib/thumb/v7-m/nofp\libc_nano.a(lib_a-mlock.o)
                0x08003404                __malloc_lock
 .text.__malloc_unlock
                0x08003410        0xc c:/program files (x86)/gcc-arm-none-eabi-10.3-2021.10-win32/gcc-arm-none-eabi-10.3-2021.10/bin/../lib/gcc/arm-none-eabi/10.3.1/../../../../arm-none-eabi/lib/thumb/v7-m/nofp\libc_nano.a(lib_a-mlock.o)
                0x08003410                __malloc_unlock
 .text._malloc_usable_size_r
                0x0800341c       0x10 c:/program files (x86)/gcc-arm-none-eabi-10.3-2021.10-win32/gcc-arm-none-eabi-10.3-2021.10/bin/../lib/gcc/arm-none-eabi/10.3.1/../../../../arm-none-eabi/lib/thumb/v7-m/nofp\libc_nano.a(lib_a-nano-msizer.o)
                0x0800341c                _malloc_usable_size_r
 .text._sbrk    0x0800342c       0x1c c:/program files (x86)/gcc-arm-none-eabi-10.3-2021.10-win32/gcc-arm-none-eabi-10.3-2021.10/bin/../lib/gcc/arm-none-eabi/10.3.1/../../../../arm-none-eabi/lib/thumb/v7-m/nofp\libnosys.a(sbrk.o)
                0x0800342c                _sbrk
 *(.glue_7)
 .glue_7        0x08003448        0x0 linker stubs
 *(.glue_7t)
 .glue_7t       0x08003448        0x0 linker stubs
 *(.eh_frame)
 .eh_frame      0x08003448        0x0 c:/program files (x86)/gcc-arm-none-eabi-10.3-2021.10-win32/gcc-arm-none-eabi-10.3-2021.10/bin/../lib/gcc/arm-none-eabi/10.3.1/thumb/v7-m/nofp/crtbegin.o
 *(.init)
 .init          0x08003448        0x4 c:/program files (x86)/gcc-arm-none-eabi-10.3-2021.10-win32/gcc-arm-none-eabi-10.3-2021.10/bin/../lib/gcc/arm-none-eabi/10.3.1/thumb/v7-m/nofp/crti.o
                0x08003448                _init
 .init          0x0800344c        0x8 c:/program files (x86)/gcc-arm-none-eabi-10.3-2021.10-win32/gcc-arm-none-eabi-10.3-2021.10/bin/../lib/gcc/arm-none-eabi/10.3.1/thumb/v7-m/nofp/crtn.o
 *(.fini)
 .fini          0x08003454        0x4 c:/program files (x86)/gcc-arm-none-eabi-10.3-2021.10-win32/gcc-arm-none-eabi-10.3-2021.10/bin/../lib/gcc/arm-none-eabi/10.3.1/thumb/v7-m/nofp/crti.o
                0x08003454                _fini
 .fini          0x08003458        0x8 c:/program files (x86)/gcc-arm-none-eabi-10.3-2021.10-win32/gcc-arm-none-eabi-10.3-2021.10/bin/../lib/gcc/arm-none-eabi/10.3.1/thumb/v7-m/nofp/crtn.o
                0x08003460                . = ALIGN (0x4)
                0x08003460                _etext = .

.vfp11_veneer   0x08003460        0x0
 .vfp11_veneer  0x08003460        0x0 linker stubs

.v4_bx          0x08003460        0x0
 .v4_bx         0x08003460        0x0 linker stubs

.iplt           0x08003460        0x0
 .iplt          0x08003460        0x0 c:/program files (x86)/gcc-arm-none-eabi-10.3-2021.10-win32/gcc-arm-none-eabi-10.3-2021.10/bin/../lib/gcc/arm-none-eabi/10.3.1/thumb/v7-m/nofp/crtbegin.o

.rodata         0x08003460      0x370
                0x08003460                . = ALIGN (0x4)
 *(.rodata)
 .rodata        0x08003460        0xc c:/program files (x86)/gcc-arm-none-eabi-10.3-2021.10-win32/gcc-arm-none-eabi-10.3-2021.10/bin/../lib/gcc/arm-none-eabi/10.3.1/../../../../arm-none-eabi/lib/thumb/v7-m/nofp\libc_nano.a(lib_a-nano-vfscanf_i.o)
 *(.rodata*)
 .rodata.main.str1.4
                0x0800346c       0x11 build/main.o
 *fill*         0x0800347d        0x3 
 .rodata.apikey
                0x08003480       0x25 build/main.o
                0x08003480                apikey
 *fill*         0x080034a5        0x3 
 .rodata.chipID
                0x080034a8        0x7 build/main.o
                0x080034a8                chipID
 *fill*         0x080034af        0x1 
 .rodata.url    0x080034b0       0x26 build/main.o
                0x080034b0                url
 *fill*         0x080034d6        0x2 
 .rodata.version
                0x080034d8        0x8 build/main.o
                0x080034d8                version
 .rodata.sim800c_callback.str1.4
                0x080034e0       0x11 build/sim800c.o
                                  0x3 (size before relaxing)
 .rodata.sim800c_errorHandle.str1.4
                0x080034e0        0xc build/sim800c.o
 .rodata.sim800c_sendSMS.str1.4
                0x080034ec       0x1e build/sim800c.o
                                 0x26 (size before relaxing)
 *fill*         0x0800350a        0x2 
 .rodata.sim800c_initHTTP.str1.4
                0x0800350c        0xe build/sim800c.o
 *fill*         0x0800351a        0x2 
 .rodata.sim800c_connectServer.str1.4
                0x0800351c       0x30 build/sim800c.o
 .rodata.sim800c_startOTA.str1.4
                0x0800354c       0x49 build/sim800c.o
 *fill*         0x08003595        0x3 
 .rodata.sim800c_GSM_GPRS.str1.4
                0x08003598       0x4b build/sim800c.o
 *fill*         0x080035e3        0x1 
 .rodata.sim800c_init.str1.4
                0x080035e4        0xd build/sim800c.o
 *fill*         0x080035f1        0x3 
 .rodata.HAL_RCC_GetSysClockFreq.str1.4
                0x080035f4       0x11 build/stm32f1xx_hal_rcc.o
 *fill*         0x08003605        0x3 
 .rodata.AHBPrescTable
                0x08003608       0x10 build/system_stm32f1xx.o
                0x08003608                AHBPrescTable
 .rodata.APBPrescTable
                0x08003618        0x8 build/system_stm32f1xx.o
                0x08003618                APBPrescTable
 .rodata._svfprintf_r.str1.1
                0x08003620       0x11 c:/program files (x86)/gcc-arm-none-eabi-10.3-2021.10-win32/gcc-arm-none-eabi-10.3-2021.10/bin/../lib/gcc/arm-none-eabi/10.3.1/../../../../arm-none-eabi/lib/thumb/v7-m/nofp\libc_nano.a(lib_a-nano-svfprintf.o)
 .rodata.__ssvfscanf_r.str1.1
                0x08003631        0x4 c:/program files (x86)/gcc-arm-none-eabi-10.3-2021.10-win32/gcc-arm-none-eabi-10.3-2021.10/bin/../lib/gcc/arm-none-eabi/10.3.1/../../../../arm-none-eabi/lib/thumb/v7-m/nofp\libc_nano.a(lib_a-nano-svfscanf.o)
 .rodata._printf_i.str1.1
                0x08003631       0x22 c:/program files (x86)/gcc-arm-none-eabi-10.3-2021.10-win32/gcc-arm-none-eabi-10.3-2021.10/bin/../lib/gcc/arm-none-eabi/10.3.1/../../../../arm-none-eabi/lib/thumb/v7-m/nofp\libc_nano.a(lib_a-nano-vfprintf_i.o)
 .rodata.str1.1
                0x08003653        0x9 c:/program files (x86)/gcc-arm-none-eabi-10.3-2021.10-win32/gcc-arm-none-eabi-10.3-2021.10/bin/../lib/gcc/arm-none-eabi/10.3.1/../../../../arm-none-eabi/lib/thumb/v7-m/nofp\libc_nano.a(lib_a-nano-vfscanf_i.o)
 .rodata._scanf_i.str1.1
                0x0800365c       0x12 c:/program files (x86)/gcc-arm-none-eabi-10.3-2021.10-win32/gcc-arm-none-eabi-10.3-2021.10/bin/../lib/gcc/arm-none-eabi/10.3.1/../../../../arm-none-eabi/lib/thumb/v7-m/nofp\libc_nano.a(lib_a-nano-vfscanf_i.o)
 .rodata._ctype_
                0x0800366e      0x101 c:/program files (x86)/gcc-arm-none-eabi-10.3-2021.10-win32/gcc-arm-none-eabi-10.3-2021.10/bin/../lib/gcc/arm-none-eabi/10.3.1/../../../../arm-none-eabi/lib/thumb/v7-m/nofp\libc_nano.a(lib_a-ctype_.o)
                0x0800366e                _ctype_
 *fill*         0x0800376f        0x1 
 .rodata.__sf_fake_stderr
                0x08003770       0x20 c:/program files (x86)/gcc-arm-none-eabi-10.3-2021.10-win32/gcc-arm-none-eabi-10.3-2021.10/bin/../lib/gcc/arm-none-eabi/10.3.1/../../../../arm-none-eabi/lib/thumb/v7-m/nofp\libc_nano.a(lib_a-findfp.o)
                0x08003770                __sf_fake_stderr
 .rodata.__sf_fake_stdin
                0x08003790       0x20 c:/program files (x86)/gcc-arm-none-eabi-10.3-2021.10-win32/gcc-arm-none-eabi-10.3-2021.10/bin/../lib/gcc/arm-none-eabi/10.3.1/../../../../arm-none-eabi/lib/thumb/v7-m/nofp\libc_nano.a(lib_a-findfp.o)
                0x08003790                __sf_fake_stdin
 .rodata.__sf_fake_stdout
                0x080037b0       0x20 c:/program files (x86)/gcc-arm-none-eabi-10.3-2021.10-win32/gcc-arm-none-eabi-10.3-2021.10/bin/../lib/gcc/arm-none-eabi/10.3.1/../../../../arm-none-eabi/lib/thumb/v7-m/nofp\libc_nano.a(lib_a-findfp.o)
                0x080037b0                __sf_fake_stdout
                0x080037d0                . = ALIGN (0x4)

.rel.dyn        0x080037d0        0x0
 .rel.iplt      0x080037d0        0x0 c:/program files (x86)/gcc-arm-none-eabi-10.3-2021.10-win32/gcc-arm-none-eabi-10.3-2021.10/bin/../lib/gcc/arm-none-eabi/10.3.1/thumb/v7-m/nofp/crtbegin.o

.ARM.extab
 *(.ARM.extab* .gnu.linkonce.armextab.*)

.ARM            0x080037d0        0x0
                0x080037d0                __exidx_start = .
 *(.ARM.exidx*)
                0x080037d0                __exidx_end = .

.preinit_array  0x080037d0        0x0
                0x080037d0                PROVIDE (__preinit_array_start = .)
 *(.preinit_array*)
                0x080037d0                PROVIDE (__preinit_array_end = .)

.init_array     0x080037d0        0x4
                0x080037d0                PROVIDE (__init_array_start = .)
 *(SORT_BY_NAME(.init_array.*))
 *(.init_array*)
 .init_array    0x080037d0        0x4 c:/program files (x86)/gcc-arm-none-eabi-10.3-2021.10-win32/gcc-arm-none-eabi-10.3-2021.10/bin/../lib/gcc/arm-none-eabi/10.3.1/thumb/v7-m/nofp/crtbegin.o
                0x080037d4                PROVIDE (__init_array_end = .)

.fini_array     0x080037d4        0x4
                [!provide]                PROVIDE (__fini_array_start = .)
 *(SORT_BY_NAME(.fini_array.*))
 *(.fini_array*)
 .fini_array    0x080037d4        0x4 c:/program files (x86)/gcc-arm-none-eabi-10.3-2021.10-win32/gcc-arm-none-eabi-10.3-2021.10/bin/../lib/gcc/arm-none-eabi/10.3.1/thumb/v7-m/nofp/crtbegin.o
                [!provide]                PROVIDE (__fini_array_end = .)
                0x080037d8                _sidata = LOADADDR (.data)

.data           0x20000000       0x70 load address 0x080037d8
                0x20000000                . = ALIGN (0x4)
                0x20000000                _sdata = .
 *(.data)
 *(.data*)
 .data.is_sim_on
                0x20000000        0x1 build/main.o
                0x20000000                is_sim_on
 .data.uwTickFreq
                0x20000001        0x1 build/stm32f1xx_hal.o
                0x20000001                uwTickFreq
 *fill*         0x20000002        0x2 
 .data.uwTickPrio
                0x20000004        0x4 build/stm32f1xx_hal.o
                0x20000004                uwTickPrio
 .data.SystemCoreClock
                0x20000008        0x4 build/system_stm32f1xx.o
                0x20000008                SystemCoreClock
 .data._impure_ptr
                0x2000000c        0x4 c:/program files (x86)/gcc-arm-none-eabi-10.3-2021.10-win32/gcc-arm-none-eabi-10.3-2021.10/bin/../lib/gcc/arm-none-eabi/10.3.1/../../../../arm-none-eabi/lib/thumb/v7-m/nofp\libc_nano.a(lib_a-impure.o)
                0x2000000c                _impure_ptr
 .data.impure_data
                0x20000010       0x60 c:/program files (x86)/gcc-arm-none-eabi-10.3-2021.10-win32/gcc-arm-none-eabi-10.3-2021.10/bin/../lib/gcc/arm-none-eabi/10.3.1/../../../../arm-none-eabi/lib/thumb/v7-m/nofp\libc_nano.a(lib_a-impure.o)
                0x20000070                . = ALIGN (0x4)
                0x20000070                _edata = .

.igot.plt       0x20000070        0x0 load address 0x08003848
 .igot.plt      0x20000070        0x0 c:/program files (x86)/gcc-arm-none-eabi-10.3-2021.10-win32/gcc-arm-none-eabi-10.3-2021.10/bin/../lib/gcc/arm-none-eabi/10.3.1/thumb/v7-m/nofp/crtbegin.o
                0x20000070                . = ALIGN (0x4)

.bss            0x20000070      0x6e4 load address 0x08003848
                0x20000070                _sbss = .
                0x20000070                __bss_start__ = _sbss
 *(.bss)
 .bss           0x20000070       0x1c c:/program files (x86)/gcc-arm-none-eabi-10.3-2021.10-win32/gcc-arm-none-eabi-10.3-2021.10/bin/../lib/gcc/arm-none-eabi/10.3.1/thumb/v7-m/nofp/crtbegin.o
 *(.bss*)
 .bss.link      0x2000008c       0x64 build/main.o
                0x2000008c                link
 .bss.htim2     0x200000f0       0x48 build/tim.o
                0x200000f0                htim2
 .bss.htim3     0x20000138       0x48 build/tim.o
                0x20000138                htim3
 .bss.httpaction
                0x20000180        0xc build/sim800c.o
                0x20000180                httpaction
 .bss.is_ota    0x2000018c        0x1 build/sim800c.o
                0x2000018c                is_ota
 *fill*         0x2000018d        0x3 
 .bss.simRxBuf  0x20000190       0x64 build/sim800c.o
                0x20000190                simRxBuf
 .bss.simRxCplt
                0x200001f4        0x1 build/sim800c.o
                0x200001f4                simRxCplt
 .bss.simRxData
                0x200001f5        0x1 build/sim800c.o
                0x200001f5                simRxData
 *fill*         0x200001f6        0x2 
 .bss.simRxIndex
                0x200001f8        0x4 build/sim800c.o
                0x200001f8                simRxIndex
 .bss.simRxOTABuf
                0x200001fc      0x44c build/sim800c.o
                0x200001fc                simRxOTABuf
 .bss.simRxOTACplt
                0x20000648        0x1 build/sim800c.o
                0x20000648                simRxOTACplt
 *fill*         0x20000649        0x3 
 .bss.simRxOTAIndex
                0x2000064c        0x4 build/sim800c.o
                0x2000064c                simRxOTAIndex
 .bss.simRxResponse
                0x20000650       0x64 build/sim800c.o
                0x20000650                simRxResponse
 .bss.huart1    0x200006b4       0x44 build/usart.o
                0x200006b4                huart1
 .bss.huart2    0x200006f8       0x44 build/usart.o
                0x200006f8                huart2
 .bss.uwTick    0x2000073c        0x4 build/stm32f1xx_hal.o
                0x2000073c                uwTick
 .bss.errno     0x20000740        0x4 c:/program files (x86)/gcc-arm-none-eabi-10.3-2021.10-win32/gcc-arm-none-eabi-10.3-2021.10/bin/../lib/gcc/arm-none-eabi/10.3.1/../../../../arm-none-eabi/lib/thumb/v7-m/nofp\libc_nano.a(lib_a-reent.o)
                0x20000740                errno
 .bss.__lock___malloc_recursive_mutex
                0x20000744        0x1 c:/program files (x86)/gcc-arm-none-eabi-10.3-2021.10-win32/gcc-arm-none-eabi-10.3-2021.10/bin/../lib/gcc/arm-none-eabi/10.3.1/../../../../arm-none-eabi/lib/thumb/v7-m/nofp\libc_nano.a(lib_a-lock.o)
                0x20000744                __lock___malloc_recursive_mutex
 *fill*         0x20000745        0x3 
 .bss.__malloc_free_list
                0x20000748        0x4 c:/program files (x86)/gcc-arm-none-eabi-10.3-2021.10-win32/gcc-arm-none-eabi-10.3-2021.10/bin/../lib/gcc/arm-none-eabi/10.3.1/../../../../arm-none-eabi/lib/thumb/v7-m/nofp\libc_nano.a(lib_a-nano-mallocr.o)
                0x20000748                __malloc_free_list
 .bss.__malloc_sbrk_start
                0x2000074c        0x4 c:/program files (x86)/gcc-arm-none-eabi-10.3-2021.10-win32/gcc-arm-none-eabi-10.3-2021.10/bin/../lib/gcc/arm-none-eabi/10.3.1/../../../../arm-none-eabi/lib/thumb/v7-m/nofp\libc_nano.a(lib_a-nano-mallocr.o)
                0x2000074c                __malloc_sbrk_start
 .bss.heap_end.0
                0x20000750        0x4 c:/program files (x86)/gcc-arm-none-eabi-10.3-2021.10-win32/gcc-arm-none-eabi-10.3-2021.10/bin/../lib/gcc/arm-none-eabi/10.3.1/../../../../arm-none-eabi/lib/thumb/v7-m/nofp\libnosys.a(sbrk.o)
 *(COMMON)
                0x20000754                . = ALIGN (0x4)
                0x20000754                _ebss = .
                0x20000754                __bss_end__ = _ebss

._user_heap_stack
                0x20000754      0x604 load address 0x08003848
                0x20000758                . = ALIGN (0x8)
 *fill*         0x20000754        0x4 
                0x20000758                PROVIDE (end = .)
                [!provide]                PROVIDE (_end = .)
                0x20000958                . = (. + _Min_Heap_Size)
 *fill*         0x20000758      0x200 
                0x20000d58                . = (. + _Min_Stack_Size)
 *fill*         0x20000958      0x400 
                0x20000d58                . = ALIGN (0x8)

/DISCARD/
 libc.a(*)
 libm.a(*)
 libgcc.a(*)

.ARM.attributes
                0x00000000       0x29
 *(.ARM.attributes)
 .ARM.attributes
                0x00000000       0x1d c:/program files (x86)/gcc-arm-none-eabi-10.3-2021.10-win32/gcc-arm-none-eabi-10.3-2021.10/bin/../lib/gcc/arm-none-eabi/10.3.1/thumb/v7-m/nofp/crti.o
 .ARM.attributes
                0x0000001d       0x2d c:/program files (x86)/gcc-arm-none-eabi-10.3-2021.10-win32/gcc-arm-none-eabi-10.3-2021.10/bin/../lib/gcc/arm-none-eabi/10.3.1/thumb/v7-m/nofp/crtbegin.o
 .ARM.attributes
                0x0000004a       0x2d build/main.o
 .ARM.attributes
                0x00000077       0x2d build/gpio.o
 .ARM.attributes
                0x000000a4       0x2d build/tim.o
 .ARM.attributes
                0x000000d1       0x2d build/sim800c.o
 .ARM.attributes
                0x000000fe       0x2d build/usart.o
 .ARM.attributes
                0x0000012b       0x2d build/stm32f1xx_it.o
 .ARM.attributes
                0x00000158       0x2d build/stm32f1xx_hal_msp.o
 .ARM.attributes
                0x00000185       0x2d build/stm32f1xx_hal_tim.o
 .ARM.attributes
                0x000001b2       0x2d build/stm32f1xx_hal_tim_ex.o
 .ARM.attributes
                0x000001df       0x2d build/stm32f1xx_hal.o
 .ARM.attributes
                0x0000020c       0x2d build/stm32f1xx_hal_rcc.o
 .ARM.attributes
                0x00000239       0x2d build/stm32f1xx_hal_gpio.o
 .ARM.attributes
                0x00000266       0x2d build/stm32f1xx_hal_dma.o
 .ARM.attributes
                0x00000293       0x2d build/stm32f1xx_hal_cortex.o
 .ARM.attributes
                0x000002c0       0x2d build/stm32f1xx_hal_uart.o
 .ARM.attributes
                0x000002ed       0x2d build/system_stm32f1xx.o
 .ARM.attributes
                0x0000031a       0x21 build/startup_stm32f103xb.o
 .ARM.attributes
                0x0000033b       0x2d c:/program files (x86)/gcc-arm-none-eabi-10.3-2021.10-win32/gcc-arm-none-eabi-10.3-2021.10/bin/../lib/gcc/arm-none-eabi/10.3.1/../../../../arm-none-eabi/lib/thumb/v7-m/nofp\libc_nano.a(lib_a-impure.o)
 .ARM.attributes
                0x00000368       0x2d c:/program files (x86)/gcc-arm-none-eabi-10.3-2021.10-win32/gcc-arm-none-eabi-10.3-2021.10/bin/../lib/gcc/arm-none-eabi/10.3.1/../../../../arm-none-eabi/lib/thumb/v7-m/nofp\libc_nano.a(lib_a-init.o)
 .ARM.attributes
                0x00000395       0x2d c:/program files (x86)/gcc-arm-none-eabi-10.3-2021.10-win32/gcc-arm-none-eabi-10.3-2021.10/bin/../lib/gcc/arm-none-eabi/10.3.1/../../../../arm-none-eabi/lib/thumb/v7-m/nofp\libc_nano.a(lib_a-memcpy-stub.o)
 .ARM.attributes
                0x000003c2       0x2d c:/program files (x86)/gcc-arm-none-eabi-10.3-2021.10-win32/gcc-arm-none-eabi-10.3-2021.10/bin/../lib/gcc/arm-none-eabi/10.3.1/../../../../arm-none-eabi/lib/thumb/v7-m/nofp\libc_nano.a(lib_a-memset.o)
 .ARM.attributes
                0x000003ef       0x2d c:/program files (x86)/gcc-arm-none-eabi-10.3-2021.10-win32/gcc-arm-none-eabi-10.3-2021.10/bin/../lib/gcc/arm-none-eabi/10.3.1/../../../../arm-none-eabi/lib/thumb/v7-m/nofp\libc_nano.a(lib_a-sprintf.o)
 .ARM.attributes
                0x0000041c       0x2d c:/program files (x86)/gcc-arm-none-eabi-10.3-2021.10-win32/gcc-arm-none-eabi-10.3-2021.10/bin/../lib/gcc/arm-none-eabi/10.3.1/../../../../arm-none-eabi/lib/thumb/v7-m/nofp\libc_nano.a(lib_a-sscanf.o)
 .ARM.attributes
                0x00000449       0x2d c:/program files (x86)/gcc-arm-none-eabi-10.3-2021.10-win32/gcc-arm-none-eabi-10.3-2021.10/bin/../lib/gcc/arm-none-eabi/10.3.1/../../../../arm-none-eabi/lib/thumb/v7-m/nofp\libc_nano.a(lib_a-stdio.o)
 .ARM.attributes
                0x00000476       0x2d c:/program files (x86)/gcc-arm-none-eabi-10.3-2021.10-win32/gcc-arm-none-eabi-10.3-2021.10/bin/../lib/gcc/arm-none-eabi/10.3.1/../../../../arm-none-eabi/lib/thumb/v7-m/nofp\libc_nano.a(lib_a-strchr.o)
 .ARM.attributes
                0x000004a3       0x17 c:/program files (x86)/gcc-arm-none-eabi-10.3-2021.10-win32/gcc-arm-none-eabi-10.3-2021.10/bin/../lib/gcc/arm-none-eabi/10.3.1/../../../../arm-none-eabi/lib/thumb/v7-m/nofp\libc_nano.a(lib_a-strlen.o)
 .ARM.attributes
                0x000004ba       0x2d c:/program files (x86)/gcc-arm-none-eabi-10.3-2021.10-win32/gcc-arm-none-eabi-10.3-2021.10/bin/../lib/gcc/arm-none-eabi/10.3.1/../../../../arm-none-eabi/lib/thumb/v7-m/nofp\libc_nano.a(lib_a-strstr.o)
 .ARM.attributes
                0x000004e7       0x2d c:/program files (x86)/gcc-arm-none-eabi-10.3-2021.10-win32/gcc-arm-none-eabi-10.3-2021.10/bin/../lib/gcc/arm-none-eabi/10.3.1/../../../../arm-none-eabi/lib/thumb/v7-m/nofp\libc_nano.a(lib_a-nano-svfprintf.o)
 .ARM.attributes
                0x00000514       0x2d c:/program files (x86)/gcc-arm-none-eabi-10.3-2021.10-win32/gcc-arm-none-eabi-10.3-2021.10/bin/../lib/gcc/arm-none-eabi/10.3.1/../../../../arm-none-eabi/lib/thumb/v7-m/nofp\libc_nano.a(lib_a-nano-svfscanf.o)
 .ARM.attributes
                0x00000541       0x2d c:/program files (x86)/gcc-arm-none-eabi-10.3-2021.10-win32/gcc-arm-none-eabi-10.3-2021.10/bin/../lib/gcc/arm-none-eabi/10.3.1/../../../../arm-none-eabi/lib/thumb/v7-m/nofp\libc_nano.a(lib_a-nano-vfprintf_i.o)
 .ARM.attributes
                0x0000056e       0x2d c:/program files (x86)/gcc-arm-none-eabi-10.3-2021.10-win32/gcc-arm-none-eabi-10.3-2021.10/bin/../lib/gcc/arm-none-eabi/10.3.1/../../../../arm-none-eabi/lib/thumb/v7-m/nofp\libc_nano.a(lib_a-nano-vfscanf_i.o)
 .ARM.attributes
                0x0000059b       0x2d c:/program files (x86)/gcc-arm-none-eabi-10.3-2021.10-win32/gcc-arm-none-eabi-10.3-2021.10/bin/../lib/gcc/arm-none-eabi/10.3.1/../../../../arm-none-eabi/lib/thumb/v7-m/nofp\libc_nano.a(lib_a-reent.o)
 .ARM.attributes
                0x000005c8       0x2d c:/program files (x86)/gcc-arm-none-eabi-10.3-2021.10-win32/gcc-arm-none-eabi-10.3-2021.10/bin/../lib/gcc/arm-none-eabi/10.3.1/../../../../arm-none-eabi/lib/thumb/v7-m/nofp\libc_nano.a(lib_a-sccl.o)
 .ARM.attributes
                0x000005f5       0x2d c:/program files (x86)/gcc-arm-none-eabi-10.3-2021.10-win32/gcc-arm-none-eabi-10.3-2021.10/bin/../lib/gcc/arm-none-eabi/10.3.1/../../../../arm-none-eabi/lib/thumb/v7-m/nofp\libc_nano.a(lib_a-strtol.o)
 .ARM.attributes
                0x00000622       0x2d c:/program files (x86)/gcc-arm-none-eabi-10.3-2021.10-win32/gcc-arm-none-eabi-10.3-2021.10/bin/../lib/gcc/arm-none-eabi/10.3.1/../../../../arm-none-eabi/lib/thumb/v7-m/nofp\libc_nano.a(lib_a-strtoul.o)
 .ARM.attributes
                0x0000064f       0x2d c:/program files (x86)/gcc-arm-none-eabi-10.3-2021.10-win32/gcc-arm-none-eabi-10.3-2021.10/bin/../lib/gcc/arm-none-eabi/10.3.1/../../../../arm-none-eabi/lib/thumb/v7-m/nofp\libc_nano.a(lib_a-ungetc.o)
 .ARM.attributes
                0x0000067c       0x2d c:/program files (x86)/gcc-arm-none-eabi-10.3-2021.10-win32/gcc-arm-none-eabi-10.3-2021.10/bin/../lib/gcc/arm-none-eabi/10.3.1/../../../../arm-none-eabi/lib/thumb/v7-m/nofp\libc_nano.a(lib_a-ctype_.o)
 .ARM.attributes
                0x000006a9       0x2d c:/program files (x86)/gcc-arm-none-eabi-10.3-2021.10-win32/gcc-arm-none-eabi-10.3-2021.10/bin/../lib/gcc/arm-none-eabi/10.3.1/../../../../arm-none-eabi/lib/thumb/v7-m/nofp\libc_nano.a(lib_a-errno.o)
 .ARM.attributes
                0x000006d6       0x2d c:/program files (x86)/gcc-arm-none-eabi-10.3-2021.10-win32/gcc-arm-none-eabi-10.3-2021.10/bin/../lib/gcc/arm-none-eabi/10.3.1/../../../../arm-none-eabi/lib/thumb/v7-m/nofp\libc_nano.a(lib_a-findfp.o)
 .ARM.attributes
                0x00000703       0x2d c:/program files (x86)/gcc-arm-none-eabi-10.3-2021.10-win32/gcc-arm-none-eabi-10.3-2021.10/bin/../lib/gcc/arm-none-eabi/10.3.1/../../../../arm-none-eabi/lib/thumb/v7-m/nofp\libc_nano.a(lib_a-lock.o)
 .ARM.attributes
                0x00000730       0x2d c:/program files (x86)/gcc-arm-none-eabi-10.3-2021.10-win32/gcc-arm-none-eabi-10.3-2021.10/bin/../lib/gcc/arm-none-eabi/10.3.1/../../../../arm-none-eabi/lib/thumb/v7-m/nofp\libc_nano.a(lib_a-memchr-stub.o)
 .ARM.attributes
                0x0000075d       0x2d c:/program files (x86)/gcc-arm-none-eabi-10.3-2021.10-win32/gcc-arm-none-eabi-10.3-2021.10/bin/../lib/gcc/arm-none-eabi/10.3.1/../../../../arm-none-eabi/lib/thumb/v7-m/nofp\libc_nano.a(lib_a-memmove.o)
 .ARM.attributes
                0x0000078a       0x2d c:/program files (x86)/gcc-arm-none-eabi-10.3-2021.10-win32/gcc-arm-none-eabi-10.3-2021.10/bin/../lib/gcc/arm-none-eabi/10.3.1/../../../../arm-none-eabi/lib/thumb/v7-m/nofp\libc_nano.a(lib_a-nano-freer.o)
 .ARM.attributes
                0x000007b7       0x2d c:/program files (x86)/gcc-arm-none-eabi-10.3-2021.10-win32/gcc-arm-none-eabi-10.3-2021.10/bin/../lib/gcc/arm-none-eabi/10.3.1/../../../../arm-none-eabi/lib/thumb/v7-m/nofp\libc_nano.a(lib_a-nano-mallocr.o)
 .ARM.attributes
                0x000007e4       0x2d c:/program files (x86)/gcc-arm-none-eabi-10.3-2021.10-win32/gcc-arm-none-eabi-10.3-2021.10/bin/../lib/gcc/arm-none-eabi/10.3.1/../../../../arm-none-eabi/lib/thumb/v7-m/nofp\libc_nano.a(lib_a-nano-reallocr.o)
 .ARM.attributes
                0x00000811       0x2d c:/program files (x86)/gcc-arm-none-eabi-10.3-2021.10-win32/gcc-arm-none-eabi-10.3-2021.10/bin/../lib/gcc/arm-none-eabi/10.3.1/../../../../arm-none-eabi/lib/thumb/v7-m/nofp\libc_nano.a(lib_a-sbrkr.o)
 .ARM.attributes
                0x0000083e       0x2d c:/program files (x86)/gcc-arm-none-eabi-10.3-2021.10-win32/gcc-arm-none-eabi-10.3-2021.10/bin/../lib/gcc/arm-none-eabi/10.3.1/../../../../arm-none-eabi/lib/thumb/v7-m/nofp\libc_nano.a(lib_a-mlock.o)
 .ARM.attributes
                0x0000086b       0x2d c:/program files (x86)/gcc-arm-none-eabi-10.3-2021.10-win32/gcc-arm-none-eabi-10.3-2021.10/bin/../lib/gcc/arm-none-eabi/10.3.1/../../../../arm-none-eabi/lib/thumb/v7-m/nofp\libc_nano.a(lib_a-nano-msizer.o)
 .ARM.attributes
                0x00000898       0x2d c:/program files (x86)/gcc-arm-none-eabi-10.3-2021.10-win32/gcc-arm-none-eabi-10.3-2021.10/bin/../lib/gcc/arm-none-eabi/10.3.1/../../../../arm-none-eabi/lib/thumb/v7-m/nofp\libnosys.a(sbrk.o)
 .ARM.attributes
                0x000008c5       0x1d c:/program files (x86)/gcc-arm-none-eabi-10.3-2021.10-win32/gcc-arm-none-eabi-10.3-2021.10/bin/../lib/gcc/arm-none-eabi/10.3.1/thumb/v7-m/nofp/crtn.o
OUTPUT(build/Bootloader.elf elf32-littlearm)
LOAD linker stubs
LOAD c:/program files (x86)/gcc-arm-none-eabi-10.3-2021.10-win32/gcc-arm-none-eabi-10.3-2021.10/bin/../lib/gcc/arm-none-eabi/10.3.1/../../../../arm-none-eabi/lib/thumb/v7-m/nofp\libc.a
LOAD c:/program files (x86)/gcc-arm-none-eabi-10.3-2021.10-win32/gcc-arm-none-eabi-10.3-2021.10/bin/../lib/gcc/arm-none-eabi/10.3.1/../../../../arm-none-eabi/lib/thumb/v7-m/nofp\libm.a
LOAD c:/program files (x86)/gcc-arm-none-eabi-10.3-2021.10-win32/gcc-arm-none-eabi-10.3-2021.10/bin/../lib/gcc/arm-none-eabi/10.3.1/thumb/v7-m/nofp\libgcc.a

.debug_info     0x00000000     0xf86d
 .debug_info    0x00000000     0x1025 build/main.o
 .debug_info    0x00001025      0x380 build/gpio.o
 .debug_info    0x000013a5      0xc37 build/tim.o
 .debug_info    0x00001fdc     0x151f build/sim800c.o
 .debug_info    0x000034fb      0xb79 build/usart.o
 .debug_info    0x00004074      0xac0 build/stm32f1xx_it.o
 .debug_info    0x00004b34      0x238 build/stm32f1xx_hal_msp.o
 .debug_info    0x00004d6c     0x3df8 build/stm32f1xx_hal_tim.o
 .debug_info    0x00008b64     0x1b67 build/stm32f1xx_hal_tim_ex.o
 .debug_info    0x0000a6cb      0x855 build/stm32f1xx_hal.o
 .debug_info    0x0000af20      0xaec build/stm32f1xx_hal_rcc.o
 .debug_info    0x0000ba0c      0x6d7 build/stm32f1xx_hal_gpio.o
 .debug_info    0x0000c0e3      0x8bb build/stm32f1xx_hal_dma.o
 .debug_info    0x0000c99e      0xe2d build/stm32f1xx_hal_cortex.o
 .debug_info    0x0000d7cb     0x1e12 build/stm32f1xx_hal_uart.o
 .debug_info    0x0000f5dd      0x26e build/system_stm32f1xx.o
 .debug_info    0x0000f84b       0x22 build/startup_stm32f103xb.o

.debug_abbrev   0x00000000     0x2189
 .debug_abbrev  0x00000000      0x25d build/main.o
 .debug_abbrev  0x0000025d      0x13f build/gpio.o
 .debug_abbrev  0x0000039c      0x1e2 build/tim.o
 .debug_abbrev  0x0000057e      0x25f build/sim800c.o
 .debug_abbrev  0x000007dd      0x1ce build/usart.o
 .debug_abbrev  0x000009ab      0x17c build/stm32f1xx_it.o
 .debug_abbrev  0x00000b27       0xe7 build/stm32f1xx_hal_msp.o
 .debug_abbrev  0x00000c0e      0x296 build/stm32f1xx_hal_tim.o
 .debug_abbrev  0x00000ea4      0x298 build/stm32f1xx_hal_tim_ex.o
 .debug_abbrev  0x0000113c      0x1f7 build/stm32f1xx_hal.o
 .debug_abbrev  0x00001333      0x29a build/stm32f1xx_hal_rcc.o
 .debug_abbrev  0x000015cd      0x222 build/stm32f1xx_hal_gpio.o
 .debug_abbrev  0x000017ef      0x244 build/stm32f1xx_hal_dma.o
 .debug_abbrev  0x00001a33      0x359 build/stm32f1xx_hal_cortex.o
 .debug_abbrev  0x00001d8c      0x2ab build/stm32f1xx_hal_uart.o
 .debug_abbrev  0x00002037      0x140 build/system_stm32f1xx.o
 .debug_abbrev  0x00002177       0x12 build/startup_stm32f103xb.o

.debug_loc      0x00000000     0xc27b
 .debug_loc     0x00000000      0x153 build/main.o
 .debug_loc     0x00000153       0x38 build/gpio.o
 .debug_loc     0x0000018b      0x1aa build/tim.o
 .debug_loc     0x00000335      0x3bf build/sim800c.o
 .debug_loc     0x000006f4      0x162 build/usart.o
 .debug_loc     0x00000856       0x80 build/stm32f1xx_it.o
 .debug_loc     0x000008d6       0x41 build/stm32f1xx_hal_msp.o
 .debug_loc     0x00000917     0x530c build/stm32f1xx_hal_tim.o
 .debug_loc     0x00005c23     0x1f3e build/stm32f1xx_hal_tim_ex.o
 .debug_loc     0x00007b61      0x1e1 build/stm32f1xx_hal.o
 .debug_loc     0x00007d42      0x7ee build/stm32f1xx_hal_rcc.o
 .debug_loc     0x00008530      0x551 build/stm32f1xx_hal_gpio.o
 .debug_loc     0x00008a81      0x901 build/stm32f1xx_hal_dma.o
 .debug_loc     0x00009382      0x77f build/stm32f1xx_hal_cortex.o
 .debug_loc     0x00009b01     0x267b build/stm32f1xx_hal_uart.o
 .debug_loc     0x0000c17c       0xff build/system_stm32f1xx.o

.debug_aranges  0x00000000      0xc48
 .debug_aranges
                0x00000000       0x40 build/main.o
 .debug_aranges
                0x00000040       0x20 build/gpio.o
 .debug_aranges
                0x00000060       0x38 build/tim.o
 .debug_aranges
                0x00000098       0x80 build/sim800c.o
 .debug_aranges
                0x00000118       0x38 build/usart.o
 .debug_aranges
                0x00000150       0x78 build/stm32f1xx_it.o
 .debug_aranges
                0x000001c8       0x20 build/stm32f1xx_hal_msp.o
 .debug_aranges
                0x000001e8      0x3d0 build/stm32f1xx_hal_tim.o
 .debug_aranges
                0x000005b8      0x168 build/stm32f1xx_hal_tim_ex.o
 .debug_aranges
                0x00000720       0xe0 build/stm32f1xx_hal.o
 .debug_aranges
                0x00000800       0x90 build/stm32f1xx_hal_rcc.o
 .debug_aranges
                0x00000890       0x58 build/stm32f1xx_hal_gpio.o
 .debug_aranges
                0x000008e8       0x80 build/stm32f1xx_hal_dma.o
 .debug_aranges
                0x00000968       0x90 build/stm32f1xx_hal_cortex.o
 .debug_aranges
                0x000009f8      0x200 build/stm32f1xx_hal_uart.o
 .debug_aranges
                0x00000bf8       0x28 build/system_stm32f1xx.o
 .debug_aranges
                0x00000c20       0x28 build/startup_stm32f103xb.o

.debug_ranges   0x00000000      0xbc0
 .debug_ranges  0x00000000       0x30 build/main.o
 .debug_ranges  0x00000030       0x10 build/gpio.o
 .debug_ranges  0x00000040       0x28 build/tim.o
 .debug_ranges  0x00000068       0x70 build/sim800c.o
 .debug_ranges  0x000000d8       0x28 build/usart.o
 .debug_ranges  0x00000100       0x68 build/stm32f1xx_it.o
 .debug_ranges  0x00000168       0x10 build/stm32f1xx_hal_msp.o
 .debug_ranges  0x00000178      0x3c0 build/stm32f1xx_hal_tim.o
 .debug_ranges  0x00000538      0x158 build/stm32f1xx_hal_tim_ex.o
 .debug_ranges  0x00000690       0xd0 build/stm32f1xx_hal.o
 .debug_ranges  0x00000760       0xa0 build/stm32f1xx_hal_rcc.o
 .debug_ranges  0x00000800       0x48 build/stm32f1xx_hal_gpio.o
 .debug_ranges  0x00000848       0x70 build/stm32f1xx_hal_dma.o
 .debug_ranges  0x000008b8       0xe0 build/stm32f1xx_hal_cortex.o
 .debug_ranges  0x00000998      0x1f0 build/stm32f1xx_hal_uart.o
 .debug_ranges  0x00000b88       0x18 build/system_stm32f1xx.o
 .debug_ranges  0x00000ba0       0x20 build/startup_stm32f103xb.o

.debug_line     0x00000000     0xc987
 .debug_line    0x00000000      0x4c2 build/main.o
 .debug_line    0x000004c2      0x241 build/gpio.o
 .debug_line    0x00000703      0x3f0 build/tim.o
 .debug_line    0x00000af3      0x69c build/sim800c.o
 .debug_line    0x0000118f      0x40f build/usart.o
 .debug_line    0x0000159e      0x369 build/stm32f1xx_it.o
 .debug_line    0x00001907      0x1b1 build/stm32f1xx_hal_msp.o
 .debug_line    0x00001ab8     0x4692 build/stm32f1xx_hal_tim.o
 .debug_line    0x0000614a     0x1b92 build/stm32f1xx_hal_tim_ex.o
 .debug_line    0x00007cdc      0x562 build/stm32f1xx_hal.o
 .debug_line    0x0000823e      0xc60 build/stm32f1xx_hal_rcc.o
 .debug_line    0x00008e9e      0x617 build/stm32f1xx_hal_gpio.o
 .debug_line    0x000094b5      0xa87 build/stm32f1xx_hal_dma.o
 .debug_line    0x00009f3c      0x66d build/stm32f1xx_hal_cortex.o
 .debug_line    0x0000a5a9     0x20ef build/stm32f1xx_hal_uart.o
 .debug_line    0x0000c698      0x27a build/system_stm32f1xx.o
 .debug_line    0x0000c912       0x75 build/startup_stm32f103xb.o

.debug_str      0x00000000     0x38bb
 .debug_str     0x00000000      0xabf build/main.o
                                0xb9f (size before relaxing)
 .debug_str     0x00000abf       0x90 build/gpio.o
                                0x258 (size before relaxing)
 .debug_str     0x00000b4f      0x44a build/tim.o
                                0xb07 (size before relaxing)
 .debug_str     0x00000f99      0x271 build/sim800c.o
                                0xb95 (size before relaxing)
 .debug_str     0x0000120a       0x5e build/usart.o
                                0x99f (size before relaxing)
 .debug_str     0x00001268      0x10d build/stm32f1xx_it.o
                                0x92c (size before relaxing)
 .debug_str     0x00001375       0x57 build/stm32f1xx_hal_msp.o
                                0x1fa (size before relaxing)
 .debug_str     0x000013cc      0xe3e build/stm32f1xx_hal_tim.o
                               0x1613 (size before relaxing)
 .debug_str     0x0000220a      0x521 build/stm32f1xx_hal_tim_ex.o
                                0xe14 (size before relaxing)
 .debug_str     0x0000272b      0x2ff build/stm32f1xx_hal.o
                                0x7ff (size before relaxing)
 .debug_str     0x00002a2a      0x1fe build/stm32f1xx_hal_rcc.o
                                0x606 (size before relaxing)
 .debug_str     0x00002c28      0x106 build/stm32f1xx_hal_gpio.o
                                0x3db (size before relaxing)
 .debug_str     0x00002d2e      0x20a build/stm32f1xx_hal_dma.o
                                0x5d8 (size before relaxing)
 .debug_str     0x00002f38      0x39b build/stm32f1xx_hal_cortex.o
                                0x8ae (size before relaxing)
 .debug_str     0x000032d3      0x575 build/stm32f1xx_hal_uart.o
                                0xc69 (size before relaxing)
 .debug_str     0x00003848       0x4f build/system_stm32f1xx.o
                                0x22f (size before relaxing)
 .debug_str     0x00003897       0x24 build/startup_stm32f103xb.o
                                 0x4e (size before relaxing)

.comment        0x00000000       0x49
 .comment       0x00000000       0x49 build/main.o
                                 0x4a (size before relaxing)
 .comment       0x00000049       0x4a build/gpio.o
 .comment       0x00000049       0x4a build/tim.o
 .comment       0x00000049       0x4a build/sim800c.o
 .comment       0x00000049       0x4a build/usart.o
 .comment       0x00000049       0x4a build/stm32f1xx_it.o
 .comment       0x00000049       0x4a build/stm32f1xx_hal_msp.o
 .comment       0x00000049       0x4a build/stm32f1xx_hal_tim.o
 .comment       0x00000049       0x4a build/stm32f1xx_hal_tim_ex.o
 .comment       0x00000049       0x4a build/stm32f1xx_hal.o
 .comment       0x00000049       0x4a build/stm32f1xx_hal_rcc.o
 .comment       0x00000049       0x4a build/stm32f1xx_hal_gpio.o
 .comment       0x00000049       0x4a build/stm32f1xx_hal_dma.o
 .comment       0x00000049       0x4a build/stm32f1xx_hal_cortex.o
 .comment       0x00000049       0x4a build/stm32f1xx_hal_uart.o
 .comment       0x00000049       0x4a build/system_stm32f1xx.o

.debug_frame    0x00000000     0x2968
 .debug_frame   0x00000000       0x88 build/main.o
 .debug_frame   0x00000088       0x34 build/gpio.o
 .debug_frame   0x000000bc       0x88 build/tim.o
 .debug_frame   0x00000144      0x16c build/sim800c.o
 .debug_frame   0x000002b0       0x7c build/usart.o
 .debug_frame   0x0000032c       0xf0 build/stm32f1xx_it.o
 .debug_frame   0x0000041c       0x28 build/stm32f1xx_hal_msp.o
 .debug_frame   0x00000444      0xb18 build/stm32f1xx_hal_tim.o
 .debug_frame   0x00000f5c      0x40c build/stm32f1xx_hal_tim_ex.o
 .debug_frame   0x00001368      0x1cc build/stm32f1xx_hal.o
 .debug_frame   0x00001534      0x190 build/stm32f1xx_hal_rcc.o
 .debug_frame   0x000016c4       0xe4 build/stm32f1xx_hal_gpio.o
 .debug_frame   0x000017a8      0x144 build/stm32f1xx_hal_dma.o
 .debug_frame   0x000018ec      0x118 build/stm32f1xx_hal_cortex.o
 .debug_frame   0x00001a04      0x5c4 build/stm32f1xx_hal_uart.o
 .debug_frame   0x00001fc8       0x30 build/system_stm32f1xx.o
 .debug_frame   0x00001ff8       0x2c c:/program files (x86)/gcc-arm-none-eabi-10.3-2021.10-win32/gcc-arm-none-eabi-10.3-2021.10/bin/../lib/gcc/arm-none-eabi/10.3.1/../../../../arm-none-eabi/lib/thumb/v7-m/nofp\libc_nano.a(lib_a-init.o)
 .debug_frame   0x00002024       0x28 c:/program files (x86)/gcc-arm-none-eabi-10.3-2021.10-win32/gcc-arm-none-eabi-10.3-2021.10/bin/../lib/gcc/arm-none-eabi/10.3.1/../../../../arm-none-eabi/lib/thumb/v7-m/nofp\libc_nano.a(lib_a-memcpy-stub.o)
 .debug_frame   0x0000204c       0x20 c:/program files (x86)/gcc-arm-none-eabi-10.3-2021.10-win32/gcc-arm-none-eabi-10.3-2021.10/bin/../lib/gcc/arm-none-eabi/10.3.1/../../../../arm-none-eabi/lib/thumb/v7-m/nofp\libc_nano.a(lib_a-memset.o)
 .debug_frame   0x0000206c       0x6c c:/program files (x86)/gcc-arm-none-eabi-10.3-2021.10-win32/gcc-arm-none-eabi-10.3-2021.10/bin/../lib/gcc/arm-none-eabi/10.3.1/../../../../arm-none-eabi/lib/thumb/v7-m/nofp\libc_nano.a(lib_a-sprintf.o)
 .debug_frame   0x000020d8       0x80 c:/program files (x86)/gcc-arm-none-eabi-10.3-2021.10-win32/gcc-arm-none-eabi-10.3-2021.10/bin/../lib/gcc/arm-none-eabi/10.3.1/../../../../arm-none-eabi/lib/thumb/v7-m/nofp\libc_nano.a(lib_a-sscanf.o)
 .debug_frame   0x00002158       0x88 c:/program files (x86)/gcc-arm-none-eabi-10.3-2021.10-win32/gcc-arm-none-eabi-10.3-2021.10/bin/../lib/gcc/arm-none-eabi/10.3.1/../../../../arm-none-eabi/lib/thumb/v7-m/nofp\libc_nano.a(lib_a-stdio.o)
 .debug_frame   0x000021e0       0x20 c:/program files (x86)/gcc-arm-none-eabi-10.3-2021.10-win32/gcc-arm-none-eabi-10.3-2021.10/bin/../lib/gcc/arm-none-eabi/10.3.1/../../../../arm-none-eabi/lib/thumb/v7-m/nofp\libc_nano.a(lib_a-strchr.o)
 .debug_frame   0x00002200       0x2c c:/program files (x86)/gcc-arm-none-eabi-10.3-2021.10-win32/gcc-arm-none-eabi-10.3-2021.10/bin/../lib/gcc/arm-none-eabi/10.3.1/../../../../arm-none-eabi/lib/thumb/v7-m/nofp\libc_nano.a(lib_a-strstr.o)
 .debug_frame   0x0000222c       0x90 c:/program files (x86)/gcc-arm-none-eabi-10.3-2021.10-win32/gcc-arm-none-eabi-10.3-2021.10/bin/../lib/gcc/arm-none-eabi/10.3.1/../../../../arm-none-eabi/lib/thumb/v7-m/nofp\libc_nano.a(lib_a-nano-svfprintf.o)
 .debug_frame   0x000022bc       0x74 c:/program files (x86)/gcc-arm-none-eabi-10.3-2021.10-win32/gcc-arm-none-eabi-10.3-2021.10/bin/../lib/gcc/arm-none-eabi/10.3.1/../../../../arm-none-eabi/lib/thumb/v7-m/nofp\libc_nano.a(lib_a-nano-svfscanf.o)
 .debug_frame   0x00002330       0x60 c:/program files (x86)/gcc-arm-none-eabi-10.3-2021.10-win32/gcc-arm-none-eabi-10.3-2021.10/bin/../lib/gcc/arm-none-eabi/10.3.1/../../../../arm-none-eabi/lib/thumb/v7-m/nofp\libc_nano.a(lib_a-nano-vfprintf_i.o)
 .debug_frame   0x00002390       0x64 c:/program files (x86)/gcc-arm-none-eabi-10.3-2021.10-win32/gcc-arm-none-eabi-10.3-2021.10/bin/../lib/gcc/arm-none-eabi/10.3.1/../../../../arm-none-eabi/lib/thumb/v7-m/nofp\libc_nano.a(lib_a-nano-vfscanf_i.o)
 .debug_frame   0x000023f4       0x5c c:/program files (x86)/gcc-arm-none-eabi-10.3-2021.10-win32/gcc-arm-none-eabi-10.3-2021.10/bin/../lib/gcc/arm-none-eabi/10.3.1/../../../../arm-none-eabi/lib/thumb/v7-m/nofp\libc_nano.a(lib_a-reent.o)
 .debug_frame   0x00002450       0x2c c:/program files (x86)/gcc-arm-none-eabi-10.3-2021.10-win32/gcc-arm-none-eabi-10.3-2021.10/bin/../lib/gcc/arm-none-eabi/10.3.1/../../../../arm-none-eabi/lib/thumb/v7-m/nofp\libc_nano.a(lib_a-sccl.o)
 .debug_frame   0x0000247c       0x64 c:/program files (x86)/gcc-arm-none-eabi-10.3-2021.10-win32/gcc-arm-none-eabi-10.3-2021.10/bin/../lib/gcc/arm-none-eabi/10.3.1/../../../../arm-none-eabi/lib/thumb/v7-m/nofp\libc_nano.a(lib_a-strtol.o)
 .debug_frame   0x000024e0       0x64 c:/program files (x86)/gcc-arm-none-eabi-10.3-2021.10-win32/gcc-arm-none-eabi-10.3-2021.10/bin/../lib/gcc/arm-none-eabi/10.3.1/../../../../arm-none-eabi/lib/thumb/v7-m/nofp\libc_nano.a(lib_a-strtoul.o)
 .debug_frame   0x00002544       0x5c c:/program files (x86)/gcc-arm-none-eabi-10.3-2021.10-win32/gcc-arm-none-eabi-10.3-2021.10/bin/../lib/gcc/arm-none-eabi/10.3.1/../../../../arm-none-eabi/lib/thumb/v7-m/nofp\libc_nano.a(lib_a-ungetc.o)
 .debug_frame   0x000025a0       0x20 c:/program files (x86)/gcc-arm-none-eabi-10.3-2021.10-win32/gcc-arm-none-eabi-10.3-2021.10/bin/../lib/gcc/arm-none-eabi/10.3.1/../../../../arm-none-eabi/lib/thumb/v7-m/nofp\libc_nano.a(lib_a-errno.o)
 .debug_frame   0x000025c0      0x14c c:/program files (x86)/gcc-arm-none-eabi-10.3-2021.10-win32/gcc-arm-none-eabi-10.3-2021.10/bin/../lib/gcc/arm-none-eabi/10.3.1/../../../../arm-none-eabi/lib/thumb/v7-m/nofp\libc_nano.a(lib_a-findfp.o)
 .debug_frame   0x0000270c       0xb0 c:/program files (x86)/gcc-arm-none-eabi-10.3-2021.10-win32/gcc-arm-none-eabi-10.3-2021.10/bin/../lib/gcc/arm-none-eabi/10.3.1/../../../../arm-none-eabi/lib/thumb/v7-m/nofp\libc_nano.a(lib_a-lock.o)
 .debug_frame   0x000027bc       0x28 c:/program files (x86)/gcc-arm-none-eabi-10.3-2021.10-win32/gcc-arm-none-eabi-10.3-2021.10/bin/../lib/gcc/arm-none-eabi/10.3.1/../../../../arm-none-eabi/lib/thumb/v7-m/nofp\libc_nano.a(lib_a-memchr-stub.o)
 .debug_frame   0x000027e4       0x28 c:/program files (x86)/gcc-arm-none-eabi-10.3-2021.10-win32/gcc-arm-none-eabi-10.3-2021.10/bin/../lib/gcc/arm-none-eabi/10.3.1/../../../../arm-none-eabi/lib/thumb/v7-m/nofp\libc_nano.a(lib_a-memmove.o)
 .debug_frame   0x0000280c       0x38 c:/program files (x86)/gcc-arm-none-eabi-10.3-2021.10-win32/gcc-arm-none-eabi-10.3-2021.10/bin/../lib/gcc/arm-none-eabi/10.3.1/../../../../arm-none-eabi/lib/thumb/v7-m/nofp\libc_nano.a(lib_a-nano-freer.o)
 .debug_frame   0x00002844       0x4c c:/program files (x86)/gcc-arm-none-eabi-10.3-2021.10-win32/gcc-arm-none-eabi-10.3-2021.10/bin/../lib/gcc/arm-none-eabi/10.3.1/../../../../arm-none-eabi/lib/thumb/v7-m/nofp\libc_nano.a(lib_a-nano-mallocr.o)
 .debug_frame   0x00002890       0x3c c:/program files (x86)/gcc-arm-none-eabi-10.3-2021.10-win32/gcc-arm-none-eabi-10.3-2021.10/bin/../lib/gcc/arm-none-eabi/10.3.1/../../../../arm-none-eabi/lib/thumb/v7-m/nofp\libc_nano.a(lib_a-nano-reallocr.o)
 .debug_frame   0x000028cc       0x2c c:/program files (x86)/gcc-arm-none-eabi-10.3-2021.10-win32/gcc-arm-none-eabi-10.3-2021.10/bin/../lib/gcc/arm-none-eabi/10.3.1/../../../../arm-none-eabi/lib/thumb/v7-m/nofp\libc_nano.a(lib_a-sbrkr.o)
 .debug_frame   0x000028f8       0x30 c:/program files (x86)/gcc-arm-none-eabi-10.3-2021.10-win32/gcc-arm-none-eabi-10.3-2021.10/bin/../lib/gcc/arm-none-eabi/10.3.1/../../../../arm-none-eabi/lib/thumb/v7-m/nofp\libc_nano.a(lib_a-mlock.o)
 .debug_frame   0x00002928       0x20 c:/program files (x86)/gcc-arm-none-eabi-10.3-2021.10-win32/gcc-arm-none-eabi-10.3-2021.10/bin/../lib/gcc/arm-none-eabi/10.3.1/../../../../arm-none-eabi/lib/thumb/v7-m/nofp\libc_nano.a(lib_a-nano-msizer.o)
 .debug_frame   0x00002948       0x20 c:/program files (x86)/gcc-arm-none-eabi-10.3-2021.10-win32/gcc-arm-none-eabi-10.3-2021.10/bin/../lib/gcc/arm-none-eabi/10.3.1/../../../../arm-none-eabi/lib/thumb/v7-m/nofp\libnosys.a(sbrk.o)

.stabstr        0x00000000       0xdf
 .stabstr       0x00000000       0xdf c:/program files (x86)/gcc-arm-none-eabi-10.3-2021.10-win32/gcc-arm-none-eabi-10.3-2021.10/bin/../lib/gcc/arm-none-eabi/10.3.1/../../../../arm-none-eabi/lib/thumb/v7-m/nofp\libnosys.a(close.o)

Cross Reference Table

Symbol                                            File
ADC1_2_IRQHandler                                 build/startup_stm32f103xb.o
AHBPrescTable                                     build/system_stm32f1xx.o
                                                  build/stm32f1xx_hal_rcc.o
APBPrescTable                                     build/system_stm32f1xx.o
                                                  build/stm32f1xx_hal_rcc.o
BusFault_Handler                                  build/stm32f1xx_it.o
CAN1_RX1_IRQHandler                               build/startup_stm32f103xb.o
CAN1_SCE_IRQHandler                               build/startup_stm32f103xb.o
DMA1_Channel1_IRQHandler                          build/startup_stm32f103xb.o
DMA1_Channel2_IRQHandler                          build/startup_stm32f103xb.o
DMA1_Channel3_IRQHandler                          build/startup_stm32f103xb.o
DMA1_Channel4_IRQHandler                          build/startup_stm32f103xb.o
DMA1_Channel5_IRQHandler                          build/startup_stm32f103xb.o
DMA1_Channel6_IRQHandler                          build/startup_stm32f103xb.o
DMA1_Channel7_IRQHandler                          build/startup_stm32f103xb.o
DebugMon_Handler                                  build/stm32f1xx_it.o
Default_Handler                                   build/startup_stm32f103xb.o
EXTI0_IRQHandler                                  build/startup_stm32f103xb.o
EXTI15_10_IRQHandler                              build/startup_stm32f103xb.o
EXTI1_IRQHandler                                  build/startup_stm32f103xb.o
EXTI2_IRQHandler                                  build/startup_stm32f103xb.o
EXTI3_IRQHandler                                  build/startup_stm32f103xb.o
EXTI4_IRQHandler                                  build/startup_stm32f103xb.o
EXTI9_5_IRQHandler                                build/startup_stm32f103xb.o
Error_Handler                                     build/main.o
                                                  build/usart.o
                                                  build/tim.o
FLASH_Erase                                       build/boot_loader.o
FLASH_IRQHandler                                  build/startup_stm32f103xb.o
FLASH_PageErase                                   build/stm32f1xx_hal_flash_ex.o
                                                  build/stm32f1xx_hal_flash.o
FLASH_WaitForLastOperation                        build/stm32f1xx_hal_flash.o
                                                  build/stm32f1xx_hal_flash_ex.o
HAL_DBGMCU_DisableDBGSleepMode                    build/stm32f1xx_hal.o
HAL_DBGMCU_DisableDBGStandbyMode                  build/stm32f1xx_hal.o
HAL_DBGMCU_DisableDBGStopMode                     build/stm32f1xx_hal.o
HAL_DBGMCU_EnableDBGSleepMode                     build/stm32f1xx_hal.o
HAL_DBGMCU_EnableDBGStandbyMode                   build/stm32f1xx_hal.o
HAL_DBGMCU_EnableDBGStopMode                      build/stm32f1xx_hal.o
HAL_DMA_Abort                                     build/stm32f1xx_hal_dma.o
                                                  build/stm32f1xx_hal_uart.o
HAL_DMA_Abort_IT                                  build/stm32f1xx_hal_dma.o
                                                  build/stm32f1xx_hal_uart.o
                                                  build/stm32f1xx_hal_tim_ex.o
                                                  build/stm32f1xx_hal_tim.o
HAL_DMA_DeInit                                    build/stm32f1xx_hal_dma.o
HAL_DMA_GetError                                  build/stm32f1xx_hal_dma.o
                                                  build/stm32f1xx_hal_uart.o
HAL_DMA_GetState                                  build/stm32f1xx_hal_dma.o
HAL_DMA_IRQHandler                                build/stm32f1xx_hal_dma.o
HAL_DMA_Init                                      build/stm32f1xx_hal_dma.o
HAL_DMA_PollForTransfer                           build/stm32f1xx_hal_dma.o
HAL_DMA_RegisterCallback                          build/stm32f1xx_hal_dma.o
HAL_DMA_Start                                     build/stm32f1xx_hal_dma.o
HAL_DMA_Start_IT                                  build/stm32f1xx_hal_dma.o
                                                  build/stm32f1xx_hal_uart.o
                                                  build/stm32f1xx_hal_tim_ex.o
                                                  build/stm32f1xx_hal_tim.o
HAL_DMA_UnRegisterCallback                        build/stm32f1xx_hal_dma.o
HAL_DeInit                                        build/stm32f1xx_hal.o
HAL_Delay                                         build/stm32f1xx_hal.o
                                                  build/sim800c.o
                                                  build/main.o
HAL_EXTI_ClearConfigLine                          build/stm32f1xx_hal_exti.o
HAL_EXTI_ClearPending                             build/stm32f1xx_hal_exti.o
HAL_EXTI_GenerateSWI                              build/stm32f1xx_hal_exti.o
HAL_EXTI_GetConfigLine                            build/stm32f1xx_hal_exti.o
HAL_EXTI_GetHandle                                build/stm32f1xx_hal_exti.o
HAL_EXTI_GetPending                               build/stm32f1xx_hal_exti.o
HAL_EXTI_IRQHandler                               build/stm32f1xx_hal_exti.o
HAL_EXTI_RegisterCallback                         build/stm32f1xx_hal_exti.o
HAL_EXTI_SetConfigLine                            build/stm32f1xx_hal_exti.o
HAL_FLASHEx_Erase                                 build/stm32f1xx_hal_flash_ex.o
HAL_FLASHEx_Erase_IT                              build/stm32f1xx_hal_flash_ex.o
HAL_FLASHEx_OBErase                               build/stm32f1xx_hal_flash_ex.o
HAL_FLASHEx_OBGetConfig                           build/stm32f1xx_hal_flash_ex.o
HAL_FLASHEx_OBGetUserData                         build/stm32f1xx_hal_flash_ex.o
HAL_FLASHEx_OBProgram                             build/stm32f1xx_hal_flash_ex.o
HAL_FLASH_EndOfOperationCallback                  build/stm32f1xx_hal_flash.o
HAL_FLASH_GetError                                build/stm32f1xx_hal_flash.o
HAL_FLASH_IRQHandler                              build/stm32f1xx_hal_flash.o
HAL_FLASH_Lock                                    build/stm32f1xx_hal_flash.o
HAL_FLASH_OB_Launch                               build/stm32f1xx_hal_flash.o
HAL_FLASH_OB_Lock                                 build/stm32f1xx_hal_flash.o
HAL_FLASH_OB_Unlock                               build/stm32f1xx_hal_flash.o
HAL_FLASH_OperationErrorCallback                  build/stm32f1xx_hal_flash.o
HAL_FLASH_Program                                 build/stm32f1xx_hal_flash.o
HAL_FLASH_Program_IT                              build/stm32f1xx_hal_flash.o
HAL_FLASH_Unlock                                  build/stm32f1xx_hal_flash.o
HAL_GPIOEx_ConfigEventout                         build/stm32f1xx_hal_gpio_ex.o
HAL_GPIOEx_DisableEventout                        build/stm32f1xx_hal_gpio_ex.o
HAL_GPIOEx_EnableEventout                         build/stm32f1xx_hal_gpio_ex.o
HAL_GPIO_DeInit                                   build/stm32f1xx_hal_gpio.o
                                                  build/usart.o
HAL_GPIO_EXTI_Callback                            build/stm32f1xx_hal_gpio.o
HAL_GPIO_EXTI_IRQHandler                          build/stm32f1xx_hal_gpio.o
HAL_GPIO_Init                                     build/stm32f1xx_hal_gpio.o
                                                  build/stm32f1xx_hal_rcc.o
                                                  build/usart.o
                                                  build/gpio.o
HAL_GPIO_LockPin                                  build/stm32f1xx_hal_gpio.o
HAL_GPIO_ReadPin                                  build/stm32f1xx_hal_gpio.o
                                                  build/main.o
HAL_GPIO_TogglePin                                build/stm32f1xx_hal_gpio.o
HAL_GPIO_WritePin                                 build/stm32f1xx_hal_gpio.o
                                                  build/gpio.o
                                                  build/main.o
HAL_GetDEVID                                      build/stm32f1xx_hal.o
HAL_GetHalVersion                                 build/stm32f1xx_hal.o
HAL_GetREVID                                      build/stm32f1xx_hal.o
HAL_GetTick                                       build/stm32f1xx_hal.o
                                                  build/stm32f1xx_hal_uart.o
                                                  build/stm32f1xx_hal_flash.o
                                                  build/stm32f1xx_hal_dma.o
                                                  build/stm32f1xx_hal_rcc_ex.o
                                                  build/stm32f1xx_hal_rcc.o
HAL_GetTickFreq                                   build/stm32f1xx_hal.o
HAL_GetTickPrio                                   build/stm32f1xx_hal.o
HAL_GetUIDw0                                      build/stm32f1xx_hal.o
HAL_GetUIDw1                                      build/stm32f1xx_hal.o
HAL_GetUIDw2                                      build/stm32f1xx_hal.o
HAL_HalfDuplex_EnableReceiver                     build/stm32f1xx_hal_uart.o
HAL_HalfDuplex_EnableTransmitter                  build/stm32f1xx_hal_uart.o
HAL_HalfDuplex_Init                               build/stm32f1xx_hal_uart.o
HAL_IncTick                                       build/stm32f1xx_hal.o
                                                  build/stm32f1xx_it.o
HAL_Init                                          build/stm32f1xx_hal.o
                                                  build/main.o
HAL_InitTick                                      build/stm32f1xx_hal.o
                                                  build/stm32f1xx_hal_rcc.o
HAL_LIN_Init                                      build/stm32f1xx_hal_uart.o
HAL_LIN_SendBreak                                 build/stm32f1xx_hal_uart.o
HAL_MspDeInit                                     build/stm32f1xx_hal.o
HAL_MspInit                                       build/stm32f1xx_hal_msp.o
HAL_MultiProcessor_EnterMuteMode                  build/stm32f1xx_hal_uart.o
HAL_MultiProcessor_ExitMuteMode                   build/stm32f1xx_hal_uart.o
HAL_MultiProcessor_Init                           build/stm32f1xx_hal_uart.o
HAL_NVIC_ClearPendingIRQ                          build/stm32f1xx_hal_cortex.o
HAL_NVIC_DisableIRQ                               build/stm32f1xx_hal_cortex.o
                                                  build/usart.o
                                                  build/tim.o
HAL_NVIC_EnableIRQ                                build/stm32f1xx_hal_cortex.o
                                                  build/usart.o
                                                  build/tim.o
HAL_NVIC_GetActive                                build/stm32f1xx_hal_cortex.o
HAL_NVIC_GetPendingIRQ                            build/stm32f1xx_hal_cortex.o
HAL_NVIC_GetPriority                              build/stm32f1xx_hal_cortex.o
HAL_NVIC_GetPriorityGrouping                      build/stm32f1xx_hal_cortex.o
HAL_NVIC_SetPendingIRQ                            build/stm32f1xx_hal_cortex.o
HAL_NVIC_SetPriority                              build/stm32f1xx_hal_cortex.o
                                                  build/stm32f1xx_hal.o
                                                  build/usart.o
                                                  build/tim.o
HAL_NVIC_SetPriorityGrouping                      build/stm32f1xx_hal_cortex.o
                                                  build/stm32f1xx_hal.o
HAL_NVIC_SystemReset                              build/stm32f1xx_hal_cortex.o
                                                  build/stm32f1xx_hal_flash.o
HAL_PWR_ConfigPVD                                 build/stm32f1xx_hal_pwr.o
HAL_PWR_DeInit                                    build/stm32f1xx_hal_pwr.o
HAL_PWR_DisableBkUpAccess                         build/stm32f1xx_hal_pwr.o
HAL_PWR_DisablePVD                                build/stm32f1xx_hal_pwr.o
HAL_PWR_DisableSEVOnPend                          build/stm32f1xx_hal_pwr.o
HAL_PWR_DisableSleepOnExit                        build/stm32f1xx_hal_pwr.o
HAL_PWR_DisableWakeUpPin                          build/stm32f1xx_hal_pwr.o
HAL_PWR_EnableBkUpAccess                          build/stm32f1xx_hal_pwr.o
HAL_PWR_EnablePVD                                 build/stm32f1xx_hal_pwr.o
HAL_PWR_EnableSEVOnPend                           build/stm32f1xx_hal_pwr.o
HAL_PWR_EnableSleepOnExit                         build/stm32f1xx_hal_pwr.o
HAL_PWR_EnableWakeUpPin                           build/stm32f1xx_hal_pwr.o
HAL_PWR_EnterSLEEPMode                            build/stm32f1xx_hal_pwr.o
HAL_PWR_EnterSTANDBYMode                          build/stm32f1xx_hal_pwr.o
HAL_PWR_EnterSTOPMode                             build/stm32f1xx_hal_pwr.o
HAL_PWR_PVDCallback                               build/stm32f1xx_hal_pwr.o
HAL_PWR_PVD_IRQHandler                            build/stm32f1xx_hal_pwr.o
HAL_RCCEx_GetPeriphCLKConfig                      build/stm32f1xx_hal_rcc_ex.o
HAL_RCCEx_GetPeriphCLKFreq                        build/stm32f1xx_hal_rcc_ex.o
HAL_RCCEx_PeriphCLKConfig                         build/stm32f1xx_hal_rcc_ex.o
HAL_RCC_CSSCallback                               build/stm32f1xx_hal_rcc.o
HAL_RCC_ClockConfig                               build/stm32f1xx_hal_rcc.o
                                                  build/main.o
HAL_RCC_DeInit                                    build/stm32f1xx_hal_rcc.o
HAL_RCC_DisableCSS                                build/stm32f1xx_hal_rcc.o
HAL_RCC_EnableCSS                                 build/stm32f1xx_hal_rcc.o
HAL_RCC_GetClockConfig                            build/stm32f1xx_hal_rcc.o
HAL_RCC_GetHCLKFreq                               build/stm32f1xx_hal_rcc.o
HAL_RCC_GetOscConfig                              build/stm32f1xx_hal_rcc.o
HAL_RCC_GetPCLK1Freq                              build/stm32f1xx_hal_rcc.o
                                                  build/stm32f1xx_hal_uart.o
HAL_RCC_GetPCLK2Freq                              build/stm32f1xx_hal_rcc.o
                                                  build/stm32f1xx_hal_uart.o
                                                  build/stm32f1xx_hal_rcc_ex.o
HAL_RCC_GetSysClockFreq                           build/stm32f1xx_hal_rcc.o
HAL_RCC_MCOConfig                                 build/stm32f1xx_hal_rcc.o
HAL_RCC_NMI_IRQHandler                            build/stm32f1xx_hal_rcc.o
HAL_RCC_OscConfig                                 build/stm32f1xx_hal_rcc.o
                                                  build/main.o
HAL_ResumeTick                                    build/stm32f1xx_hal.o
HAL_SYSTICK_CLKSourceConfig                       build/stm32f1xx_hal_cortex.o
HAL_SYSTICK_Callback                              build/stm32f1xx_hal_cortex.o
HAL_SYSTICK_Config                                build/stm32f1xx_hal_cortex.o
                                                  build/stm32f1xx_hal.o
HAL_SYSTICK_IRQHandler                            build/stm32f1xx_hal_cortex.o
HAL_SetTickFreq                                   build/stm32f1xx_hal.o
HAL_SuspendTick                                   build/stm32f1xx_hal.o
HAL_TIMEx_BreakCallback                           build/stm32f1xx_hal_tim_ex.o
                                                  build/stm32f1xx_hal_tim.o
HAL_TIMEx_CommutCallback                          build/stm32f1xx_hal_tim_ex.o
                                                  build/stm32f1xx_hal_tim.o
HAL_TIMEx_CommutHalfCpltCallback                  build/stm32f1xx_hal_tim_ex.o
HAL_TIMEx_ConfigBreakDeadTime                     build/stm32f1xx_hal_tim_ex.o
HAL_TIMEx_ConfigCommutEvent                       build/stm32f1xx_hal_tim_ex.o
HAL_TIMEx_ConfigCommutEvent_DMA                   build/stm32f1xx_hal_tim_ex.o
HAL_TIMEx_ConfigCommutEvent_IT                    build/stm32f1xx_hal_tim_ex.o
HAL_TIMEx_GetChannelNState                        build/stm32f1xx_hal_tim_ex.o
HAL_TIMEx_HallSensor_DeInit                       build/stm32f1xx_hal_tim_ex.o
HAL_TIMEx_HallSensor_GetState                     build/stm32f1xx_hal_tim_ex.o
HAL_TIMEx_HallSensor_Init                         build/stm32f1xx_hal_tim_ex.o
HAL_TIMEx_HallSensor_MspDeInit                    build/stm32f1xx_hal_tim_ex.o
HAL_TIMEx_HallSensor_MspInit                      build/stm32f1xx_hal_tim_ex.o
HAL_TIMEx_HallSensor_Start                        build/stm32f1xx_hal_tim_ex.o
HAL_TIMEx_HallSensor_Start_DMA                    build/stm32f1xx_hal_tim_ex.o
HAL_TIMEx_HallSensor_Start_IT                     build/stm32f1xx_hal_tim_ex.o
HAL_TIMEx_HallSensor_Stop                         build/stm32f1xx_hal_tim_ex.o
HAL_TIMEx_HallSensor_Stop_DMA                     build/stm32f1xx_hal_tim_ex.o
HAL_TIMEx_HallSensor_Stop_IT                      build/stm32f1xx_hal_tim_ex.o
HAL_TIMEx_MasterConfigSynchronization             build/stm32f1xx_hal_tim_ex.o
                                                  build/tim.o
HAL_TIMEx_OCN_Start                               build/stm32f1xx_hal_tim_ex.o
HAL_TIMEx_OCN_Start_DMA                           build/stm32f1xx_hal_tim_ex.o
HAL_TIMEx_OCN_Start_IT                            build/stm32f1xx_hal_tim_ex.o
HAL_TIMEx_OCN_Stop                                build/stm32f1xx_hal_tim_ex.o
HAL_TIMEx_OCN_Stop_DMA                            build/stm32f1xx_hal_tim_ex.o
HAL_TIMEx_OCN_Stop_IT                             build/stm32f1xx_hal_tim_ex.o
HAL_TIMEx_OnePulseN_Start                         build/stm32f1xx_hal_tim_ex.o
HAL_TIMEx_OnePulseN_Start_IT                      build/stm32f1xx_hal_tim_ex.o
HAL_TIMEx_OnePulseN_Stop                          build/stm32f1xx_hal_tim_ex.o
HAL_TIMEx_OnePulseN_Stop_IT                       build/stm32f1xx_hal_tim_ex.o
HAL_TIMEx_PWMN_Start                              build/stm32f1xx_hal_tim_ex.o
HAL_TIMEx_PWMN_Start_DMA                          build/stm32f1xx_hal_tim_ex.o
HAL_TIMEx_PWMN_Start_IT                           build/stm32f1xx_hal_tim_ex.o
HAL_TIMEx_PWMN_Stop                               build/stm32f1xx_hal_tim_ex.o
HAL_TIMEx_PWMN_Stop_DMA                           build/stm32f1xx_hal_tim_ex.o
HAL_TIMEx_PWMN_Stop_IT                            build/stm32f1xx_hal_tim_ex.o
HAL_TIMEx_RemapConfig                             build/stm32f1xx_hal_tim_ex.o
HAL_TIM_Base_DeInit                               build/stm32f1xx_hal_tim.o
HAL_TIM_Base_GetState                             build/stm32f1xx_hal_tim.o
HAL_TIM_Base_Init                                 build/stm32f1xx_hal_tim.o
                                                  build/tim.o
HAL_TIM_Base_MspDeInit                            build/tim.o
HAL_TIM_Base_MspInit                              build/tim.o
HAL_TIM_Base_Start                                build/stm32f1xx_hal_tim.o
HAL_TIM_Base_Start_DMA                            build/stm32f1xx_hal_tim.o
HAL_TIM_Base_Start_IT                             build/stm32f1xx_hal_tim.o
                                                  build/sim800c.o
HAL_TIM_Base_Stop                                 build/stm32f1xx_hal_tim.o
HAL_TIM_Base_Stop_DMA                             build/stm32f1xx_hal_tim.o
HAL_TIM_Base_Stop_IT                              build/stm32f1xx_hal_tim.o
                                                  build/sim800c.o
HAL_TIM_ConfigClockSource                         build/stm32f1xx_hal_tim.o