Archive member included to satisfy reference by file (symbol)

c:/program files (x86)/gcc-arm-none-eabi-10.3-2021.10-win32/gcc-arm-none-eabi-10.3-2021.10/bin/../lib/gcc/arm-none-eabi/10.3.1/../../../../arm-none-eabi/lib/thumb/v7-m/nofp\libc_nano.a(lib_a-atof.o)
                              build/l70.o (atof)
c:/program files (x86)/gcc-arm-none-eabi-10.3-2021.10-win32/gcc-arm-none-eabi-10.3-2021.10/bin/../lib/gcc/arm-none-eabi/10.3.1/../../../../arm-none-eabi/lib/thumb/v7-m/nofp\libc_nano.a(lib_a-exit.o)
                              c:/program files (x86)/gcc-arm-none-eabi-10.3-2021.10-win32/gcc-arm-none-eabi-10.3-2021.10/bin/../lib/gcc/arm-none-eabi/10.3.1/../../../../arm-none-eabi/lib/thumb/v7-m/nofp/crt0.o (exit)
c:/program files (x86)/gcc-arm-none-eabi-10.3-2021.10-win32/gcc-arm-none-eabi-10.3-2021.10/bin/../lib/gcc/arm-none-eabi/10.3.1/../../../../arm-none-eabi/lib/thumb/v7-m/nofp\libc_nano.a(lib_a-impure.o)
                              c:/program files (x86)/gcc-arm-none-eabi-10.3-2021.10-win32/gcc-arm-none-eabi-10.3-2021.10/bin/../lib/gcc/arm-none-eabi/10.3.1/../../../../arm-none-eabi/lib/thumb/v7-m/nofp\libc_nano.a(lib_a-exit.o) (_global_impure_ptr)
c:/program files (x86)/gcc-arm-none-eabi-10.3-2021.10-win32/gcc-arm-none-eabi-10.3-2021.10/bin/../lib/gcc/arm-none-eabi/10.3.1/../../../../arm-none-eabi/lib/thumb/v7-m/nofp\libc_nano.a(lib_a-init.o)
                              c:/program files (x86)/gcc-arm-none-eabi-10.3-2021.10-win32/gcc-arm-none-eabi-10.3-2021.10/bin/../lib/gcc/arm-none-eabi/10.3.1/../../../../arm-none-eabi/lib/thumb/v7-m/nofp/crt0.o (__libc_init_array)
c:/program files (x86)/gcc-arm-none-eabi-10.3-2021.10-win32/gcc-arm-none-eabi-10.3-2021.10/bin/../lib/gcc/arm-none-eabi/10.3.1/../../../../arm-none-eabi/lib/thumb/v7-m/nofp\libc_nano.a(lib_a-memcpy-stub.o)
                              build/sim800c.o (memcpy)
c:/program files (x86)/gcc-arm-none-eabi-10.3-2021.10-win32/gcc-arm-none-eabi-10.3-2021.10/bin/../lib/gcc/arm-none-eabi/10.3.1/../../../../arm-none-eabi/lib/thumb/v7-m/nofp\libc_nano.a(lib_a-memset.o)
                              c:/program files (x86)/gcc-arm-none-eabi-10.3-2021.10-win32/gcc-arm-none-eabi-10.3-2021.10/bin/../lib/gcc/arm-none-eabi/10.3.1/../../../../arm-none-eabi/lib/thumb/v7-m/nofp/crt0.o (memset)
c:/program files (x86)/gcc-arm-none-eabi-10.3-2021.10-win32/gcc-arm-none-eabi-10.3-2021.10/bin/../lib/gcc/arm-none-eabi/10.3.1/../../../../arm-none-eabi/lib/thumb/v7-m/nofp\libc_nano.a(lib_a-sprintf.o)
                              build/main.o (sprintf)
c:/program files (x86)/gcc-arm-none-eabi-10.3-2021.10-win32/gcc-arm-none-eabi-10.3-2021.10/bin/../lib/gcc/arm-none-eabi/10.3.1/../../../../arm-none-eabi/lib/thumb/v7-m/nofp\libc_nano.a(lib_a-sscanf.o)
                              build/l70.o (sscanf)
c:/program files (x86)/gcc-arm-none-eabi-10.3-2021.10-win32/gcc-arm-none-eabi-10.3-2021.10/bin/../lib/gcc/arm-none-eabi/10.3.1/../../../../arm-none-eabi/lib/thumb/v7-m/nofp\libc_nano.a(lib_a-stdio.o)
                              c:/program files (x86)/gcc-arm-none-eabi-10.3-2021.10-win32/gcc-arm-none-eabi-10.3-2021.10/bin/../lib/gcc/arm-none-eabi/10.3.1/../../../../arm-none-eabi/lib/thumb/v7-m/nofp\libc_nano.a(lib_a-sscanf.o) (__seofread)
c:/program files (x86)/gcc-arm-none-eabi-10.3-2021.10-win32/gcc-arm-none-eabi-10.3-2021.10/bin/../lib/gcc/arm-none-eabi/10.3.1/../../../../arm-none-eabi/lib/thumb/v7-m/nofp\libc_nano.a(lib_a-strchr.o)
                              build/sim800c.o (strchr)
c:/program files (x86)/gcc-arm-none-eabi-10.3-2021.10-win32/gcc-arm-none-eabi-10.3-2021.10/bin/../lib/gcc/arm-none-eabi/10.3.1/../../../../arm-none-eabi/lib/thumb/v7-m/nofp\libc_nano.a(lib_a-strlen.o)
                              build/main.o (strlen)
c:/program files (x86)/gcc-arm-none-eabi-10.3-2021.10-win32/gcc-arm-none-eabi-10.3-2021.10/bin/../lib/gcc/arm-none-eabi/10.3.1/../../../../arm-none-eabi/lib/thumb/v7-m/nofp\libc_nano.a(lib_a-strstr.o)
                              build/sim800c.o (strstr)
c:/program files (x86)/gcc-arm-none-eabi-10.3-2021.10-win32/gcc-arm-none-eabi-10.3-2021.10/bin/../lib/gcc/arm-none-eabi/10.3.1/../../../../arm-none-eabi/lib/thumb/v7-m/nofp\libc_nano.a(lib_a-strtod.o)
                              c:/program files (x86)/gcc-arm-none-eabi-10.3-2021.10-win32/gcc-arm-none-eabi-10.3-2021.10/bin/../lib/gcc/arm-none-eabi/10.3.1/../../../../arm-none-eabi/lib/thumb/v7-m/nofp\libc_nano.a(lib_a-atof.o) (strtod)
c:/program files (x86)/gcc-arm-none-eabi-10.3-2021.10-win32/gcc-arm-none-eabi-10.3-2021.10/bin/../lib/gcc/arm-none-eabi/10.3.1/../../../../arm-none-eabi/lib/thumb/v7-m/nofp\libc_nano.a(lib_a-writer.o)
                              c:/program files (x86)/gcc-arm-none-eabi-10.3-2021.10-win32/gcc-arm-none-eabi-10.3-2021.10/bin/../lib/gcc/arm-none-eabi/10.3.1/../../../../arm-none-eabi/lib/thumb/v7-m/nofp\libc_nano.a(lib_a-stdio.o) (_write_r)
[...]
Memory Configuration

Name             Origin             Length             Attributes
RAM              0x20000000         0x00005000         xrw
FLASH            0x08000000         0x00010000         xr
*default*        0x00000000         0xffffffff

Linker script and memory map

LOAD c:/program files (x86)/gcc-arm-none-eabi-10.3-2021.10-win32/gcc-arm-none-eabi-10.3-2021.10/bin/../lib/gcc/arm-none-eabi/10.3.1/thumb/v7-m/nofp/crti.o
LOAD c:/program files (x86)/gcc-arm-none-eabi-10.3-2021.10-win32/gcc-arm-none-eabi-10.3-2021.10/bin/../lib/gcc/arm-none-eabi/10.3.1/thumb/v7-m/nofp/crtbegin.o
LOAD c:/program files (x86)/gcc-arm-none-eabi-10.3-2021.10-win32/gcc-arm-none-eabi-10.3-2021.10/bin/../lib/gcc/arm-none-eabi/10.3.1/../../../../arm-none-eabi/lib/thumb/v7-m/nofp/crt0.o
LOAD build/main.o
LOAD build/sim800c.o
LOAD build/l70.o
LOAD build/stm32f1xx_it.o
LOAD build/stm32f1xx_hal_msp.o
LOAD build/stm32f1xx_hal_gpio_ex.o
LOAD build/stm32f1xx_hal_adc.o
LOAD build/stm32f1xx_hal_adc_ex.o
LOAD build/stm32f1xx_hal.o
LOAD build/stm32f1xx_hal_rcc.o
LOAD build/stm32f1xx_hal_rcc_ex.o
LOAD build/stm32f1xx_hal_gpio.o
LOAD build/stm32f1xx_hal_dma.o
LOAD build/stm32f1xx_hal_cortex.o
LOAD build/stm32f1xx_hal_pwr.o
LOAD build/stm32f1xx_hal_flash.o
LOAD build/stm32f1xx_hal_flash_ex.o
LOAD build/stm32f1xx_hal_exti.o
LOAD build/stm32f1xx_hal_tim.o
LOAD build/stm32f1xx_hal_tim_ex.o
LOAD build/stm32f1xx_hal_uart.o
LOAD build/system_stm32f1xx.o
LOAD build/gpio.o
LOAD build/adc.o
LOAD build/tim.o
LOAD build/usart.o
LOAD build/startup_stm32f103xb.o
LOAD c:/program files (x86)/gcc-arm-none-eabi-10.3-2021.10-win32/gcc-arm-none-eabi-10.3-2021.10/bin/../lib/gcc/arm-none-eabi/10.3.1/../../../../arm-none-eabi/lib/thumb/v7-m/nofp\libc_nano.a
LOAD c:/program files (x86)/gcc-arm-none-eabi-10.3-2021.10-win32/gcc-arm-none-eabi-10.3-2021.10/bin/../lib/gcc/arm-none-eabi/10.3.1/../../../../arm-none-eabi/lib/thumb/v7-m/nofp\libm.a
LOAD c:/program files (x86)/gcc-arm-none-eabi-10.3-2021.10-win32/gcc-arm-none-eabi-10.3-2021.10/bin/../lib/gcc/arm-none-eabi/10.3.1/../../../../arm-none-eabi/lib/thumb/v7-m/nofp\libnosys.a
START GROUP
LOAD c:/program files (x86)/gcc-arm-none-eabi-10.3-2021.10-win32/gcc-arm-none-eabi-10.3-2021.10/bin/../lib/gcc/arm-none-eabi/10.3.1/thumb/v7-m/nofp\libgcc.a
LOAD c:/program files (x86)/gcc-arm-none-eabi-10.3-2021.10-win32/gcc-arm-none-eabi-10.3-2021.10/bin/../lib/gcc/arm-none-eabi/10.3.1/../../../../arm-none-eabi/lib/thumb/v7-m/nofp\libc_nano.a
END GROUP
START GROUP
LOAD c:/program files (x86)/gcc-arm-none-eabi-10.3-2021.10-win32/gcc-arm-none-eabi-10.3-2021.10/bin/../lib/gcc/arm-none-eabi/10.3.1/thumb/v7-m/nofp\libgcc.a
LOAD c:/program files (x86)/gcc-arm-none-eabi-10.3-2021.10-win32/gcc-arm-none-eabi-10.3-2021.10/bin/../lib/gcc/arm-none-eabi/10.3.1/../../../../arm-none-eabi/lib/thumb/v7-m/nofp\libc_nano.a
END GROUP
LOAD c:/program files (x86)/gcc-arm-none-eabi-10.3-2021.10-win32/gcc-arm-none-eabi-10.3-2021.10/bin/../lib/gcc/arm-none-eabi/10.3.1/thumb/v7-m/nofp/crtend.o
LOAD c:/program files (x86)/gcc-arm-none-eabi-10.3-2021.10-win32/gcc-arm-none-eabi-10.3-2021.10/bin/../lib/gcc/arm-none-eabi/10.3.1/thumb/v7-m/nofp/crtn.o
                0x20005000                _estack = 0x20005000
                0x00000200                _Min_Heap_Size = 0x200
                0x00000400                _Min_Stack_Size = 0x400

.isr_vector     0x08000000      0x10c
                0x08000000                . = ALIGN (0x4)
 *(.isr_vector)
 .isr_vector    0x08000000      0x10c build/startup_stm32f103xb.o
                0x08000000                g_pfnVectors
                0x0800010c                . = ALIGN (0x4)

.text           0x08000110     0x7fdc
                0x08000110                . = ALIGN (0x4)
 *(.text)
 .text          0x08000110       0x40 c:/program files (x86)/gcc-arm-none-eabi-10.3-2021.10-win32/gcc-arm-none-eabi-10.3-2021.10/bin/../lib/gcc/arm-none-eabi/10.3.1/thumb/v7-m/nofp/crtbegin.o
 .text          0x08000150       0x10 c:/program files (x86)/gcc-arm-none-eabi-10.3-2021.10-win32/gcc-arm-none-eabi-10.3-2021.10/bin/../lib/gcc/arm-none-eabi/10.3.1/../../../../arm-none-eabi/lib/thumb/v7-m/nofp\libc_nano.a(lib_a-strlen.o)
                0x08000150                strlen
 .text          0x08000160      0x378 c:/program files (x86)/gcc-arm-none-eabi-10.3-2021.10-win32/gcc-arm-none-eabi-10.3-2021.10/bin/../lib/gcc/arm-none-eabi/10.3.1/thumb/v7-m/nofp\libgcc.a(_arm_addsubdf3.o)
                0x08000160                __aeabi_drsub
                0x08000168                __aeabi_dsub
                0x08000168                __subdf3
                0x0800016c                __aeabi_dadd
                0x0800016c                __adddf3
                0x080003e4                __floatunsidf
                0x080003e4                __aeabi_ui2d
                0x08000404                __floatsidf
                0x08000404                __aeabi_i2d
                0x08000428                __aeabi_f2d
                0x08000428                __extendsfdf2
                0x0800046c                __floatundidf
                0x0800046c                __aeabi_ul2d
                0x0800047c                __floatdidf
                0x0800047c                __aeabi_l2d
 .text          0x080004d8      0x424 c:/program files (x86)/gcc-arm-none-eabi-10.3-2021.10-win32/gcc-arm-none-eabi-10.3-2021.10/bin/../lib/gcc/arm-none-eabi/10.3.1/thumb/v7-m/nofp\libgcc.a(_arm_muldivdf3.o)
                0x080004d8                __aeabi_dmul
                0x080004d8                __muldf3
                0x0800072c                __divdf3
                0x0800072c                __aeabi_ddiv
 .text          0x080008fc      0x110 c:/program files (x86)/gcc-arm-none-eabi-10.3-2021.10-win32/gcc-arm-none-eabi-10.3-2021.10/bin/../lib/gcc/arm-none-eabi/10.3.1/thumb/v7-m/nofp\libgcc.a(_arm_cmpdf2.o)
                0x080008fc                __gtdf2
                0x080008fc                __gedf2
                0x08000904                __ltdf2
                0x08000904                __ledf2
                0x0800090c                __nedf2
                0x0800090c                __eqdf2
                0x0800090c                __cmpdf2
                0x08000988                __aeabi_cdrcmple
                0x08000998                __aeabi_cdcmpeq
                0x08000998                __aeabi_cdcmple
                0x080009a8                __aeabi_dcmpeq
                0x080009bc                __aeabi_dcmplt
                0x080009d0                __aeabi_dcmple
                0x080009e4                __aeabi_dcmpge
                0x080009f8                __aeabi_dcmpgt
 .text          0x08000a0c       0x2c c:/program files (x86)/gcc-arm-none-eabi-10.3-2021.10-win32/gcc-arm-none-eabi-10.3-2021.10/bin/../lib/gcc/arm-none-eabi/10.3.1/thumb/v7-m/nofp\libgcc.a(_arm_unorddf2.o)
                0x08000a0c                __unorddf2
                0x08000a0c                __aeabi_dcmpun
 .text          0x08000a38       0x50 c:/program files (x86)/gcc-arm-none-eabi-10.3-2021.10-win32/gcc-arm-none-eabi-10.3-2021.10/bin/../lib/gcc/arm-none-eabi/10.3.1/thumb/v7-m/nofp\libgcc.a(_arm_fixdfsi.o)
                0x08000a38                __aeabi_d2iz
                0x08000a38                __fixdfsi
 .text          0x08000a88       0x40 c:/program files (x86)/gcc-arm-none-eabi-10.3-2021.10-win32/gcc-arm-none-eabi-10.3-2021.10/bin/../lib/gcc/arm-none-eabi/10.3.1/thumb/v7-m/nofp\libgcc.a(_arm_fixunsdfsi.o)
                0x08000a88                __aeabi_d2uiz
                0x08000a88                __fixunsdfsi
 .text          0x08000ac8       0x34 c:/program files (x86)/gcc-arm-none-eabi-10.3-2021.10-win32/gcc-arm-none-eabi-10.3-2021.10/bin/../lib/gcc/arm-none-eabi/10.3.1/thumb/v7-m/nofp\libgcc.a(_fixdfdi.o)
                0x08000ac8                __fixdfdi
                0x08000ac8                __aeabi_d2lz
 .text          0x08000afc       0x3c c:/program files (x86)/gcc-arm-none-eabi-10.3-2021.10-win32/gcc-arm-none-eabi-10.3-2021.10/bin/../lib/gcc/arm-none-eabi/10.3.1/thumb/v7-m/nofp\libgcc.a(_fixunsdfdi.o)
                0x08000afc                __fixunsdfdi
                0x08000afc                __aeabi_d2ulz
 *(.text*)
 .text.HAL_UART_RxCpltCallback
                0x08000b38       0x28 build/main.o
                0x08000b38                HAL_UART_RxCpltCallback
 .text.HAL_TIM_PeriodElapsedCallback
                0x08000b60       0x54 build/main.o
                0x08000b60                HAL_TIM_PeriodElapsedCallback
 .text.HAL_GPIO_EXTI_Callback
                0x08000bb4      0x124 build/main.o
                0x08000bb4                HAL_GPIO_EXTI_Callback
 .text.Error_Handler
                0x08000cd8        0x4 build/main.o
                0x08000cd8                Error_Handler
 .text.SystemClock_Config
                0x08000cdc       0x84 build/main.o
                0x08000cdc                SystemClock_Config
 .text.main     0x08000d60      0x128 build/main.o
                0x08000d60                main
 .text.sim800c_debug
                0x08000e88       0x14 build/sim800c.o
                0x08000e88                sim800c_debug
 .text.sim800c_sendCommand
                0x08000e9c       0xac build/sim800c.o
                0x08000e9c                sim800c_sendCommand
 .text.sim800c_callback
                0x08000f48       0x64 build/sim800c.o
                0x08000f48                sim800c_callback
 .text.sim800c_timerCallback
                0x08000fac       0x74 build/sim800c.o
                0x08000fac                sim800c_timerCallback
 .text.sim800c_GSM_GPRS
                0x08001020       0x4c build/sim800c.o
                0x08001020                sim800c_GSM_GPRS
 .text.sim800c_init
                0x0800106c       0x44 build/sim800c.o
                0x0800106c                sim800c_init
 .text.reverse  0x080010b0       0x1c build/l70.o
                0x080010b0                reverse
 .text.intToStr
                0x080010cc       0x4c build/l70.o
                0x080010cc                intToStr
 .text.ftoa     0x08001118       0x70 build/l70.o
                0x08001118                ftoa
 .text.l70_callback
                0x08001188       0x90 build/l70.o
                0x08001188                l70_callback
 .text.l70_receiveGPS
                0x08001218       0x40 build/l70.o
                0x08001218                l70_receiveGPS
 .text.l70_init
                0x08001258       0x18 build/l70.o
                0x08001258                l70_init
 .text.l70_handleGPS
                0x08001270      0x140 build/l70.o
                0x08001270                l70_handleGPS
 .text.NMI_Handler
                0x080013b0        0x2 build/stm32f1xx_it.o
                0x080013b0                NMI_Handler
 .text.HardFault_Handler
                0x080013b2        0x2 build/stm32f1xx_it.o
                0x080013b2                HardFault_Handler
 .text.MemManage_Handler
                0x080013b4        0x2 build/stm32f1xx_it.o
                0x080013b4                MemManage_Handler
 .text.BusFault_Handler
                0x080013b6        0x2 build/stm32f1xx_it.o
                0x080013b6                BusFault_Handler
 .text.UsageFault_Handler
                0x080013b8        0x2 build/stm32f1xx_it.o
                0x080013b8                UsageFault_Handler
 .text.SVC_Handler
                0x080013ba        0x2 build/stm32f1xx_it.o
                0x080013ba                SVC_Handler
 .text.DebugMon_Handler
                0x080013bc        0x2 build/stm32f1xx_it.o
                0x080013bc                DebugMon_Handler
 .text.PendSV_Handler
                0x080013be        0x2 build/stm32f1xx_it.o
                0x080013be                PendSV_Handler
 .text.SysTick_Handler
                0x080013c0        0x8 build/stm32f1xx_it.o
                0x080013c0                SysTick_Handler
 .text.EXTI1_IRQHandler
                0x080013c8        0xa build/stm32f1xx_it.o
                0x080013c8                EXTI1_IRQHandler
 .text.EXTI2_IRQHandler
                0x080013d2        0xa build/stm32f1xx_it.o
                0x080013d2                EXTI2_IRQHandler
 .text.ADC1_2_IRQHandler
                0x080013dc       0x10 build/stm32f1xx_it.o
                0x080013dc                ADC1_2_IRQHandler
 .text.TIM1_UP_IRQHandler
                0x080013ec       0x10 build/stm32f1xx_it.o
                0x080013ec                TIM1_UP_IRQHandler
 .text.TIM2_IRQHandler
                0x080013fc       0x10 build/stm32f1xx_it.o
                0x080013fc                TIM2_IRQHandler
 .text.USART2_IRQHandler
                0x0800140c       0x10 build/stm32f1xx_it.o
                0x0800140c                USART2_IRQHandler
 .text.USART3_IRQHandler
                0x0800141c       0x10 build/stm32f1xx_it.o
                0x0800141c                USART3_IRQHandler
 .text.HAL_MspInit
                0x0800142c       0x44 build/stm32f1xx_hal_msp.o
                0x0800142c                HAL_MspInit
 .text.HAL_ADC_GetValue
                0x08001470        0x6 build/stm32f1xx_hal_adc.o
                0x08001470                HAL_ADC_GetValue
 .text.HAL_ADC_ConvCpltCallback
                0x08001476        0x2 build/stm32f1xx_hal_adc.o
                0x08001476                HAL_ADC_ConvCpltCallback
 .text.HAL_ADC_LevelOutOfWindowCallback
                0x08001478        0x2 build/stm32f1xx_hal_adc.o
                0x08001478                HAL_ADC_LevelOutOfWindowCallback
 .text.HAL_ADC_IRQHandler
                0x0800147a      0x10c build/stm32f1xx_hal_adc.o
                0x0800147a                HAL_ADC_IRQHandler
 *fill*         0x08001586        0x2 
 .text.HAL_ADC_ConfigChannel
                0x08001588      0x144 build/stm32f1xx_hal_adc.o
                0x08001588                HAL_ADC_ConfigChannel
 .text.ADC_Enable
                0x080016cc       0x88 build/stm32f1xx_hal_adc.o
                0x080016cc                ADC_Enable
 .text.HAL_ADC_Start
                0x08001754       0xe8 build/stm32f1xx_hal_adc.o
                0x08001754                HAL_ADC_Start
 .text.ADC_ConversionStop_Disable
                0x0800183c       0x56 build/stm32f1xx_hal_adc.o
                0x0800183c                ADC_ConversionStop_Disable
 *fill*         0x08001892        0x2 
 .text.HAL_ADC_Init
                0x08001894      0x108 build/stm32f1xx_hal_adc.o
                0x08001894                HAL_ADC_Init
 .text.HAL_ADCEx_InjectedConvCpltCallback
                0x0800199c        0x2 build/stm32f1xx_hal_adc_ex.o
                0x0800199c                HAL_ADCEx_InjectedConvCpltCallback
 *fill*         0x0800199e        0x2 
 .text.HAL_InitTick
                0x080019a0       0x4c build/stm32f1xx_hal.o
                0x080019a0                HAL_InitTick
 .text.HAL_Init
                0x080019ec       0x24 build/stm32f1xx_hal.o
                0x080019ec                HAL_Init
 .text.HAL_IncTick
                0x08001a10       0x18 build/stm32f1xx_hal.o
                0x08001a10                HAL_IncTick
 .text.HAL_GetTick
                0x08001a28        0xc build/stm32f1xx_hal.o
                0x08001a28                HAL_GetTick
 .text.HAL_Delay
                0x08001a34       0x28 build/stm32f1xx_hal.o
                0x08001a34                HAL_Delay
 .text.RCC_Delay
                0x08001a5c       0x2c build/stm32f1xx_hal_rcc.o
 .text.HAL_RCC_OscConfig
                0x08001a88      0x410 build/stm32f1xx_hal_rcc.o
                0x08001a88                HAL_RCC_OscConfig
 .text.HAL_RCC_GetSysClockFreq
                0x08001e98       0x70 build/stm32f1xx_hal_rcc.o
                0x08001e98                HAL_RCC_GetSysClockFreq
 .text.HAL_RCC_ClockConfig
                0x08001f08      0x16c build/stm32f1xx_hal_rcc.o
                0x08001f08                HAL_RCC_ClockConfig
 .text.HAL_RCC_GetHCLKFreq
                0x08002074        0xc build/stm32f1xx_hal_rcc.o
                0x08002074                HAL_RCC_GetHCLKFreq
 .text.HAL_RCC_GetPCLK1Freq
                0x08002080       0x20 build/stm32f1xx_hal_rcc.o
                0x08002080                HAL_RCC_GetPCLK1Freq
 .text.HAL_RCC_GetPCLK2Freq
                0x080020a0       0x20 build/stm32f1xx_hal_rcc.o
                0x080020a0                HAL_RCC_GetPCLK2Freq
 .text.HAL_RCCEx_PeriphCLKConfig
                0x080020c0      0x118 build/stm32f1xx_hal_rcc_ex.o
                0x080020c0                HAL_RCCEx_PeriphCLKConfig
 .text.HAL_GPIO_Init
                0x080021d8      0x224 build/stm32f1xx_hal_gpio.o
                0x080021d8                HAL_GPIO_Init
 .text.HAL_GPIO_ReadPin
                0x080023fc        0xe build/stm32f1xx_hal_gpio.o
                0x080023fc                HAL_GPIO_ReadPin
 .text.HAL_GPIO_WritePin
                0x0800240a        0xc build/stm32f1xx_hal_gpio.o
                0x0800240a                HAL_GPIO_WritePin
 *fill*         0x08002416        0x2 
 .text.HAL_GPIO_EXTI_IRQHandler
                0x08002418       0x1c build/stm32f1xx_hal_gpio.o
                0x08002418                HAL_GPIO_EXTI_IRQHandler
 .text.HAL_DMA_Abort
                0x08002434       0x44 build/stm32f1xx_hal_dma.o
                0x08002434                HAL_DMA_Abort
 .text.HAL_DMA_Abort_IT
                0x08002478       0x98 build/stm32f1xx_hal_dma.o
                0x08002478                HAL_DMA_Abort_IT
 .text.HAL_NVIC_SetPriorityGrouping
                0x08002510       0x24 build/stm32f1xx_hal_cortex.o
                0x08002510                HAL_NVIC_SetPriorityGrouping
 .text.HAL_NVIC_SetPriority
                0x08002534       0x70 build/stm32f1xx_hal_cortex.o
                0x08002534                HAL_NVIC_SetPriority
 .text.HAL_NVIC_EnableIRQ
                0x080025a4       0x1c build/stm32f1xx_hal_cortex.o
                0x080025a4                HAL_NVIC_EnableIRQ
 .text.HAL_SYSTICK_Config
                0x080025c0       0x28 build/stm32f1xx_hal_cortex.o
                0x080025c0                HAL_SYSTICK_Config
 .text.TIM_TI1_ConfigInputStage
                0x080025e8       0x24 build/stm32f1xx_hal_tim.o
 .text.TIM_TI2_ConfigInputStage
                0x0800260c       0x26 build/stm32f1xx_hal_tim.o
 .text.TIM_ITRx_SetConfig
                0x08002632       0x10 build/stm32f1xx_hal_tim.o
 *fill*         0x08002642        0x2 
 .text.HAL_TIM_Base_Start_IT
                0x08002644       0x68 build/stm32f1xx_hal_tim.o
                0x08002644                HAL_TIM_Base_Start_IT
 .text.HAL_TIM_Base_Stop_IT
                0x080026ac       0x32 build/stm32f1xx_hal_tim.o
                0x080026ac                HAL_TIM_Base_Stop_IT
 .text.HAL_TIM_OC_DelayElapsedCallback
                0x080026de        0x2 build/stm32f1xx_hal_tim.o
                0x080026de                HAL_TIM_OC_DelayElapsedCallback
 .text.HAL_TIM_IC_CaptureCallback
                0x080026e0        0x2 build/stm32f1xx_hal_tim.o
                0x080026e0                HAL_TIM_IC_CaptureCallback
 .text.HAL_TIM_PWM_PulseFinishedCallback
                0x080026e2        0x2 build/stm32f1xx_hal_tim.o
                0x080026e2                HAL_TIM_PWM_PulseFinishedCallback
 .text.HAL_TIM_TriggerCallback
                0x080026e4        0x2 build/stm32f1xx_hal_tim.o
                0x080026e4                HAL_TIM_TriggerCallback
 .text.HAL_TIM_IRQHandler
                0x080026e6      0x17a build/stm32f1xx_hal_tim.o
                0x080026e6                HAL_TIM_IRQHandler
 .text.TIM_Base_SetConfig
                0x08002860       0x74 build/stm32f1xx_hal_tim.o
                0x08002860                TIM_Base_SetConfig
 .text.HAL_TIM_Base_Init
                0x080028d4       0x58 build/stm32f1xx_hal_tim.o
                0x080028d4                HAL_TIM_Base_Init
 .text.TIM_ETR_SetConfig
                0x0800292c       0x18 build/stm32f1xx_hal_tim.o
                0x0800292c                TIM_ETR_SetConfig
 .text.HAL_TIM_ConfigClockSource
                0x08002944       0xda build/stm32f1xx_hal_tim.o
                0x08002944                HAL_TIM_ConfigClockSource
 *fill*         0x08002a1e        0x2 
 .text.HAL_TIMEx_MasterConfigSynchronization
                0x08002a20       0x6c build/stm32f1xx_hal_tim_ex.o
                0x08002a20                HAL_TIMEx_MasterConfigSynchronization
 .text.HAL_TIMEx_CommutCallback
                0x08002a8c        0x2 build/stm32f1xx_hal_tim_ex.o
                0x08002a8c                HAL_TIMEx_CommutCallback
 .text.HAL_TIMEx_BreakCallback
                0x08002a8e        0x2 build/stm32f1xx_hal_tim_ex.o
                0x08002a8e                HAL_TIMEx_BreakCallback
 .text.UART_EndRxTransfer
                0x08002a90       0x32 build/stm32f1xx_hal_uart.o
 .text.UART_Transmit_IT
                0x08002ac2       0x60 build/stm32f1xx_hal_uart.o
 *fill*         0x08002b22        0x2 
 .text.UART_SetConfig
                0x08002b24       0x94 build/stm32f1xx_hal_uart.o
 .text.UART_WaitOnFlagUntilTimeout
                0x08002bb8       0x6c build/stm32f1xx_hal_uart.o
 .text.HAL_UART_Init
                0x08002c24       0x5e build/stm32f1xx_hal_uart.o
                0x08002c24                HAL_UART_Init
 .text.HAL_UART_Transmit
                0x08002c82       0xd8 build/stm32f1xx_hal_uart.o
                0x08002c82                HAL_UART_Transmit
 .text.HAL_UART_Transmit_IT
                0x08002d5a       0x4e build/stm32f1xx_hal_uart.o
                0x08002d5a                HAL_UART_Transmit_IT
 .text.HAL_UART_TxCpltCallback
                0x08002da8        0x2 build/stm32f1xx_hal_uart.o
                0x08002da8                HAL_UART_TxCpltCallback
 .text.UART_EndTransmit_IT
                0x08002daa       0x1a build/stm32f1xx_hal_uart.o
 .text.HAL_UART_ErrorCallback
                0x08002dc4        0x2 build/stm32f1xx_hal_uart.o
                0x08002dc4                HAL_UART_ErrorCallback
 .text.UART_DMAAbortOnError
                0x08002dc6       0x10 build/stm32f1xx_hal_uart.o
 .text.HAL_UARTEx_RxEventCallback
                0x08002dd6        0x2 build/stm32f1xx_hal_uart.o
                0x08002dd6                HAL_UARTEx_RxEventCallback
 .text.UART_Receive_IT
                0x08002dd8       0xd4 build/stm32f1xx_hal_uart.o
 .text.HAL_UART_IRQHandler
                0x08002eac      0x204 build/stm32f1xx_hal_uart.o
                0x08002eac                HAL_UART_IRQHandler
 .text.UART_Start_Receive_IT
                0x080030b0       0x36 build/stm32f1xx_hal_uart.o
                0x080030b0                UART_Start_Receive_IT
 .text.HAL_UART_Receive_IT
                0x080030e6       0x38 build/stm32f1xx_hal_uart.o
                0x080030e6                HAL_UART_Receive_IT
 .text.SystemInit
                0x0800311e        0x2 build/system_stm32f1xx.o
                0x0800311e                SystemInit
 .text.MX_GPIO_Init
                0x08003120      0x108 build/gpio.o
                0x08003120                MX_GPIO_Init
 .text.MX_ADC1_Init
                0x08003228       0x58 build/adc.o
                0x08003228                MX_ADC1_Init
 .text.HAL_ADC_MspInit
                0x08003280       0x70 build/adc.o
                0x08003280                HAL_ADC_MspInit
 .text.MX_TIM1_Init
                0x080032f0       0x74 build/tim.o
                0x080032f0                MX_TIM1_Init
 .text.MX_TIM2_Init
                0x08003364       0x70 build/tim.o
                0x08003364                MX_TIM2_Init
 .text.HAL_TIM_Base_MspInit
                0x080033d4       0x70 build/tim.o
                0x080033d4                HAL_TIM_Base_MspInit
 .text.MX_USART1_UART_Init
                0x08003444       0x34 build/usart.o
                0x08003444                MX_USART1_UART_Init
 .text.MX_USART2_UART_Init
                0x08003478       0x34 build/usart.o
                0x08003478                MX_USART2_UART_Init
 .text.MX_USART3_UART_Init
                0x080034ac       0x34 build/usart.o
                0x080034ac                MX_USART3_UART_Init
 .text.HAL_UART_MspInit
                0x080034e0      0x158 build/usart.o
                0x080034e0                HAL_UART_MspInit
 .text.Reset_Handler
                0x08003638       0x48 build/startup_stm32f103xb.o
                0x08003638                Reset_Handler
 .text.Default_Handler
                0x08003680        0x2 build/startup_stm32f103xb.o
                0x08003680                RTC_Alarm_IRQHandler
                0x08003680                TIM1_CC_IRQHandler
                0x08003680                PVD_IRQHandler
                0x08003680                EXTI3_IRQHandler
                0x08003680                EXTI0_IRQHandler
                0x08003680                I2C2_EV_IRQHandler
                0x08003680                SPI1_IRQHandler
                0x08003680                TAMPER_IRQHandler
                0x08003680                DMA1_Channel4_IRQHandler
                0x08003680                RTC_IRQHandler
                0x08003680                DMA1_Channel7_IRQHandler
                0x08003680                CAN1_RX1_IRQHandler
                0x08003680                TIM4_IRQHandler
                0x08003680                I2C1_EV_IRQHandler
                0x08003680                DMA1_Channel6_IRQHandler
                0x08003680                TIM3_IRQHandler
                0x08003680                RCC_IRQHandler
                0x08003680                TIM1_TRG_COM_IRQHandler
                0x08003680                DMA1_Channel1_IRQHandler
                0x08003680                Default_Handler
                0x08003680                EXTI15_10_IRQHandler
                0x08003680                EXTI9_5_IRQHandler
                0x08003680                SPI2_IRQHandler
                0x08003680                DMA1_Channel5_IRQHandler
                0x08003680                EXTI4_IRQHandler
                0x08003680                USB_LP_CAN1_RX0_IRQHandler
                0x08003680                USB_HP_CAN1_TX_IRQHandler
                0x08003680                DMA1_Channel3_IRQHandler
                0x08003680                WWDG_IRQHandler
                0x08003680                TIM1_BRK_IRQHandler
                0x08003680                I2C2_ER_IRQHandler
                0x08003680                DMA1_Channel2_IRQHandler
                0x08003680                CAN1_SCE_IRQHandler
                0x08003680                FLASH_IRQHandler
                0x08003680                USART1_IRQHandler
                0x08003680                I2C1_ER_IRQHandler
                0x08003680                USBWakeUp_IRQHandler
 .text.atof     0x08003682        0x6 c:/program files (x86)/gcc-arm-none-eabi-10.3-2021.10-win32/gcc-arm-none-eabi-10.3-2021.10/bin/../lib/gcc/arm-none-eabi/10.3.1/../../../../arm-none-eabi/lib/thumb/v7-m/nofp\libc_nano.a(lib_a-atof.o)
                0x08003682                atof
 .text.__libc_init_array
                0x08003688       0x48 c:/program files (x86)/gcc-arm-none-eabi-10.3-2021.10-win32/gcc-arm-none-eabi-10.3-2021.10/bin/../lib/gcc/arm-none-eabi/10.3.1/../../../../arm-none-eabi/lib/thumb/v7-m/nofp\libc_nano.a(lib_a-init.o)
                0x08003688                __libc_init_array
 .text.memcpy   0x080036d0       0x1c c:/program files (x86)/gcc-arm-none-eabi-10.3-2021.10-win32/gcc-arm-none-eabi-10.3-2021.10/bin/../lib/gcc/arm-none-eabi/10.3.1/../../../../arm-none-eabi/lib/thumb/v7-m/nofp\libc_nano.a(lib_a-memcpy-stub.o)
                0x080036d0                memcpy
 .text.memset   0x080036ec       0x10 c:/program files (x86)/gcc-arm-none-eabi-10.3-2021.10-win32/gcc-arm-none-eabi-10.3-2021.10/bin/../lib/gcc/arm-none-eabi/10.3.1/../../../../arm-none-eabi/lib/thumb/v7-m/nofp\libc_nano.a(lib_a-memset.o)
                0x080036ec                memset
 .text.sprintf  0x080036fc       0x40 c:/program files (x86)/gcc-arm-none-eabi-10.3-2021.10-win32/gcc-arm-none-eabi-10.3-2021.10/bin/../lib/gcc/arm-none-eabi/10.3.1/../../../../arm-none-eabi/lib/thumb/v7-m/nofp\libc_nano.a(lib_a-sprintf.o)
                0x080036fc                siprintf
                0x080036fc                sprintf
 .text.sscanf   0x0800373c       0x54 c:/program files (x86)/gcc-arm-none-eabi-10.3-2021.10-win32/gcc-arm-none-eabi-10.3-2021.10/bin/../lib/gcc/arm-none-eabi/10.3.1/../../../../arm-none-eabi/lib/thumb/v7-m/nofp\libc_nano.a(lib_a-sscanf.o)
                0x0800373c                siscanf
                0x0800373c                sscanf
 .text.__sread  0x08003790       0x22 c:/program files (x86)/gcc-arm-none-eabi-10.3-2021.10-win32/gcc-arm-none-eabi-10.3-2021.10/bin/../lib/gcc/arm-none-eabi/10.3.1/../../../../arm-none-eabi/lib/thumb/v7-m/nofp\libc_nano.a(lib_a-stdio.o)
                0x08003790                __sread
 .text.__seofread
                0x080037b2        0x4 c:/program files (x86)/gcc-arm-none-eabi-10.3-2021.10-win32/gcc-arm-none-eabi-10.3-2021.10/bin/../lib/gcc/arm-none-eabi/10.3.1/../../../../arm-none-eabi/lib/thumb/v7-m/nofp\libc_nano.a(lib_a-stdio.o)
                0x080037b2                __seofread
 .text.__swrite
                0x080037b6       0x38 c:/program files (x86)/gcc-arm-none-eabi-10.3-2021.10-win32/gcc-arm-none-eabi-10.3-2021.10/bin/../lib/gcc/arm-none-eabi/10.3.1/../../../../arm-none-eabi/lib/thumb/v7-m/nofp\libc_nano.a(lib_a-stdio.o)
                0x080037b6                __swrite
 .text.__sseek  0x080037ee       0x24 c:/program files (x86)/gcc-arm-none-eabi-10.3-2021.10-win32/gcc-arm-none-eabi-10.3-2021.10/bin/../lib/gcc/arm-none-eabi/10.3.1/../../../../arm-none-eabi/lib/thumb/v7-m/nofp\libc_nano.a(lib_a-stdio.o)
                0x080037ee                __sseek
 .text.__sclose
                0x08003812        0x8 c:/program files (x86)/gcc-arm-none-eabi-10.3-2021.10-win32/gcc-arm-none-eabi-10.3-2021.10/bin/../lib/gcc/arm-none-eabi/10.3.1/../../../../arm-none-eabi/lib/thumb/v7-m/nofp\libc_nano.a(lib_a-stdio.o)
                0x08003812                __sclose
 .text.strchr   0x0800381a       0x1a c:/program files (x86)/gcc-arm-none-eabi-10.3-2021.10-win32/gcc-arm-none-eabi-10.3-2021.10/bin/../lib/gcc/arm-none-eabi/10.3.1/../../../../arm-none-eabi/lib/thumb/v7-m/nofp\libc_nano.a(lib_a-strchr.o)
                0x0800381a                strchr
 .text.strstr   0x08003834       0x2c c:/program files (x86)/gcc-arm-none-eabi-10.3-2021.10-win32/gcc-arm-none-eabi-10.3-2021.10/bin/../lib/gcc/arm-none-eabi/10.3.1/../../../../arm-none-eabi/lib/thumb/v7-m/nofp\libc_nano.a(lib_a-strstr.o)
                0x08003834                strstr
 .text.sulp     0x08003860       0x42 c:/program files (x86)/gcc-arm-none-eabi-10.3-2021.10-win32/gcc-arm-none-eabi-10.3-2021.10/bin/../lib/gcc/arm-none-eabi/10.3.1/../../../../arm-none-eabi/lib/thumb/v7-m/nofp\libc_nano.a(lib_a-strtod.o)
 *fill*         0x080038a2        0x6 
 .text._strtod_l
                0x080038a8      0xbd0 c:/program files (x86)/gcc-arm-none-eabi-10.3-2021.10-win32/gcc-arm-none-eabi-10.3-2021.10/bin/../lib/gcc/arm-none-eabi/10.3.1/../../../../arm-none-eabi/lib/thumb/v7-m/nofp\libc_nano.a(lib_a-strtod.o)
                0x080038a8                _strtod_l
 .text.strtod   0x08004478       0x18 c:/program files (x86)/gcc-arm-none-eabi-10.3-2021.10-win32/gcc-arm-none-eabi-10.3-2021.10/bin/../lib/gcc/arm-none-eabi/10.3.1/../../../../arm-none-eabi/lib/thumb/v7-m/nofp\libc_nano.a(lib_a-strtod.o)
                0x08004478                strtod
 .text._write_r
                0x08004490       0x24 c:/program files (x86)/gcc-arm-none-eabi-10.3-2021.10-win32/gcc-arm-none-eabi-10.3-2021.10/bin/../lib/gcc/arm-none-eabi/10.3.1/../../../../arm-none-eabi/lib/thumb/v7-m/nofp\libc_nano.a(lib_a-writer.o)
                0x08004490                _write_r
 .text._close_r
                0x080044b4       0x20 c:/program files (x86)/gcc-arm-none-eabi-10.3-2021.10-win32/gcc-arm-none-eabi-10.3-2021.10/bin/../lib/gcc/arm-none-eabi/10.3.1/../../../../arm-none-eabi/lib/thumb/v7-m/nofp\libc_nano.a(lib_a-closer.o)
                0x080044b4                _close_r
 .text.rshift   0x080044d4       0xa6 c:/program files (x86)/gcc-arm-none-eabi-10.3-2021.10-win32/gcc-arm-none-eabi-10.3-2021.10/bin/../lib/gcc/arm-none-eabi/10.3.1/../../../../arm-none-eabi/lib/thumb/v7-m/nofp\libc_nano.a(lib_a-gdtoa-gethex.o)
 .text.__hexdig_fun
                0x0800457a       0x2a c:/program files (x86)/gcc-arm-none-eabi-10.3-2021.10-win32/gcc-arm-none-eabi-10.3-2021.10/bin/../lib/gcc/arm-none-eabi/10.3.1/../../../../arm-none-eabi/lib/thumb/v7-m/nofp\libc_nano.a(lib_a-gdtoa-gethex.o)
                0x0800457a                __hexdig_fun
 .text.__gethex
                0x080045a4      0x478 c:/program files (x86)/gcc-arm-none-eabi-10.3-2021.10-win32/gcc-arm-none-eabi-10.3-2021.10/bin/../lib/gcc/arm-none-eabi/10.3.1/../../../../arm-none-eabi/lib/thumb/v7-m/nofp\libc_nano.a(lib_a-gdtoa-gethex.o)
                0x080045a4                __gethex
 .text.L_shift  0x08004a1c       0x24 c:/program files (x86)/gcc-arm-none-eabi-10.3-2021.10-win32/gcc-arm-none-eabi-10.3-2021.10/bin/../lib/gcc/arm-none-eabi/10.3.1/../../../../arm-none-eabi/lib/thumb/v7-m/nofp\libc_nano.a(lib_a-gdtoa-hexnan.o)
 .text.__match  0x08004a40       0x28 c:/program files (x86)/gcc-arm-none-eabi-10.3-2021.10-win32/gcc-arm-none-eabi-10.3-2021.10/bin/../lib/gcc/arm-none-eabi/10.3.1/../../../../arm-none-eabi/lib/thumb/v7-m/nofp\libc_nano.a(lib_a-gdtoa-hexnan.o)
                0x08004a40                __match
 .text.__hexnan
                0x08004a68      0x138 c:/program files (x86)/gcc-arm-none-eabi-10.3-2021.10-win32/gcc-arm-none-eabi-10.3-2021.10/bin/../lib/gcc/arm-none-eabi/10.3.1/../../../../arm-none-eabi/lib/thumb/v7-m/nofp\libc_nano.a(lib_a-gdtoa-hexnan.o)
                0x08004a68                __hexnan
 .text._lseek_r
                0x08004ba0       0x24 c:/program files (x86)/gcc-arm-none-eabi-10.3-2021.10-win32/gcc-arm-none-eabi-10.3-2021.10/bin/../lib/gcc/arm-none-eabi/10.3.1/../../../../arm-none-eabi/lib/thumb/v7-m/nofp\libc_nano.a(lib_a-lseekr.o)
                0x08004ba0                _lseek_r
 .text.__ascii_mbtowc
                0x08004bc4       0x24 c:/program files (x86)/gcc-arm-none-eabi-10.3-2021.10-win32/gcc-arm-none-eabi-10.3-2021.10/bin/../lib/gcc/arm-none-eabi/10.3.1/../../../../arm-none-eabi/lib/thumb/v7-m/nofp\libc_nano.a(lib_a-mbtowc_r.o)
                0x08004bc4                __ascii_mbtowc
 .text._Balloc  0x08004be8       0x80 c:/program files (x86)/gcc-arm-none-eabi-10.3-2021.10-win32/gcc-arm-none-eabi-10.3-2021.10/bin/../lib/gcc/arm-none-eabi/10.3.1/../../../../arm-none-eabi/lib/thumb/v7-m/nofp\libc_nano.a(lib_a-mprec.o)
                0x08004be8                _Balloc
 .text._Bfree   0x08004c68       0x44 c:/program files (x86)/gcc-arm-none-eabi-10.3-2021.10-win32/gcc-arm-none-eabi-10.3-2021.10/bin/../lib/gcc/arm-none-eabi/10.3.1/../../../../arm-none-eabi/lib/thumb/v7-m/nofp\libc_nano.a(lib_a-mprec.o)
                0x08004c68                _Bfree
 .text.__multadd
                0x08004cac       0x8c c:/program files (x86)/gcc-arm-none-eabi-10.3-2021.10-win32/gcc-arm-none-eabi-10.3-2021.10/bin/../lib/gcc/arm-none-eabi/10.3.1/../../../../arm-none-eabi/lib/thumb/v7-m/nofp\libc_nano.a(lib_a-mprec.o)
                0x08004cac                __multadd
 .text.__s2b    0x08004d38       0x94 c:/program files (x86)/gcc-arm-none-eabi-10.3-2021.10-win32/gcc-arm-none-eabi-10.3-2021.10/bin/../lib/gcc/arm-none-eabi/10.3.1/../../../../arm-none-eabi/lib/thumb/v7-m/nofp\libc_nano.a(lib_a-mprec.o)
                0x08004d38                __s2b
 .text.__hi0bits
                0x08004dcc       0x40 c:/program files (x86)/gcc-arm-none-eabi-10.3-2021.10-win32/gcc-arm-none-eabi-10.3-2021.10/bin/../lib/gcc/arm-none-eabi/10.3.1/../../../../arm-none-eabi/lib/thumb/v7-m/nofp\libc_nano.a(lib_a-mprec.o)
                0x08004dcc                __hi0bits
 .text.__lo0bits
                0x08004e0c       0x5a c:/program files (x86)/gcc-arm-none-eabi-10.3-2021.10-win32/gcc-arm-none-eabi-10.3-2021.10/bin/../lib/gcc/arm-none-eabi/10.3.1/../../../../arm-none-eabi/lib/thumb/v7-m/nofp\libc_nano.a(lib_a-mprec.o)
                0x08004e0c                __lo0bits
 *fill*         0x08004e66        0x2 
 .text.__i2b    0x08004e68       0x2c c:/program files (x86)/gcc-arm-none-eabi-10.3-2021.10-win32/gcc-arm-none-eabi-10.3-2021.10/bin/../lib/gcc/arm-none-eabi/10.3.1/../../../../arm-none-eabi/lib/thumb/v7-m/nofp\libc_nano.a(lib_a-mprec.o)
                0x08004e68                __i2b
 .text.__multiply
                0x08004e94      0x150 c:/program files (x86)/gcc-arm-none-eabi-10.3-2021.10-win32/gcc-arm-none-eabi-10.3-2021.10/bin/../lib/gcc/arm-none-eabi/10.3.1/../../../../arm-none-eabi/lib/thumb/v7-m/nofp\libc_nano.a(lib_a-mprec.o)
                0x08004e94                __multiply
 .text.__pow5mult
                0x08004fe4       0xb4 c:/program files (x86)/gcc-arm-none-eabi-10.3-2021.10-win32/gcc-arm-none-eabi-10.3-2021.10/bin/../lib/gcc/arm-none-eabi/10.3.1/../../../../arm-none-eabi/lib/thumb/v7-m/nofp\libc_nano.a(lib_a-mprec.o)
                0x08004fe4                __pow5mult
 .text.__lshift
                0x08005098       0xe0 c:/program files (x86)/gcc-arm-none-eabi-10.3-2021.10-win32/gcc-arm-none-eabi-10.3-2021.10/bin/../lib/gcc/arm-none-eabi/10.3.1/../../../../arm-none-eabi/lib/thumb/v7-m/nofp\libc_nano.a(lib_a-mprec.o)
                0x08005098                __lshift
 .text.__mcmp   0x08005178       0x36 c:/program files (x86)/gcc-arm-none-eabi-10.3-2021.10-win32/gcc-arm-none-eabi-10.3-2021.10/bin/../lib/gcc/arm-none-eabi/10.3.1/../../../../arm-none-eabi/lib/thumb/v7-m/nofp\libc_nano.a(lib_a-mprec.o)
                0x08005178                __mcmp
 *fill*         0x080051ae        0x2 
 .text.__mdiff  0x080051b0      0x118 c:/program files (x86)/gcc-arm-none-eabi-10.3-2021.10-win32/gcc-arm-none-eabi-10.3-2021.10/bin/../lib/gcc/arm-none-eabi/10.3.1/../../../../arm-none-eabi/lib/thumb/v7-m/nofp\libc_nano.a(lib_a-mprec.o)
                0x080051b0                __mdiff
 .text.__ulp    0x080052c8       0x4c c:/program files (x86)/gcc-arm-none-eabi-10.3-2021.10-win32/gcc-arm-none-eabi-10.3-2021.10/bin/../lib/gcc/arm-none-eabi/10.3.1/../../../../arm-none-eabi/lib/thumb/v7-m/nofp\libc_nano.a(lib_a-mprec.o)
                0x080052c8                __ulp
 .text.__b2d    0x08005314       0xa8 c:/program files (x86)/gcc-arm-none-eabi-10.3-2021.10-win32/gcc-arm-none-eabi-10.3-2021.10/bin/../lib/gcc/arm-none-eabi/10.3.1/../../../../arm-none-eabi/lib/thumb/v7-m/nofp\libc_nano.a(lib_a-mprec.o)
                0x08005314                __b2d
 .text.__d2b    0x080053bc       0xb8 c:/program files (x86)/gcc-arm-none-eabi-10.3-2021.10-win32/gcc-arm-none-eabi-10.3-2021.10/bin/../lib/gcc/arm-none-eabi/10.3.1/../../../../arm-none-eabi/lib/thumb/v7-m/nofp\libc_nano.a(lib_a-mprec.o)
                0x080053bc                __d2b
 .text.__ratio  0x08005474       0x5c c:/program files (x86)/gcc-arm-none-eabi-10.3-2021.10-win32/gcc-arm-none-eabi-10.3-2021.10/bin/../lib/gcc/arm-none-eabi/10.3.1/../../../../arm-none-eabi/lib/thumb/v7-m/nofp\libc_nano.a(lib_a-mprec.o)
                0x08005474                __ratio
 .text.__copybits
                0x080054d0       0x46 c:/program files (x86)/gcc-arm-none-eabi-10.3-2021.10-win32/gcc-arm-none-eabi-10.3-2021.10/bin/../lib/gcc/arm-none-eabi/10.3.1/../../../../arm-none-eabi/lib/thumb/v7-m/nofp\libc_nano.a(lib_a-mprec.o)
                0x080054d0                __copybits
 .text.__any_on
                0x08005516       0x42 c:/program files (x86)/gcc-arm-none-eabi-10.3-2021.10-win32/gcc-arm-none-eabi-10.3-2021.10/bin/../lib/gcc/arm-none-eabi/10.3.1/../../../../arm-none-eabi/lib/thumb/v7-m/nofp\libc_nano.a(lib_a-mprec.o)
                0x08005516                __any_on
 .text._calloc_r
                0x08005558       0x28 c:/program files (x86)/gcc-arm-none-eabi-10.3-2021.10-win32/gcc-arm-none-eabi-10.3-2021.10/bin/../lib/gcc/arm-none-eabi/10.3.1/../../../../arm-none-eabi/lib/thumb/v7-m/nofp\libc_nano.a(lib_a-nano-callocr.o)
                0x08005558                _calloc_r
 .text.sbrk_aligned
                0x08005580       0x40 c:/program files (x86)/gcc-arm-none-eabi-10.3-2021.10-win32/gcc-arm-none-eabi-10.3-2021.10/bin/../lib/gcc/arm-none-eabi/10.3.1/../../../../arm-none-eabi/lib/thumb/v7-m/nofp\libc_nano.a(lib_a-nano-mallocr.o)
 .text._malloc_r
                0x080055c0       0xe8 c:/program files (x86)/gcc-arm-none-eabi-10.3-2021.10-win32/gcc-arm-none-eabi-10.3-2021.10/bin/../lib/gcc/arm-none-eabi/10.3.1/../../../../arm-none-eabi/lib/thumb/v7-m/nofp\libc_nano.a(lib_a-nano-mallocr.o)
                0x080055c0                _malloc_r
 .text.__ssputs_r
                0x080056a8       0xb6 c:/program files (x86)/gcc-arm-none-eabi-10.3-2021.10-win32/gcc-arm-none-eabi-10.3-2021.10/bin/../lib/gcc/arm-none-eabi/10.3.1/../../../../arm-none-eabi/lib/thumb/v7-m/nofp\libc_nano.a(lib_a-nano-svfprintf.o)
                0x080056a8                __ssputs_r
 *fill*         0x0800575e        0x2 
 .text._svfprintf_r
                0x08005760      0x200 c:/program files (x86)/gcc-arm-none-eabi-10.3-2021.10-win32/gcc-arm-none-eabi-10.3-2021.10/bin/../lib/gcc/arm-none-eabi/10.3.1/../../../../arm-none-eabi/lib/thumb/v7-m/nofp\libc_nano.a(lib_a-nano-svfprintf.o)
                0x08005760                _svfiprintf_r
                0x08005760                _svfprintf_r
 .text._sungetc_r
                0x08005960       0x7a c:/program files (x86)/gcc-arm-none-eabi-10.3-2021.10-win32/gcc-arm-none-eabi-10.3-2021.10/bin/../lib/gcc/arm-none-eabi/10.3.1/../../../../arm-none-eabi/lib/thumb/v7-m/nofp\libc_nano.a(lib_a-nano-svfscanf.o)
                0x08005960                _sungetc_r
 .text.__ssrefill_r
                0x080059da       0x3a c:/program files (x86)/gcc-arm-none-eabi-10.3-2021.10-win32/gcc-arm-none-eabi-10.3-2021.10/bin/../lib/gcc/arm-none-eabi/10.3.1/../../../../arm-none-eabi/lib/thumb/v7-m/nofp\libc_nano.a(lib_a-nano-svfscanf.o)
                0x080059da                __ssrefill_r
 .text.__ssvfscanf_r
                0x08005a14      0x2f4 c:/program files (x86)/gcc-arm-none-eabi-10.3-2021.10-win32/gcc-arm-none-eabi-10.3-2021.10/bin/../lib/gcc/arm-none-eabi/10.3.1/../../../../arm-none-eabi/lib/thumb/v7-m/nofp\libc_nano.a(lib_a-nano-svfscanf.o)
                0x08005a14                __ssvfiscanf_r
                0x08005a14                __ssvfscanf_r
 .text._printf_common
                0x08005d08       0xde c:/program files (x86)/gcc-arm-none-eabi-10.3-2021.10-win32/gcc-arm-none-eabi-10.3-2021.10/bin/../lib/gcc/arm-none-eabi/10.3.1/../../../../arm-none-eabi/lib/thumb/v7-m/nofp\libc_nano.a(lib_a-nano-vfprintf_i.o)
                0x08005d08                _printf_common
 *fill*         0x08005de6        0x2 
 .text._printf_i
                0x08005de8      0x24c c:/program files (x86)/gcc-arm-none-eabi-10.3-2021.10-win32/gcc-arm-none-eabi-10.3-2021.10/bin/../lib/gcc/arm-none-eabi/10.3.1/../../../../arm-none-eabi/lib/thumb/v7-m/nofp\libc_nano.a(lib_a-nano-vfprintf_i.o)
                0x08005de8                _printf_i
 .text._scanf_chars
                0x08006034       0xb4 c:/program files (x86)/gcc-arm-none-eabi-10.3-2021.10-win32/gcc-arm-none-eabi-10.3-2021.10/bin/../lib/gcc/arm-none-eabi/10.3.1/../../../../arm-none-eabi/lib/thumb/v7-m/nofp\libc_nano.a(lib_a-nano-vfscanf_i.o)
                0x08006034                _scanf_chars
 .text._scanf_i
                0x080060e8      0x1f0 c:/program files (x86)/gcc-arm-none-eabi-10.3-2021.10-win32/gcc-arm-none-eabi-10.3-2021.10/bin/../lib/gcc/arm-none-eabi/10.3.1/../../../../arm-none-eabi/lib/thumb/v7-m/nofp\libc_nano.a(lib_a-nano-vfscanf_i.o)
                0x080060e8                _scanf_i
 .text._read_r  0x080062d8       0x24 c:/program files (x86)/gcc-arm-none-eabi-10.3-2021.10-win32/gcc-arm-none-eabi-10.3-2021.10/bin/../lib/gcc/arm-none-eabi/10.3.1/../../../../arm-none-eabi/lib/thumb/v7-m/nofp\libc_nano.a(lib_a-readr.o)
                0x080062d8                _read_r
 .text.nan      0x080062fc        0xc c:/program files (x86)/gcc-arm-none-eabi-10.3-2021.10-win32/gcc-arm-none-eabi-10.3-2021.10/bin/../lib/gcc/arm-none-eabi/10.3.1/../../../../arm-none-eabi/lib/thumb/v7-m/nofp\libc_nano.a(lib_a-s_nan.o)
                0x080062fc                nan
 .text._sbrk_r  0x08006308       0x20 c:/program files (x86)/gcc-arm-none-eabi-10.3-2021.10-win32/gcc-arm-none-eabi-10.3-2021.10/bin/../lib/gcc/arm-none-eabi/10.3.1/../../../../arm-none-eabi/lib/thumb/v7-m/nofp\libc_nano.a(lib_a-sbrkr.o)
                0x08006308                _sbrk_r
 .text.__sccl   0x08006328       0x70 c:/program files (x86)/gcc-arm-none-eabi-10.3-2021.10-win32/gcc-arm-none-eabi-10.3-2021.10/bin/../lib/gcc/arm-none-eabi/10.3.1/../../../../arm-none-eabi/lib/thumb/v7-m/nofp\libc_nano.a(lib_a-sccl.o)
                0x08006328                __sccl
 .text.strncmp  0x08006398       0x28 c:/program files (x86)/gcc-arm-none-eabi-10.3-2021.10-win32/gcc-arm-none-eabi-10.3-2021.10/bin/../lib/gcc/arm-none-eabi/10.3.1/../../../../arm-none-eabi/lib/thumb/v7-m/nofp\libc_nano.a(lib_a-strncmp.o)
                0x08006398                strncmp
 .text._strtol_l.constprop.0
                0x080063c0       0xf8 c:/program files (x86)/gcc-arm-none-eabi-10.3-2021.10-win32/gcc-arm-none-eabi-10.3-2021.10/bin/../lib/gcc/arm-none-eabi/10.3.1/../../../../arm-none-eabi/lib/thumb/v7-m/nofp\libc_nano.a(lib_a-strtol.o)
 .text._strtol_r
                0x080064b8        0x4 c:/program files (x86)/gcc-arm-none-eabi-10.3-2021.10-win32/gcc-arm-none-eabi-10.3-2021.10/bin/../lib/gcc/arm-none-eabi/10.3.1/../../../../arm-none-eabi/lib/thumb/v7-m/nofp\libc_nano.a(lib_a-strtol.o)
                0x080064b8                _strtol_r
 .text._strtoul_l.constprop.0
                0x080064bc       0xe4 c:/program files (x86)/gcc-arm-none-eabi-10.3-2021.10-win32/gcc-arm-none-eabi-10.3-2021.10/bin/../lib/gcc/arm-none-eabi/10.3.1/../../../../arm-none-eabi/lib/thumb/v7-m/nofp\libc_nano.a(lib_a-strtoul.o)
 .text._strtoul_r
                0x080065a0        0x4 c:/program files (x86)/gcc-arm-none-eabi-10.3-2021.10-win32/gcc-arm-none-eabi-10.3-2021.10/bin/../lib/gcc/arm-none-eabi/10.3.1/../../../../arm-none-eabi/lib/thumb/v7-m/nofp\libc_nano.a(lib_a-strtoul.o)
                0x080065a0                _strtoul_r
 .text.__submore
                0x080065a4       0x70 c:/program files (x86)/gcc-arm-none-eabi-10.3-2021.10-win32/gcc-arm-none-eabi-10.3-2021.10/bin/../lib/gcc/arm-none-eabi/10.3.1/../../../../arm-none-eabi/lib/thumb/v7-m/nofp\libc_nano.a(lib_a-ungetc.o)
                0x080065a4                __submore
 .text.__ascii_wctomb
                0x08006614       0x1a c:/program files (x86)/gcc-arm-none-eabi-10.3-2021.10-win32/gcc-arm-none-eabi-10.3-2021.10/bin/../lib/gcc/arm-none-eabi/10.3.1/../../../../arm-none-eabi/lib/thumb/v7-m/nofp\libc_nano.a(lib_a-wctomb_r.o)
                0x08006614                __ascii_wctomb
 *fill*         0x0800662e        0x2 
 .text.__assert_func
                0x08006630       0x3c c:/program files (x86)/gcc-arm-none-eabi-10.3-2021.10-win32/gcc-arm-none-eabi-10.3-2021.10/bin/../lib/gcc/arm-none-eabi/10.3.1/../../../../arm-none-eabi/lib/thumb/v7-m/nofp\libc_nano.a(lib_a-assert.o)
                0x08006630                __assert_func
 .text.__errno  0x0800666c        0xc c:/program files (x86)/gcc-arm-none-eabi-10.3-2021.10-win32/gcc-arm-none-eabi-10.3-2021.10/bin/../lib/gcc/arm-none-eabi/10.3.1/../../../../arm-none-eabi/lib/thumb/v7-m/nofp\libc_nano.a(lib_a-errno.o)
                0x0800666c                __errno
 .text.__sflush_r
                0x08006678      0x104 c:/program files (x86)/gcc-arm-none-eabi-10.3-2021.10-win32/gcc-arm-none-eabi-10.3-2021.10/bin/../lib/gcc/arm-none-eabi/10.3.1/../../../../arm-none-eabi/lib/thumb/v7-m/nofp\libc_nano.a(lib_a-fflush.o)
                0x08006678                __sflush_r
 .text._fflush_r
                0x0800677c       0x78 c:/program files (x86)/gcc-arm-none-eabi-10.3-2021.10-win32/gcc-arm-none-eabi-10.3-2021.10/bin/../lib/gcc/arm-none-eabi/10.3.1/../../../../arm-none-eabi/lib/thumb/v7-m/nofp\libc_nano.a(lib_a-fflush.o)
                0x0800677c                _fflush_r
 .text.std      0x080067f4       0x48 c:/program files (x86)/gcc-arm-none-eabi-10.3-2021.10-win32/gcc-arm-none-eabi-10.3-2021.10/bin/../lib/gcc/arm-none-eabi/10.3.1/../../../../arm-none-eabi/lib/thumb/v7-m/nofp\libc_nano.a(lib_a-findfp.o)
 .text._cleanup_r
                0x0800683c        0xc c:/program files (x86)/gcc-arm-none-eabi-10.3-2021.10-win32/gcc-arm-none-eabi-10.3-2021.10/bin/../lib/gcc/arm-none-eabi/10.3.1/../../../../arm-none-eabi/lib/thumb/v7-m/nofp\libc_nano.a(lib_a-findfp.o)
                0x0800683c                _cleanup_r
 .text.__sfmoreglue
                0x08006848       0x2c c:/program files (x86)/gcc-arm-none-eabi-10.3-2021.10-win32/gcc-arm-none-eabi-10.3-2021.10/bin/../lib/gcc/arm-none-eabi/10.3.1/../../../../arm-none-eabi/lib/thumb/v7-m/nofp\libc_nano.a(lib_a-findfp.o)
                0x08006848                __sfmoreglue
 .text.__sfp_lock_acquire
                0x08006874        0xc c:/program files (x86)/gcc-arm-none-eabi-10.3-2021.10-win32/gcc-arm-none-eabi-10.3-2021.10/bin/../lib/gcc/arm-none-eabi/10.3.1/../../../../arm-none-eabi/lib/thumb/v7-m/nofp\libc_nano.a(lib_a-findfp.o)
                0x08006874                __sfp_lock_acquire
 .text.__sfp_lock_release
                0x08006880        0xc c:/program files (x86)/gcc-arm-none-eabi-10.3-2021.10-win32/gcc-arm-none-eabi-10.3-2021.10/bin/../lib/gcc/arm-none-eabi/10.3.1/../../../../arm-none-eabi/lib/thumb/v7-m/nofp\libc_nano.a(lib_a-findfp.o)
                0x08006880                __sfp_lock_release
 .text.__sinit_lock_acquire
                0x0800688c        0xc c:/program files (x86)/gcc-arm-none-eabi-10.3-2021.10-win32/gcc-arm-none-eabi-10.3-2021.10/bin/../lib/gcc/arm-none-eabi/10.3.1/../../../../arm-none-eabi/lib/thumb/v7-m/nofp\libc_nano.a(lib_a-findfp.o)
                0x0800688c                __sinit_lock_acquire
 .text.__sinit_lock_release
                0x08006898        0xc c:/program files (x86)/gcc-arm-none-eabi-10.3-2021.10-win32/gcc-arm-none-eabi-10.3-2021.10/bin/../lib/gcc/arm-none-eabi/10.3.1/../../../../arm-none-eabi/lib/thumb/v7-m/nofp\libc_nano.a(lib_a-findfp.o)
                0x08006898                __sinit_lock_release
 .text.__sinit  0x080068a4       0x70 c:/program files (x86)/gcc-arm-none-eabi-10.3-2021.10-win32/gcc-arm-none-eabi-10.3-2021.10/bin/../lib/gcc/arm-none-eabi/10.3.1/../../../../arm-none-eabi/lib/thumb/v7-m/nofp\libc_nano.a(lib_a-findfp.o)
                0x080068a4                __sinit
 .text.__sfp    0x08006914       0x8c c:/program files (x86)/gcc-arm-none-eabi-10.3-2021.10-win32/gcc-arm-none-eabi-10.3-2021.10/bin/../lib/gcc/arm-none-eabi/10.3.1/../../../../arm-none-eabi/lib/thumb/v7-m/nofp\libc_nano.a(lib_a-findfp.o)
                0x08006914                __sfp
 .text.fprintf  0x080069a0       0x24 c:/program files (x86)/gcc-arm-none-eabi-10.3-2021.10-win32/gcc-arm-none-eabi-10.3-2021.10/bin/../lib/gcc/arm-none-eabi/10.3.1/../../../../arm-none-eabi/lib/thumb/v7-m/nofp\libc_nano.a(lib_a-fprintf.o)
                0x080069a0                fiprintf
                0x080069a0                fprintf
 .text._fwalk_reent
                0x080069c4       0x3e c:/program files (x86)/gcc-arm-none-eabi-10.3-2021.10-win32/gcc-arm-none-eabi-10.3-2021.10/bin/../lib/gcc/arm-none-eabi/10.3.1/../../../../arm-none-eabi/lib/thumb/v7-m/nofp\libc_nano.a(lib_a-fwalk.o)
                0x080069c4                _fwalk_reent
 .text.__retarget_lock_init_recursive
                0x08006a02        0x2 c:/program files (x86)/gcc-arm-none-eabi-10.3-2021.10-win32/gcc-arm-none-eabi-10.3-2021.10/bin/../lib/gcc/arm-none-eabi/10.3.1/../../../../arm-none-eabi/lib/thumb/v7-m/nofp\libc_nano.a(lib_a-lock.o)
                0x08006a02                __retarget_lock_init_recursive
 .text.__retarget_lock_acquire_recursive
                0x08006a04        0x2 c:/program files (x86)/gcc-arm-none-eabi-10.3-2021.10-win32/gcc-arm-none-eabi-10.3-2021.10/bin/../lib/gcc/arm-none-eabi/10.3.1/../../../../arm-none-eabi/lib/thumb/v7-m/nofp\libc_nano.a(lib_a-lock.o)
                0x08006a04                __retarget_lock_acquire_recursive
 .text.__retarget_lock_release_recursive
                0x08006a06        0x2 c:/program files (x86)/gcc-arm-none-eabi-10.3-2021.10-win32/gcc-arm-none-eabi-10.3-2021.10/bin/../lib/gcc/arm-none-eabi/10.3.1/../../../../arm-none-eabi/lib/thumb/v7-m/nofp\libc_nano.a(lib_a-lock.o)
                0x08006a06                __retarget_lock_release_recursive
 .text.malloc   0x08006a08       0x10 c:/program files (x86)/gcc-arm-none-eabi-10.3-2021.10-win32/gcc-arm-none-eabi-10.3-2021.10/bin/../lib/gcc/arm-none-eabi/10.3.1/../../../../arm-none-eabi/lib/thumb/v7-m/nofp\libc_nano.a(lib_a-malloc.o)
                0x08006a08                malloc
 .text.memchr   0x08006a18       0x1c c:/program files (x86)/gcc-arm-none-eabi-10.3-2021.10-win32/gcc-arm-none-eabi-10.3-2021.10/bin/../lib/gcc/arm-none-eabi/10.3.1/../../../../arm-none-eabi/lib/thumb/v7-m/nofp\libc_nano.a(lib_a-memchr-stub.o)
                0x08006a18                memchr
 .text.memmove  0x08006a34       0x34 c:/program files (x86)/gcc-arm-none-eabi-10.3-2021.10-win32/gcc-arm-none-eabi-10.3-2021.10/bin/../lib/gcc/arm-none-eabi/10.3.1/../../../../arm-none-eabi/lib/thumb/v7-m/nofp\libc_nano.a(lib_a-memmove.o)
                0x08006a34                memmove
 .text.__malloc_lock
                0x08006a68        0xc c:/program files (x86)/gcc-arm-none-eabi-10.3-2021.10-win32/gcc-arm-none-eabi-10.3-2021.10/bin/../lib/gcc/arm-none-eabi/10.3.1/../../../../arm-none-eabi/lib/thumb/v7-m/nofp\libc_nano.a(lib_a-mlock.o)
                0x08006a68                __malloc_lock
 .text.__malloc_unlock
                0x08006a74        0xc c:/program files (x86)/gcc-arm-none-eabi-10.3-2021.10-win32/gcc-arm-none-eabi-10.3-2021.10/bin/../lib/gcc/arm-none-eabi/10.3.1/../../../../arm-none-eabi/lib/thumb/v7-m/nofp\libc_nano.a(lib_a-mlock.o)
                0x08006a74                __malloc_unlock
 .text._free_r  0x08006a80       0x90 c:/program files (x86)/gcc-arm-none-eabi-10.3-2021.10-win32/gcc-arm-none-eabi-10.3-2021.10/bin/../lib/gcc/arm-none-eabi/10.3.1/../../../../arm-none-eabi/lib/thumb/v7-m/nofp\libc_nano.a(lib_a-nano-freer.o)
                0x08006a80                _free_r
 .text._realloc_r
                0x08006b10       0x5e c:/program files (x86)/gcc-arm-none-eabi-10.3-2021.10-win32/gcc-arm-none-eabi-10.3-2021.10/bin/../lib/gcc/arm-none-eabi/10.3.1/../../../../arm-none-eabi/lib/thumb/v7-m/nofp\libc_nano.a(lib_a-nano-reallocr.o)
                0x08006b10                _realloc_r
 .text.__sfputc_r
                0x08006b6e       0x2a c:/program files (x86)/gcc-arm-none-eabi-10.3-2021.10-win32/gcc-arm-none-eabi-10.3-2021.10/bin/../lib/gcc/arm-none-eabi/10.3.1/../../../../arm-none-eabi/lib/thumb/v7-m/nofp\libc_nano.a(lib_a-nano-vfprintf.o)
 .text.__sfputs_r
                0x08006b98       0x24 c:/program files (x86)/gcc-arm-none-eabi-10.3-2021.10-win32/gcc-arm-none-eabi-10.3-2021.10/bin/../lib/gcc/arm-none-eabi/10.3.1/../../../../arm-none-eabi/lib/thumb/v7-m/nofp\libc_nano.a(lib_a-nano-vfprintf.o)
                0x08006b98                __sfputs_r
 .text._vfprintf_r
                0x08006bbc      0x260 c:/program files (x86)/gcc-arm-none-eabi-10.3-2021.10-win32/gcc-arm-none-eabi-10.3-2021.10/bin/../lib/gcc/arm-none-eabi/10.3.1/../../../../arm-none-eabi/lib/thumb/v7-m/nofp\libc_nano.a(lib_a-nano-vfprintf.o)
                0x08006bbc                _vfprintf_r
                0x08006bbc                _vfiprintf_r
 .text.__swbuf_r
                0x08006e1c       0xa4 c:/program files (x86)/gcc-arm-none-eabi-10.3-2021.10-win32/gcc-arm-none-eabi-10.3-2021.10/bin/../lib/gcc/arm-none-eabi/10.3.1/../../../../arm-none-eabi/lib/thumb/v7-m/nofp\libc_nano.a(lib_a-wbuf.o)
                0x08006e1c                __swbuf_r
 .text.__swsetup_r
                0x08006ec0       0xdc c:/program files (x86)/gcc-arm-none-eabi-10.3-2021.10-win32/gcc-arm-none-eabi-10.3-2021.10/bin/../lib/gcc/arm-none-eabi/10.3.1/../../../../arm-none-eabi/lib/thumb/v7-m/nofp\libc_nano.a(lib_a-wsetup.o)
                0x08006ec0                __swsetup_r
 .text.abort    0x08006f9c        0xe c:/program files (x86)/gcc-arm-none-eabi-10.3-2021.10-win32/gcc-arm-none-eabi-10.3-2021.10/bin/../lib/gcc/arm-none-eabi/10.3.1/../../../../arm-none-eabi/lib/thumb/v7-m/nofp\libc_nano.a(lib_a-abort.o)
                0x08006f9c                abort
 .text.__swhatbuf_r
                0x08006faa       0x4a c:/program files (x86)/gcc-arm-none-eabi-10.3-2021.10-win32/gcc-arm-none-eabi-10.3-2021.10/bin/../lib/gcc/arm-none-eabi/10.3.1/../../../../arm-none-eabi/lib/thumb/v7-m/nofp\libc_nano.a(lib_a-makebuf.o)
                0x08006faa                __swhatbuf_r
 .text.__smakebuf_r
                0x08006ff4       0x80 c:/program files (x86)/gcc-arm-none-eabi-10.3-2021.10-win32/gcc-arm-none-eabi-10.3-2021.10/bin/../lib/gcc/arm-none-eabi/10.3.1/../../../../arm-none-eabi/lib/thumb/v7-m/nofp\libc_nano.a(lib_a-makebuf.o)
                0x08006ff4                __smakebuf_r
 .text._malloc_usable_size_r
                0x08007074       0x10 c:/program files (x86)/gcc-arm-none-eabi-10.3-2021.10-win32/gcc-arm-none-eabi-10.3-2021.10/bin/../lib/gcc/arm-none-eabi/10.3.1/../../../../arm-none-eabi/lib/thumb/v7-m/nofp\libc_nano.a(lib_a-nano-msizer.o)
                0x08007074                _malloc_usable_size_r
 .text._raise_r
                0x08007084       0x50 c:/program files (x86)/gcc-arm-none-eabi-10.3-2021.10-win32/gcc-arm-none-eabi-10.3-2021.10/bin/../lib/gcc/arm-none-eabi/10.3.1/../../../../arm-none-eabi/lib/thumb/v7-m/nofp\libc_nano.a(lib_a-signal.o)
                0x08007084                _raise_r
 .text.raise    0x080070d4       0x10 c:/program files (x86)/gcc-arm-none-eabi-10.3-2021.10-win32/gcc-arm-none-eabi-10.3-2021.10/bin/../lib/gcc/arm-none-eabi/10.3.1/../../../../arm-none-eabi/lib/thumb/v7-m/nofp\libc_nano.a(lib_a-signal.o)
                0x080070d4                raise
 .text._kill_r  0x080070e4       0x24 c:/program files (x86)/gcc-arm-none-eabi-10.3-2021.10-win32/gcc-arm-none-eabi-10.3-2021.10/bin/../lib/gcc/arm-none-eabi/10.3.1/../../../../arm-none-eabi/lib/thumb/v7-m/nofp\libc_nano.a(lib_a-signalr.o)
                0x080070e4                _kill_r
 .text._getpid_r
                0x08007108        0x4 c:/program files (x86)/gcc-arm-none-eabi-10.3-2021.10-win32/gcc-arm-none-eabi-10.3-2021.10/bin/../lib/gcc/arm-none-eabi/10.3.1/../../../../arm-none-eabi/lib/thumb/v7-m/nofp\libc_nano.a(lib_a-signalr.o)
                0x08007108                _getpid_r
 .text._fstat_r
                0x0800710c       0x24 c:/program files (x86)/gcc-arm-none-eabi-10.3-2021.10-win32/gcc-arm-none-eabi-10.3-2021.10/bin/../lib/gcc/arm-none-eabi/10.3.1/../../../../arm-none-eabi/lib/thumb/v7-m/nofp\libc_nano.a(lib_a-fstatr.o)
                0x0800710c                _fstat_r
 .text._isatty_r
                0x08007130       0x20 c:/program files (x86)/gcc-arm-none-eabi-10.3-2021.10-win32/gcc-arm-none-eabi-10.3-2021.10/bin/../lib/gcc/arm-none-eabi/10.3.1/../../../../arm-none-eabi/lib/thumb/v7-m/nofp\libc_nano.a(lib_a-isattyr.o)
                0x08007130                _isatty_r
 .text.pow      0x08007150       0xdc c:/program files (x86)/gcc-arm-none-eabi-10.3-2021.10-win32/gcc-arm-none-eabi-10.3-2021.10/bin/../lib/gcc/arm-none-eabi/10.3.1/../../../../arm-none-eabi/lib/thumb/v7-m/nofp\libm.a(lib_a-w_pow.o)
                0x08007150                pow
 *fill*         0x0800722c        0x4 
 .text.__ieee754_pow
                0x08007230      0xb08 c:/program files (x86)/gcc-arm-none-eabi-10.3-2021.10-win32/gcc-arm-none-eabi-10.3-2021.10/bin/../lib/gcc/arm-none-eabi/10.3.1/../../../../arm-none-eabi/lib/thumb/v7-m/nofp\libm.a(lib_a-e_pow.o)
                0x08007230                __ieee754_pow
 .text.__ieee754_sqrt
                0x08007d38      0x18c c:/program files (x86)/gcc-arm-none-eabi-10.3-2021.10-win32/gcc-arm-none-eabi-10.3-2021.10/bin/../lib/gcc/arm-none-eabi/10.3.1/../../../../arm-none-eabi/lib/thumb/v7-m/nofp\libm.a(lib_a-e_sqrt.o)
                0x08007d38                __ieee754_sqrt
 .text.with_errno
                0x08007ec4       0x18 c:/program files (x86)/gcc-arm-none-eabi-10.3-2021.10-win32/gcc-arm-none-eabi-10.3-2021.10/bin/../lib/gcc/arm-none-eabi/10.3.1/../../../../arm-none-eabi/lib/thumb/v7-m/nofp\libm.a(lib_a-math_err.o)
 .text.xflow    0x08007edc       0x30 c:/program files (x86)/gcc-arm-none-eabi-10.3-2021.10-win32/gcc-arm-none-eabi-10.3-2021.10/bin/../lib/gcc/arm-none-eabi/10.3.1/../../../../arm-none-eabi/lib/thumb/v7-m/nofp\libm.a(lib_a-math_err.o)
 .text.__math_uflow
                0x08007f0c        0xc c:/program files (x86)/gcc-arm-none-eabi-10.3-2021.10-win32/gcc-arm-none-eabi-10.3-2021.10/bin/../lib/gcc/arm-none-eabi/10.3.1/../../../../arm-none-eabi/lib/thumb/v7-m/nofp\libm.a(lib_a-math_err.o)
                0x08007f0c                __math_uflow
 .text.__math_oflow
                0x08007f18        0xc c:/program files (x86)/gcc-arm-none-eabi-10.3-2021.10-win32/gcc-arm-none-eabi-10.3-2021.10/bin/../lib/gcc/arm-none-eabi/10.3.1/../../../../arm-none-eabi/lib/thumb/v7-m/nofp\libm.a(lib_a-math_err.o)
                0x08007f18                __math_oflow
 .text.fabs     0x08007f24        0x8 c:/program files (x86)/gcc-arm-none-eabi-10.3-2021.10-win32/gcc-arm-none-eabi-10.3-2021.10/bin/../lib/gcc/arm-none-eabi/10.3.1/../../../../arm-none-eabi/lib/thumb/v7-m/nofp\libm.a(lib_a-s_fabs.o)
                0x08007f24                fabs
 .text.finite   0x08007f2c        0xc c:/program files (x86)/gcc-arm-none-eabi-10.3-2021.10-win32/gcc-arm-none-eabi-10.3-2021.10/bin/../lib/gcc/arm-none-eabi/10.3.1/../../../../arm-none-eabi/lib/thumb/v7-m/nofp\libm.a(lib_a-s_finite.o)
                0x08007f2c                finite
 .text.scalbn   0x08007f38       0xfc c:/program files (x86)/gcc-arm-none-eabi-10.3-2021.10-win32/gcc-arm-none-eabi-10.3-2021.10/bin/../lib/gcc/arm-none-eabi/10.3.1/../../../../arm-none-eabi/lib/thumb/v7-m/nofp\libm.a(lib_a-s_scalbn.o)
                0x08007f38                scalbn
 .text._close   0x08008034       0x10 c:/program files (x86)/gcc-arm-none-eabi-10.3-2021.10-win32/gcc-arm-none-eabi-10.3-2021.10/bin/../lib/gcc/arm-none-eabi/10.3.1/../../../../arm-none-eabi/lib/thumb/v7-m/nofp\libnosys.a(close.o)
                0x08008034                _close
 .text._fstat   0x08008044       0x10 c:/program files (x86)/gcc-arm-none-eabi-10.3-2021.10-win32/gcc-arm-none-eabi-10.3-2021.10/bin/../lib/gcc/arm-none-eabi/10.3.1/../../../../arm-none-eabi/lib/thumb/v7-m/nofp\libnosys.a(fstat.o)
                0x08008044                _fstat
 .text._getpid  0x08008054       0x10 c:/program files (x86)/gcc-arm-none-eabi-10.3-2021.10-win32/gcc-arm-none-eabi-10.3-2021.10/bin/../lib/gcc/arm-none-eabi/10.3.1/../../../../arm-none-eabi/lib/thumb/v7-m/nofp\libnosys.a(getpid.o)
                0x08008054                _getpid
 .text._isatty  0x08008064       0x10 c:/program files (x86)/gcc-arm-none-eabi-10.3-2021.10-win32/gcc-arm-none-eabi-10.3-2021.10/bin/../lib/gcc/arm-none-eabi/10.3.1/../../../../arm-none-eabi/lib/thumb/v7-m/nofp\libnosys.a(isatty.o)
                0x08008064                _isatty
 .text._kill    0x08008074       0x10 c:/program files (x86)/gcc-arm-none-eabi-10.3-2021.10-win32/gcc-arm-none-eabi-10.3-2021.10/bin/../lib/gcc/arm-none-eabi/10.3.1/../../../../arm-none-eabi/lib/thumb/v7-m/nofp\libnosys.a(kill.o)
                0x08008074                _kill
 .text._lseek   0x08008084       0x10 c:/program files (x86)/gcc-arm-none-eabi-10.3-2021.10-win32/gcc-arm-none-eabi-10.3-2021.10/bin/../lib/gcc/arm-none-eabi/10.3.1/../../../../arm-none-eabi/lib/thumb/v7-m/nofp\libnosys.a(lseek.o)
                0x08008084                _lseek
 .text._read    0x08008094       0x10 c:/program files (x86)/gcc-arm-none-eabi-10.3-2021.10-win32/gcc-arm-none-eabi-10.3-2021.10/bin/../lib/gcc/arm-none-eabi/10.3.1/../../../../arm-none-eabi/lib/thumb/v7-m/nofp\libnosys.a(read.o)
                0x08008094                _read
 .text._sbrk    0x080080a4       0x1c c:/program files (x86)/gcc-arm-none-eabi-10.3-2021.10-win32/gcc-arm-none-eabi-10.3-2021.10/bin/../lib/gcc/arm-none-eabi/10.3.1/../../../../arm-none-eabi/lib/thumb/v7-m/nofp\libnosys.a(sbrk.o)
                0x080080a4                _sbrk
 .text._write   0x080080c0       0x10 c:/program files (x86)/gcc-arm-none-eabi-10.3-2021.10-win32/gcc-arm-none-eabi-10.3-2021.10/bin/../lib/gcc/arm-none-eabi/10.3.1/../../../../arm-none-eabi/lib/thumb/v7-m/nofp\libnosys.a(write.o)
                0x080080c0                _write
 .text._exit    0x080080d0        0x4 c:/program files (x86)/gcc-arm-none-eabi-10.3-2021.10-win32/gcc-arm-none-eabi-10.3-2021.10/bin/../lib/gcc/arm-none-eabi/10.3.1/../../../../arm-none-eabi/lib/thumb/v7-m/nofp\libnosys.a(_exit.o)
                0x080080d0                _exit
 *(.glue_7)
 .glue_7        0x080080d4        0x0 linker stubs
 *(.glue_7t)
 .glue_7t       0x080080d4        0x0 linker stubs
 *(.eh_frame)
 .eh_frame      0x080080d4        0x0 c:/program files (x86)/gcc-arm-none-eabi-10.3-2021.10-win32/gcc-arm-none-eabi-10.3-2021.10/bin/../lib/gcc/arm-none-eabi/10.3.1/thumb/v7-m/nofp/crtbegin.o
 *(.init)
 .init          0x080080d4        0x4 c:/program files (x86)/gcc-arm-none-eabi-10.3-2021.10-win32/gcc-arm-none-eabi-10.3-2021.10/bin/../lib/gcc/arm-none-eabi/10.3.1/thumb/v7-m/nofp/crti.o
                0x080080d4                _init
 .init          0x080080d8        0x8 c:/program files (x86)/gcc-arm-none-eabi-10.3-2021.10-win32/gcc-arm-none-eabi-10.3-2021.10/bin/../lib/gcc/arm-none-eabi/10.3.1/thumb/v7-m/nofp/crtn.o
 *(.fini)
 .fini          0x080080e0        0x4 c:/program files (x86)/gcc-arm-none-eabi-10.3-2021.10-win32/gcc-arm-none-eabi-10.3-2021.10/bin/../lib/gcc/arm-none-eabi/10.3.1/thumb/v7-m/nofp/crti.o
                0x080080e0                _fini
 .fini          0x080080e4        0x8 c:/program files (x86)/gcc-arm-none-eabi-10.3-2021.10-win32/gcc-arm-none-eabi-10.3-2021.10/bin/../lib/gcc/arm-none-eabi/10.3.1/thumb/v7-m/nofp/crtn.o
                0x080080ec                . = ALIGN (0x4)
                0x080080ec                _etext = .

.vfp11_veneer   0x080080ec        0x0
 .vfp11_veneer  0x080080ec        0x0 linker stubs

.v4_bx          0x080080ec        0x0
 .v4_bx         0x080080ec        0x0 linker stubs

.iplt           0x080080ec        0x0
 .iplt          0x080080ec        0x0 c:/program files (x86)/gcc-arm-none-eabi-10.3-2021.10-win32/gcc-arm-none-eabi-10.3-2021.10/bin/../lib/gcc/arm-none-eabi/10.3.1/thumb/v7-m/nofp/crtbegin.o

.rodata         0x080080f0      0x628
                0x080080f0                . = ALIGN (0x4)
 *(.rodata)
 .rodata        0x080080f0        0xc c:/program files (x86)/gcc-arm-none-eabi-10.3-2021.10-win32/gcc-arm-none-eabi-10.3-2021.10/bin/../lib/gcc/arm-none-eabi/10.3.1/../../../../arm-none-eabi/lib/thumb/v7-m/nofp\libc_nano.a(lib_a-nano-vfscanf_i.o)
 *(.rodata*)
 .rodata.main.str1.4
                0x080080fc       0x6e build/main.o
 .rodata.sim800c_callback.str1.4
                0x0800816a       0x6e build/sim800c.o
                                  0x3 (size before relaxing)
 *fill*         0x0800816a        0x2 
 .rodata.sim800c_sendSMS.str1.4
                0x0800816c       0x1e build/sim800c.o
                                 0x26 (size before relaxing)
 *fill*         0x0800818a        0x2 
 .rodata.sim800c_GSM_GPRS.str1.4
                0x0800818c       0x4b build/sim800c.o
 *fill*         0x080081d7        0x1 
 .rodata.sim800c_init.str1.4
                0x080081d8        0xd build/sim800c.o
 *fill*         0x080081e5        0x3 
 .rodata.l70_init.str1.4
                0x080081e8       0x34 build/l70.o
 .rodata.l70_handleGPS.str1.4
                0x0800821c       0x39 build/l70.o
 *fill*         0x08008255        0x3 
 .rodata.HAL_RCC_GetSysClockFreq.str1.4
                0x08008258       0x11 build/stm32f1xx_hal_rcc.o
 *fill*         0x08008269        0x3 
 .rodata.AHBPrescTable
                0x0800826c       0x10 build/system_stm32f1xx.o
                0x0800826c                AHBPrescTable
 .rodata.APBPrescTable
                0x0800827c        0x8 build/system_stm32f1xx.o
                0x0800827c                APBPrescTable
 .rodata._global_impure_ptr
                0x08008284        0x4 c:/program files (x86)/gcc-arm-none-eabi-10.3-2021.10-win32/gcc-arm-none-eabi-10.3-2021.10/bin/../lib/gcc/arm-none-eabi/10.3.1/../../../../arm-none-eabi/lib/thumb/v7-m/nofp\libc_nano.a(lib_a-impure.o)
                0x08008284                _global_impure_ptr
 .rodata._strtod_l.str1.1
                0x08008288        0xc c:/program files (x86)/gcc-arm-none-eabi-10.3-2021.10-win32/gcc-arm-none-eabi-10.3-2021.10/bin/../lib/gcc/arm-none-eabi/10.3.1/../../../../arm-none-eabi/lib/thumb/v7-m/nofp\libc_nano.a(lib_a-strtod.o)
                                  0xd (size before relaxing)
 .rodata.fpi.1  0x08008294       0x14 c:/program files (x86)/gcc-arm-none-eabi-10.3-2021.10-win32/gcc-arm-none-eabi-10.3-2021.10/bin/../lib/gcc/arm-none-eabi/10.3.1/../../../../arm-none-eabi/lib/thumb/v7-m/nofp\libc_nano.a(lib_a-strtod.o)
 .rodata.fpinan.0
                0x080082a8       0x14 c:/program files (x86)/gcc-arm-none-eabi-10.3-2021.10-win32/gcc-arm-none-eabi-10.3-2021.10/bin/../lib/gcc/arm-none-eabi/10.3.1/../../../../arm-none-eabi/lib/thumb/v7-m/nofp\libc_nano.a(lib_a-strtod.o)
 *fill*         0x080082bc        0x4 
 .rodata.tinytens
                0x080082c0       0x28 c:/program files (x86)/gcc-arm-none-eabi-10.3-2021.10-win32/gcc-arm-none-eabi-10.3-2021.10/bin/../lib/gcc/arm-none-eabi/10.3.1/../../../../arm-none-eabi/lib/thumb/v7-m/nofp\libc_nano.a(lib_a-strtod.o)
 .rodata.__gethex.str1.1
                0x080082e8       0x97 c:/program files (x86)/gcc-arm-none-eabi-10.3-2021.10-win32/gcc-arm-none-eabi-10.3-2021.10/bin/../lib/gcc/arm-none-eabi/10.3.1/../../../../arm-none-eabi/lib/thumb/v7-m/nofp\libc_nano.a(lib_a-gdtoa-gethex.o)
 .rodata.str1.1
                0x0800837f        0x2 c:/program files (x86)/gcc-arm-none-eabi-10.3-2021.10-win32/gcc-arm-none-eabi-10.3-2021.10/bin/../lib/gcc/arm-none-eabi/10.3.1/../../../../arm-none-eabi/lib/thumb/v7-m/nofp\libc_nano.a(lib_a-lnumeric.o)
                                  0x3 (size before relaxing)
 *fill*         0x08008381        0x3 
 .rodata._C_numeric_locale
                0x08008384        0xc c:/program files (x86)/gcc-arm-none-eabi-10.3-2021.10-win32/gcc-arm-none-eabi-10.3-2021.10/bin/../lib/gcc/arm-none-eabi/10.3.1/../../../../arm-none-eabi/lib/thumb/v7-m/nofp\libc_nano.a(lib_a-lnumeric.o)
                0x08008384                _C_numeric_locale
 .rodata._setlocale_r.str1.1
                0x08008390        0x8 c:/program files (x86)/gcc-arm-none-eabi-10.3-2021.10-win32/gcc-arm-none-eabi-10.3-2021.10/bin/../lib/gcc/arm-none-eabi/10.3.1/../../../../arm-none-eabi/lib/thumb/v7-m/nofp\libc_nano.a(lib_a-locale.o)
                                  0x9 (size before relaxing)
 .rodata.str1.1
                0x08008398        0x2 c:/program files (x86)/gcc-arm-none-eabi-10.3-2021.10-win32/gcc-arm-none-eabi-10.3-2021.10/bin/../lib/gcc/arm-none-eabi/10.3.1/../../../../arm-none-eabi/lib/thumb/v7-m/nofp\libc_nano.a(lib_a-locale.o)
 .rodata._Balloc.str1.1
                0x08008398       0x96 c:/program files (x86)/gcc-arm-none-eabi-10.3-2021.10-win32/gcc-arm-none-eabi-10.3-2021.10/bin/../lib/gcc/arm-none-eabi/10.3.1/../../../../arm-none-eabi/lib/thumb/v7-m/nofp\libc_nano.a(lib_a-mprec.o)
 .rodata.__multadd.str1.1
                0x0800842e       0x11 c:/program files (x86)/gcc-arm-none-eabi-10.3-2021.10-win32/gcc-arm-none-eabi-10.3-2021.10/bin/../lib/gcc/arm-none-eabi/10.3.1/../../../../arm-none-eabi/lib/thumb/v7-m/nofp\libc_nano.a(lib_a-mprec.o)
 *fill*         0x0800842e        0x2 
 .rodata.__mprec_bigtens
                0x08008430       0x28 c:/program files (x86)/gcc-arm-none-eabi-10.3-2021.10-win32/gcc-arm-none-eabi-10.3-2021.10/bin/../lib/gcc/arm-none-eabi/10.3.1/../../../../arm-none-eabi/lib/thumb/v7-m/nofp\libc_nano.a(lib_a-mprec.o)
                0x08008430                __mprec_bigtens
 .rodata.__mprec_tens
                0x08008458       0xc8 c:/program files (x86)/gcc-arm-none-eabi-10.3-2021.10-win32/gcc-arm-none-eabi-10.3-2021.10/bin/../lib/gcc/arm-none-eabi/10.3.1/../../../../arm-none-eabi/lib/thumb/v7-m/nofp\libc_nano.a(lib_a-mprec.o)
                0x08008458                __mprec_tens
 .rodata.p05.0  0x08008520        0xc c:/program files (x86)/gcc-arm-none-eabi-10.3-2021.10-win32/gcc-arm-none-eabi-10.3-2021.10/bin/../lib/gcc/arm-none-eabi/10.3.1/../../../../arm-none-eabi/lib/thumb/v7-m/nofp\libc_nano.a(lib_a-mprec.o)
 .rodata._svfprintf_r.str1.1
                0x0800852c       0x11 c:/program files (x86)/gcc-arm-none-eabi-10.3-2021.10-win32/gcc-arm-none-eabi-10.3-2021.10/bin/../lib/gcc/arm-none-eabi/10.3.1/../../../../arm-none-eabi/lib/thumb/v7-m/nofp\libc_nano.a(lib_a-nano-svfprintf.o)
 .rodata.__ssvfscanf_r.str1.1
                0x0800853d        0x4 c:/program files (x86)/gcc-arm-none-eabi-10.3-2021.10-win32/gcc-arm-none-eabi-10.3-2021.10/bin/../lib/gcc/arm-none-eabi/10.3.1/../../../../arm-none-eabi/lib/thumb/v7-m/nofp\libc_nano.a(lib_a-nano-svfscanf.o)
 .rodata._printf_i.str1.1
                0x0800853d       0x22 c:/program files (x86)/gcc-arm-none-eabi-10.3-2021.10-win32/gcc-arm-none-eabi-10.3-2021.10/bin/../lib/gcc/arm-none-eabi/10.3.1/../../../../arm-none-eabi/lib/thumb/v7-m/nofp\libc_nano.a(lib_a-nano-vfprintf_i.o)
 .rodata.str1.1
                0x0800855f        0x9 c:/program files (x86)/gcc-arm-none-eabi-10.3-2021.10-win32/gcc-arm-none-eabi-10.3-2021.10/bin/../lib/gcc/arm-none-eabi/10.3.1/../../../../arm-none-eabi/lib/thumb/v7-m/nofp\libc_nano.a(lib_a-nano-vfscanf_i.o)
 .rodata._scanf_i.str1.1
                0x08008568       0x12 c:/program files (x86)/gcc-arm-none-eabi-10.3-2021.10-win32/gcc-arm-none-eabi-10.3-2021.10/bin/../lib/gcc/arm-none-eabi/10.3.1/../../../../arm-none-eabi/lib/thumb/v7-m/nofp\libc_nano.a(lib_a-nano-vfscanf_i.o)
 .rodata.__assert_func.str1.1
                0x0800857a       0x3c c:/program files (x86)/gcc-arm-none-eabi-10.3-2021.10-win32/gcc-arm-none-eabi-10.3-2021.10/bin/../lib/gcc/arm-none-eabi/10.3.1/../../../../arm-none-eabi/lib/thumb/v7-m/nofp\libc_nano.a(lib_a-assert.o)
                                 0x3d (size before relaxing)
 .rodata._ctype_
                0x080085b6      0x101 c:/program files (x86)/gcc-arm-none-eabi-10.3-2021.10-win32/gcc-arm-none-eabi-10.3-2021.10/bin/../lib/gcc/arm-none-eabi/10.3.1/../../../../arm-none-eabi/lib/thumb/v7-m/nofp\libc_nano.a(lib_a-ctype_.o)
                0x080085b6                _ctype_
 *fill*         0x080086b7        0x1 
 .rodata.__sf_fake_stderr
                0x080086b8       0x20 c:/program files (x86)/gcc-arm-none-eabi-10.3-2021.10-win32/gcc-arm-none-eabi-10.3-2021.10/bin/../lib/gcc/arm-none-eabi/10.3.1/../../../../arm-none-eabi/lib/thumb/v7-m/nofp\libc_nano.a(lib_a-findfp.o)
                0x080086b8                __sf_fake_stderr
 .rodata.__sf_fake_stdin
                0x080086d8       0x20 c:/program files (x86)/gcc-arm-none-eabi-10.3-2021.10-win32/gcc-arm-none-eabi-10.3-2021.10/bin/../lib/gcc/arm-none-eabi/10.3.1/../../../../arm-none-eabi/lib/thumb/v7-m/nofp\libc_nano.a(lib_a-findfp.o)
                0x080086d8                __sf_fake_stdin
 .rodata.__sf_fake_stdout
                0x080086f8       0x20 c:/program files (x86)/gcc-arm-none-eabi-10.3-2021.10-win32/gcc-arm-none-eabi-10.3-2021.10/bin/../lib/gcc/arm-none-eabi/10.3.1/../../../../arm-none-eabi/lib/thumb/v7-m/nofp\libc_nano.a(lib_a-findfp.o)
                0x080086f8                __sf_fake_stdout
 .rodata._vfprintf_r.str1.1
                0x08008718       0x11 c:/program files (x86)/gcc-arm-none-eabi-10.3-2021.10-win32/gcc-arm-none-eabi-10.3-2021.10/bin/../lib/gcc/arm-none-eabi/10.3.1/../../../../arm-none-eabi/lib/thumb/v7-m/nofp\libc_nano.a(lib_a-nano-vfprintf.o)
                0x0800872c                . = ALIGN (0x4)

.rel.dyn        0x08008718        0x0
 .rel.iplt      0x08008718        0x0 c:/program files (x86)/gcc-arm-none-eabi-10.3-2021.10-win32/gcc-arm-none-eabi-10.3-2021.10/bin/../lib/gcc/arm-none-eabi/10.3.1/thumb/v7-m/nofp/crtbegin.o

.ARM.extab
 *(.ARM.extab* .gnu.linkonce.armextab.*)

.ARM            0x08008718        0x0
                0x08008718                __exidx_start = .
 *(.ARM.exidx*)
                0x08008718                __exidx_end = .

.preinit_array  0x08008718        0x0
                0x08008718                PROVIDE (__preinit_array_start = .)
 *(.preinit_array*)
                0x08008718                PROVIDE (__preinit_array_end = .)

.init_array     0x08008718        0x4
                0x08008718                PROVIDE (__init_array_start = .)
 *(SORT_BY_NAME(.init_array.*))
 *(.init_array*)
 .init_array    0x08008718        0x4 c:/program files (x86)/gcc-arm-none-eabi-10.3-2021.10-win32/gcc-arm-none-eabi-10.3-2021.10/bin/../lib/gcc/arm-none-eabi/10.3.1/thumb/v7-m/nofp/crtbegin.o
                0x0800871c                PROVIDE (__init_array_end = .)

.fini_array     0x0800871c        0x4
                [!provide]                PROVIDE (__fini_array_start = .)
 *(SORT_BY_NAME(.fini_array.*))
 *(.fini_array*)
 .fini_array    0x0800871c        0x4 c:/program files (x86)/gcc-arm-none-eabi-10.3-2021.10-win32/gcc-arm-none-eabi-10.3-2021.10/bin/../lib/gcc/arm-none-eabi/10.3.1/thumb/v7-m/nofp/crtbegin.o
                [!provide]                PROVIDE (__fini_array_end = .)
                0x08008720                _sidata = LOADADDR (.data)

.data           0x20000000      0x1e0 load address 0x08008720
                0x20000000                . = ALIGN (0x4)
                0x20000000                _sdata = .
 *(.data)
 *(.data*)
 .data.uwTickFreq
                0x20000000        0x1 build/stm32f1xx_hal.o
                0x20000000                uwTickFreq
 *fill*         0x20000001        0x3 
 .data.uwTickPrio
                0x20000004        0x4 build/stm32f1xx_hal.o
                0x20000004                uwTickPrio
 .data.SystemCoreClock
                0x20000008        0x4 build/system_stm32f1xx.o
                0x20000008                SystemCoreClock
 .data._impure_ptr
                0x2000000c        0x4 c:/program files (x86)/gcc-arm-none-eabi-10.3-2021.10-win32/gcc-arm-none-eabi-10.3-2021.10/bin/../lib/gcc/arm-none-eabi/10.3.1/../../../../arm-none-eabi/lib/thumb/v7-m/nofp\libc_nano.a(lib_a-impure.o)
                0x2000000c                _impure_ptr
 .data.impure_data
                0x20000010       0x60 c:/program files (x86)/gcc-arm-none-eabi-10.3-2021.10-win32/gcc-arm-none-eabi-10.3-2021.10/bin/../lib/gcc/arm-none-eabi/10.3.1/../../../../arm-none-eabi/lib/thumb/v7-m/nofp\libc_nano.a(lib_a-impure.o)
 .data.numempty
                0x20000070        0x2 c:/program files (x86)/gcc-arm-none-eabi-10.3-2021.10-win32/gcc-arm-none-eabi-10.3-2021.10/bin/../lib/gcc/arm-none-eabi/10.3.1/../../../../arm-none-eabi/lib/thumb/v7-m/nofp\libc_nano.a(lib_a-lnumeric.o)
 *fill*         0x20000072        0x2 
 .data.__global_locale
                0x20000074      0x16c c:/program files (x86)/gcc-arm-none-eabi-10.3-2021.10-win32/gcc-arm-none-eabi-10.3-2021.10/bin/../lib/gcc/arm-none-eabi/10.3.1/../../../../arm-none-eabi/lib/thumb/v7-m/nofp\libc_nano.a(lib_a-locale.o)
                0x20000074                __global_locale
                0x200001e0                . = ALIGN (0x4)
                0x200001e0                _edata = .

.igot.plt       0x200001e0        0x0 load address 0x08008900
 .igot.plt      0x200001e0        0x0 c:/program files (x86)/gcc-arm-none-eabi-10.3-2021.10-win32/gcc-arm-none-eabi-10.3-2021.10/bin/../lib/gcc/arm-none-eabi/10.3.1/thumb/v7-m/nofp/crtbegin.o
                0x200001e0                . = ALIGN (0x4)

.bss            0x200001e0      0x54c load address 0x08008900
                0x200001e0                _sbss = .
                0x200001e0                __bss_start__ = _sbss
 *(.bss)
 .bss           0x200001e0       0x1c c:/program files (x86)/gcc-arm-none-eabi-10.3-2021.10-win32/gcc-arm-none-eabi-10.3-2021.10/bin/../lib/gcc/arm-none-eabi/10.3.1/thumb/v7-m/nofp/crtbegin.o
 *(.bss*)
 .bss.ADC_value
                0x200001fc        0x2 build/main.o
                0x200001fc                ADC_value
 *fill*         0x200001fe        0x2 
 .bss.GPSResponse
                0x20000200        0x4 build/main.o
                0x20000200                GPSResponse
 .bss.SOSFlag   0x20000204        0x1 build/main.o
                0x20000204                SOSFlag
 *fill*         0x20000205        0x3 
 .bss.latData   0x20000208        0xf build/main.o
                0x20000208                latData
 *fill*         0x20000217        0x1 
 .bss.longData  0x20000218        0xf build/main.o
                0x20000218                longData
 *fill*         0x20000227        0x1 
 .bss.simMessage
                0x20000228      0x1f4 build/main.o
                0x20000228                simMessage
 .bss.simRxBuf  0x2000041c       0x64 build/sim800c.o
                0x2000041c                simRxBuf
 .bss.simRxCplt
                0x20000480        0x1 build/sim800c.o
                0x20000480                simRxCplt
 .bss.simRxData
                0x20000481        0x1 build/sim800c.o
                0x20000481                simRxData
 *fill*         0x20000482        0x2 
 .bss.simRxIndex
                0x20000484        0x4 build/sim800c.o
                0x20000484                simRxIndex
 .bss.simRxResponse
                0x20000488       0x64 build/sim800c.o
                0x20000488                simRxResponse
 .bss.k         0x200004ec        0x4 build/l70.o
                0x200004ec                k
 .bss.l70Data   0x200004f0        0x1 build/l70.o
                0x200004f0                l70Data
 *fill*         0x200004f1        0x3 
 .bss.l70GPGGA  0x200004f4       0x29 build/l70.o
                0x200004f4                l70GPGGA
 *fill*         0x2000051d        0x3 
 .bss.l70RxData
                0x20000520       0x64 build/l70.o
                0x20000520                l70RxData
 .bss.l70RxState
                0x20000584        0x1 build/l70.o
                0x20000584                l70RxState
 *fill*         0x20000585        0x3 
 .bss.uwTick    0x20000588        0x4 build/stm32f1xx_hal.o
                0x20000588                uwTick
 .bss.hadc1     0x2000058c       0x30 build/adc.o
                0x2000058c                hadc1
 .bss.htim1     0x200005bc       0x48 build/tim.o
                0x200005bc                htim1
 .bss.htim2     0x20000604       0x48 build/tim.o
                0x20000604                htim2
 .bss.huart1    0x2000064c       0x44 build/usart.o
                0x2000064c                huart1
 .bss.huart2    0x20000690       0x44 build/usart.o
                0x20000690                huart2
 .bss.huart3    0x200006d4       0x44 build/usart.o
                0x200006d4                huart3
 .bss.__malloc_free_list
                0x20000718        0x4 c:/program files (x86)/gcc-arm-none-eabi-10.3-2021.10-win32/gcc-arm-none-eabi-10.3-2021.10/bin/../lib/gcc/arm-none-eabi/10.3.1/../../../../arm-none-eabi/lib/thumb/v7-m/nofp\libc_nano.a(lib_a-nano-mallocr.o)
                0x20000718                __malloc_free_list
 .bss.__malloc_sbrk_start
                0x2000071c        0x4 c:/program files (x86)/gcc-arm-none-eabi-10.3-2021.10-win32/gcc-arm-none-eabi-10.3-2021.10/bin/../lib/gcc/arm-none-eabi/10.3.1/../../../../arm-none-eabi/lib/thumb/v7-m/nofp\libc_nano.a(lib_a-nano-mallocr.o)
                0x2000071c                __malloc_sbrk_start
 .bss.errno     0x20000720        0x4 c:/program files (x86)/gcc-arm-none-eabi-10.3-2021.10-win32/gcc-arm-none-eabi-10.3-2021.10/bin/../lib/gcc/arm-none-eabi/10.3.1/../../../../arm-none-eabi/lib/thumb/v7-m/nofp\libc_nano.a(lib_a-reent.o)
                0x20000720                errno
 .bss.__lock___malloc_recursive_mutex
                0x20000724        0x1 c:/program files (x86)/gcc-arm-none-eabi-10.3-2021.10-win32/gcc-arm-none-eabi-10.3-2021.10/bin/../lib/gcc/arm-none-eabi/10.3.1/../../../../arm-none-eabi/lib/thumb/v7-m/nofp\libc_nano.a(lib_a-lock.o)
                0x20000724                __lock___malloc_recursive_mutex
 .bss.__lock___sfp_recursive_mutex
                0x20000725        0x1 c:/program files (x86)/gcc-arm-none-eabi-10.3-2021.10-win32/gcc-arm-none-eabi-10.3-2021.10/bin/../lib/gcc/arm-none-eabi/10.3.1/../../../../arm-none-eabi/lib/thumb/v7-m/nofp\libc_nano.a(lib_a-lock.o)
                0x20000725                __lock___sfp_recursive_mutex
 .bss.__lock___sinit_recursive_mutex
                0x20000726        0x1 c:/program files (x86)/gcc-arm-none-eabi-10.3-2021.10-win32/gcc-arm-none-eabi-10.3-2021.10/bin/../lib/gcc/arm-none-eabi/10.3.1/../../../../arm-none-eabi/lib/thumb/v7-m/nofp\libc_nano.a(lib_a-lock.o)
                0x20000726                __lock___sinit_recursive_mutex
 *fill*         0x20000727        0x1 
 .bss.heap_end.0
                0x20000728        0x4 c:/program files (x86)/gcc-arm-none-eabi-10.3-2021.10-win32/gcc-arm-none-eabi-10.3-2021.10/bin/../lib/gcc/arm-none-eabi/10.3.1/../../../../arm-none-eabi/lib/thumb/v7-m/nofp\libnosys.a(sbrk.o)
 *(COMMON)
                0x2000072c                . = ALIGN (0x4)
                0x2000072c                _ebss = .
                0x2000072c                __bss_end__ = _ebss

._user_heap_stack
                0x2000072c      0x604 load address 0x08008900
                0x20000730                . = ALIGN (0x8)
 *fill*         0x2000072c        0x4 
                0x20000730                PROVIDE (end = .)
                [!provide]                PROVIDE (_end = .)
                0x20000930                . = (. + _Min_Heap_Size)
 *fill*         0x20000730      0x200 
                0x20000d30                . = (. + _Min_Stack_Size)
 *fill*         0x20000930      0x400 
                0x20000d30                . = ALIGN (0x8)

/DISCARD/
 libc.a(*)
 libm.a(*)
 libgcc.a(*)

.ARM.attributes
                0x00000000       0x29
 *(.ARM.attributes)
 .ARM.attributes
                0x00000000       0x1d c:/program files (x86)/gcc-arm-none-eabi-10.3-2021.10-win32/gcc-arm-none-eabi-10.3-2021.10/bin/../lib/gcc/arm-none-eabi/10.3.1/thumb/v7-m/nofp/crti.o
 .ARM.attributes
                0x0000001d       0x2d c:/program files (x86)/gcc-arm-none-eabi-10.3-2021.10-win32/gcc-arm-none-eabi-10.3-2021.10/bin/../lib/gcc/arm-none-eabi/10.3.1/thumb/v7-m/nofp/crtbegin.o
 .ARM.attributes
                0x0000004a       0x2d build/main.o
 .ARM.attributes
                0x00000077       0x2d build/sim800c.o
 .ARM.attributes
                0x000000a4       0x2d build/l70.o
 .ARM.attributes
                0x000000d1       0x2d build/stm32f1xx_it.o
 .ARM.attributes
                0x000000fe       0x2d build/stm32f1xx_hal_msp.o
 .ARM.attributes
                0x0000012b       0x2d build/stm32f1xx_hal_adc.o
 .ARM.attributes
                0x00000158       0x2d build/stm32f1xx_hal_adc_ex.o
 .ARM.attributes
                0x00000185       0x2d build/stm32f1xx_hal.o
 .ARM.attributes
                0x000001b2       0x2d build/stm32f1xx_hal_rcc.o
 .ARM.attributes
                0x000001df       0x2d build/stm32f1xx_hal_rcc_ex.o
 .ARM.attributes
                0x0000020c       0x2d build/stm32f1xx_hal_gpio.o
 .ARM.attributes
                0x00000239       0x2d build/stm32f1xx_hal_dma.o
 .ARM.attributes
                0x00000266       0x2d build/stm32f1xx_hal_cortex.o
 .ARM.attributes
                0x00000293       0x2d build/stm32f1xx_hal_tim.o
 .ARM.attributes
                0x000002c0       0x2d build/stm32f1xx_hal_tim_ex.o
 .ARM.attributes
                0x000002ed       0x2d build/stm32f1xx_hal_uart.o
 .ARM.attributes
                0x0000031a       0x2d build/system_stm32f1xx.o
 .ARM.attributes
                0x00000347       0x2d build/gpio.o
 .ARM.attributes
                0x00000374       0x2d build/adc.o
 .ARM.attributes
                0x000003a1       0x2d build/tim.o
 .ARM.attributes
                0x000003ce       0x2d build/usart.o
 .ARM.attributes
                0x000003fb       0x21 build/startup_stm32f103xb.o
 .ARM.attributes
                0x0000041c       0x2d c:/program files (x86)/gcc-arm-none-eabi-10.3-2021.10-win32/gcc-arm-none-eabi-10.3-2021.10/bin/../lib/gcc/arm-none-eabi/10.3.1/../../../../arm-none-eabi/lib/thumb/v7-m/nofp\libc_nano.a(lib_a-atof.o)
 .ARM.attributes
                0x00000449       0x2d c:/program files (x86)/gcc-arm-none-eabi-10.3-2021.10-win32/gcc-arm-none-eabi-10.3-2021.10/bin/../lib/gcc/arm-none-eabi/10.3.1/../../../../arm-none-eabi/lib/thumb/v7-m/nofp\libc_nano.a(lib_a-impure.o)
 .ARM.attributes
                0x00000476       0x2d c:/program files (x86)/gcc-arm-none-eabi-10.3-2021.10-win32/gcc-arm-none-eabi-10.3-2021.10/bin/../lib/gcc/arm-none-eabi/10.3.1/../../../../arm-none-eabi/lib/thumb/v7-m/nofp\libc_nano.a(lib_a-init.o)
 .ARM.attributes
                0x000004a3       0x2d c:/program files (x86)/gcc-arm-none-eabi-10.3-2021.10-win32/gcc-arm-none-eabi-10.3-2021.10/bin/../lib/gcc/arm-none-eabi/10.3.1/../../../../arm-none-eabi/lib/thumb/v7-m/nofp\libc_nano.a(lib_a-memcpy-stub.o)
 .ARM.attributes
                0x000004d0       0x2d c:/program files (x86)/gcc-arm-none-eabi-10.3-2021.10-win32/gcc-arm-none-eabi-10.3-2021.10/bin/../lib/gcc/arm-none-eabi/10.3.1/../../../../arm-none-eabi/lib/thumb/v7-m/nofp\libc_nano.a(lib_a-memset.o)
 .ARM.attributes
                0x000004fd       0x2d c:/program files (x86)/gcc-arm-none-eabi-10.3-2021.10-win32/gcc-arm-none-eabi-10.3-2021.10/bin/../lib/gcc/arm-none-eabi/10.3.1/../../../../arm-none-eabi/lib/thumb/v7-m/nofp\libc_nano.a(lib_a-sprintf.o)
 .ARM.attributes
                0x0000052a       0x2d c:/program files (x86)/gcc-arm-none-eabi-10.3-2021.10-win32/gcc-arm-none-eabi-10.3-2021.10/bin/../lib/gcc/arm-none-eabi/10.3.1/../../../../arm-none-eabi/lib/thumb/v7-m/nofp\libc_nano.a(lib_a-sscanf.o)
 .ARM.attributes
                0x00000557       0x2d c:/program files (x86)/gcc-arm-none-eabi-10.3-2021.10-win32/gcc-arm-none-eabi-10.3-2021.10/bin/../lib/gcc/arm-none-eabi/10.3.1/../../../../arm-none-eabi/lib/thumb/v7-m/nofp\libc_nano.a(lib_a-stdio.o)
 .ARM.attributes
                0x00000584       0x2d c:/program files (x86)/gcc-arm-none-eabi-10.3-2021.10-win32/gcc-arm-none-eabi-10.3-2021.10/bin/../lib/gcc/arm-none-eabi/10.3.1/../../../../arm-none-eabi/lib/thumb/v7-m/nofp\libc_nano.a(lib_a-strchr.o)
 .ARM.attributes
                0x000005b1       0x17 c:/program files (x86)/gcc-arm-none-eabi-10.3-2021.10-win32/gcc-arm-none-eabi-10.3-2021.10/bin/../lib/gcc/arm-none-eabi/10.3.1/../../../../arm-none-eabi/lib/thumb/v7-m/nofp\libc_nano.a(lib_a-strlen.o)
 .ARM.attributes
                0x000005c8       0x2d c:/program files (x86)/gcc-arm-none-eabi-10.3-2021.10-win32/gcc-arm-none-eabi-10.3-2021.10/bin/../lib/gcc/arm-none-eabi/10.3.1/../../../../arm-none-eabi/lib/thumb/v7-m/nofp\libc_nano.a(lib_a-strstr.o)
 .ARM.attributes
                0x000005f5       0x2d c:/program files (x86)/gcc-arm-none-eabi-10.3-2021.10-win32/gcc-arm-none-eabi-10.3-2021.10/bin/../lib/gcc/arm-none-eabi/10.3.1/../../../../arm-none-eabi/lib/thumb/v7-m/nofp\libc_nano.a(lib_a-strtod.o)
 .ARM.attributes
                0x00000622       0x2d c:/program files (x86)/gcc-arm-none-eabi-10.3-2021.10-win32/gcc-arm-none-eabi-10.3-2021.10/bin/../lib/gcc/arm-none-eabi/10.3.1/../../../../arm-none-eabi/lib/thumb/v7-m/nofp\libc_nano.a(lib_a-writer.o)
 .ARM.attributes
                0x0000064f       0x2d c:/program files (x86)/gcc-arm-none-eabi-10.3-2021.10-win32/gcc-arm-none-eabi-10.3-2021.10/bin/../lib/gcc/arm-none-eabi/10.3.1/../../../../arm-none-eabi/lib/thumb/v7-m/nofp\libc_nano.a(lib_a-closer.o)
 .ARM.attributes
                0x0000067c       0x2d c:/program files (x86)/gcc-arm-none-eabi-10.3-2021.10-win32/gcc-arm-none-eabi-10.3-2021.10/bin/../lib/gcc/arm-none-eabi/10.3.1/../../../../arm-none-eabi/lib/thumb/v7-m/nofp\libc_nano.a(lib_a-gdtoa-gethex.o)
 .ARM.attributes
                0x000006a9       0x2d c:/program files (x86)/gcc-arm-none-eabi-10.3-2021.10-win32/gcc-arm-none-eabi-10.3-2021.10/bin/../lib/gcc/arm-none-eabi/10.3.1/../../../../arm-none-eabi/lib/thumb/v7-m/nofp\libc_nano.a(lib_a-gdtoa-hexnan.o)
 .ARM.attributes
                0x000006d6       0x2d c:/program files (x86)/gcc-arm-none-eabi-10.3-2021.10-win32/gcc-arm-none-eabi-10.3-2021.10/bin/../lib/gcc/arm-none-eabi/10.3.1/../../../../arm-none-eabi/lib/thumb/v7-m/nofp\libc_nano.a(lib_a-lnumeric.o)
 .ARM.attributes
                0x00000703       0x2d c:/program files (x86)/gcc-arm-none-eabi-10.3-2021.10-win32/gcc-arm-none-eabi-10.3-2021.10/bin/../lib/gcc/arm-none-eabi/10.3.1/../../../../arm-none-eabi/lib/thumb/v7-m/nofp\libc_nano.a(lib_a-locale.o)
 .ARM.attributes
                0x00000730       0x2d c:/program files (x86)/gcc-arm-none-eabi-10.3-2021.10-win32/gcc-arm-none-eabi-10.3-2021.10/bin/../lib/gcc/arm-none-eabi/10.3.1/../../../../arm-none-eabi/lib/thumb/v7-m/nofp\libc_nano.a(lib_a-lseekr.o)
 .ARM.attributes
                0x0000075d       0x2d c:/program files (x86)/gcc-arm-none-eabi-10.3-2021.10-win32/gcc-arm-none-eabi-10.3-2021.10/bin/../lib/gcc/arm-none-eabi/10.3.1/../../../../arm-none-eabi/lib/thumb/v7-m/nofp\libc_nano.a(lib_a-mbtowc_r.o)
 .ARM.attributes
                0x0000078a       0x2d c:/program files (x86)/gcc-arm-none-eabi-10.3-2021.10-win32/gcc-arm-none-eabi-10.3-2021.10/bin/../lib/gcc/arm-none-eabi/10.3.1/../../../../arm-none-eabi/lib/thumb/v7-m/nofp\libc_nano.a(lib_a-mprec.o)
 .ARM.attributes
                0x000007b7       0x2d c:/program files (x86)/gcc-arm-none-eabi-10.3-2021.10-win32/gcc-arm-none-eabi-10.3-2021.10/bin/../lib/gcc/arm-none-eabi/10.3.1/../../../../arm-none-eabi/lib/thumb/v7-m/nofp\libc_nano.a(lib_a-nano-callocr.o)
 .ARM.attributes
                0x000007e4       0x2d c:/program files (x86)/gcc-arm-none-eabi-10.3-2021.10-win32/gcc-arm-none-eabi-10.3-2021.10/bin/../lib/gcc/arm-none-eabi/10.3.1/../../../../arm-none-eabi/lib/thumb/v7-m/nofp\libc_nano.a(lib_a-nano-mallocr.o)
 .ARM.attributes